[model_vs_dp] 2026-07-22T22:24:16.537018  genes=3  seed=0  variant=ce  model=mlp
output -> /net/projects/ranalab/rajhansini/replication_16features/fixing_gnn_q/results/3gene/ce/mlp/seed0
loaded /net/projects/ranalab/rajhansini/replication_16features/fixing_gnn_q/results/mlp_q_ce/seed_runs/seed0/mlp_q_ce.pt  params=1249

================================================================================
ThreeGeneration_LowHigh_Base_3gene
================================================================================
  step state                                             MLP             DP (ground truth)   match
  0    root                                              TEST Child      TEST Grandfather    NO
  1    {Child:(0, 0, 0)}                                 TEST Mother     TEST Grandfather    NO
  2    {Child:(0, 0, 0), Mother:(0, 0, 0)}               TEST GrandfatherTEST Grandfather    YES
  3    {Child:(0, 0, 0), Grandfather:(0, 0, 0), Mother:(0, 0, 0)}TEST Father     TEST Grandmother    NO
  4    {Child:(0, 0, 0), Father:(0, 0, 0), Grandfather:(0, 0, 0), Mother:(0, 0, 0)}TEST GrandmotherTEST Grandmother    YES
  5    {Child:(0, 0, 0), Father:(0, 0, 0), Grandfather:(0, 0, 0), Grandmother:(0, 0, 0), Mother:(0, 0, 0)}STOP            STOP                YES
  agreement with DP (ground truth): 3/6 = 0.500

================================================================================
ThreeGeneration_LowHigh_Aggressive_3gene
================================================================================
  step state                                             MLP             DP (ground truth)   match
  0    root                                              TEST Child      TEST Grandfather    NO
  1    {Child:(0, 0, 0)}                                 TEST Mother     TEST Grandfather    NO
  2    {Child:(0, 0, 0), Mother:(0, 0, 0)}               TEST GrandfatherTEST Grandfather    YES
  3    {Child:(0, 0, 0), Grandfather:(0, 0, 0), Mother:(0, 0, 0)}TEST Father     TEST Grandmother    NO
  4    {Child:(0, 0, 0), Father:(0, 0, 0), Grandfather:(0, 0, 0), Mother:(0, 0, 0)}TEST GrandmotherTEST Grandmother    YES
  5    {Child:(0, 0, 0), Father:(0, 0, 0), Grandfather:(0, 0, 0), Grandmother:(0, 0, 0), Mother:(0, 0, 0)}STOP            STOP                YES
  agreement with DP (ground truth): 3/6 = 0.500

================================================================================
ThreeGeneration_MediumEven_Base_3gene
================================================================================
  step state                                             MLP             DP (ground truth)   match
  0    root                                              TEST Child      TEST Grandfather    NO
  1    {Child:(0, 0, 0)}                                 TEST Mother     TEST Grandfather    NO
  2    {Child:(0, 0, 0), Mother:(0, 0, 0)}               TEST GrandfatherTEST Grandfather    YES
  3    {Child:(0, 0, 0), Grandfather:(0, 0, 0), Mother:(0, 0, 0)}TEST Father     TEST Grandmother    NO
  4    {Child:(0, 0, 0), Father:(0, 0, 0), Grandfather:(0, 0, 0), Mother:(0, 0, 0)}TEST GrandmotherTEST Grandmother    YES
  5    {Child:(0, 0, 0), Father:(0, 0, 0), Grandfather:(0, 0, 0), Grandmother:(0, 0, 0), Mother:(0, 0, 0)}STOP            STOP                YES
  agreement with DP (ground truth): 3/6 = 0.500

================================================================================
ThreeGeneration_MediumEven_Aggressive_3gene
================================================================================
  step state                                             MLP             DP (ground truth)   match
  0    root                                              TEST Child      TEST Grandfather    NO
  1    {Child:(0, 0, 0)}                                 TEST Mother     TEST Grandfather    NO
  2    {Child:(0, 0, 0), Mother:(0, 0, 0)}               TEST GrandfatherTEST Grandfather    YES
  3    {Child:(0, 0, 0), Grandfather:(0, 0, 0), Mother:(0, 0, 0)}TEST Father     TEST Grandmother    NO
  4    {Child:(0, 0, 0), Father:(0, 0, 0), Grandfather:(0, 0, 0), Mother:(0, 0, 0)}TEST GrandmotherTEST Grandmother    YES
  5    {Child:(0, 0, 0), Father:(0, 0, 0), Grandfather:(0, 0, 0), Grandmother:(0, 0, 0), Mother:(0, 0, 0)}STOP            STOP                YES
  agreement with DP (ground truth): 3/6 = 0.500

================================================================================
ThreeGeneration_LowLow_Base_3gene
================================================================================
  step state                                             MLP             DP (ground truth)   match
  0    root                                              TEST Child      TEST Father         NO
  1    {Child:(0, 0, 0)}                                 TEST Mother     TEST Father         NO
  2    {Child:(0, 0, 0), Mother:(0, 0, 0)}               TEST GrandfatherTEST Father         NO
  3    {Child:(0, 0, 0), Grandfather:(0, 0, 0), Mother:(0, 0, 0)}STOP            STOP                YES
  agreement with DP (ground truth): 1/4 = 0.250

================================================================================
ThreeGeneration_LowLow_Aggressive_3gene
================================================================================
  step state                                             MLP             DP (ground truth)   match
  0    root                                              TEST Child      TEST Grandfather    NO
  1    {Child:(0, 0, 0)}                                 TEST Mother     TEST Grandfather    NO
  2    {Child:(0, 0, 0), Mother:(0, 0, 0)}               TEST GrandfatherTEST Grandfather    YES
  3    {Child:(0, 0, 0), Grandfather:(0, 0, 0), Mother:(0, 0, 0)}STOP            TEST Grandmother    NO
  agreement with DP (ground truth): 1/4 = 0.250

================================================================================
ThreeGeneration_HighHigh_Base_3gene
================================================================================
  step state                                             MLP             DP (ground truth)   match
  0    root                                              TEST Child      TEST Grandfather    NO
  1    {Child:(0, 0, 0)}                                 TEST GrandfatherTEST Mother         NO
  2    {Child:(0, 0, 0), Grandfather:(0, 0, 0)}          TEST GrandmotherTEST Mother         NO
  3    {Child:(0, 0, 0), Grandfather:(0, 0, 0), Grandmother:(0, 0, 0)}TEST Mother     TEST Mother         YES
  4    {Child:(0, 0, 0), Grandfather:(0, 0, 0), Grandmother:(0, 0, 0), Mother:(0, 0, 0)}STOP            STOP                YES
  agreement with DP (ground truth): 2/5 = 0.400

================================================================================
ThreeGeneration_HighHigh_Aggressive_3gene
================================================================================
  step state                                             MLP             DP (ground truth)   match
  0    root                                              TEST Child      TEST Grandfather    NO
  1    {Child:(0, 0, 0)}                                 TEST GrandfatherTEST Grandfather    YES
  2    {Child:(0, 0, 0), Grandfather:(0, 0, 0)}          TEST GrandmotherTEST Mother         NO
  3    {Child:(0, 0, 0), Grandfather:(0, 0, 0), Grandmother:(0, 0, 0)}TEST Mother     TEST Mother         YES
  4    {Child:(0, 0, 0), Grandfather:(0, 0, 0), Grandmother:(0, 0, 0), Mother:(0, 0, 0)}STOP            STOP                YES
  agreement with DP (ground truth): 3/5 = 0.600

================================================================================
ThreeGeneration_MixedA_Base_3gene
================================================================================
  step state                                             MLP             DP (ground truth)   match
  0    root                                              TEST Child      TEST Grandfather    NO
  1    {Child:(0, 0, 0)}                                 TEST Mother     TEST Grandfather    NO
  2    {Child:(0, 0, 0), Mother:(0, 0, 0)}               TEST GrandfatherTEST Grandfather    YES
  3    {Child:(0, 0, 0), Grandfather:(0, 0, 0), Mother:(0, 0, 0)}TEST Father     TEST Grandmother    NO
  4    {Child:(0, 0, 0), Father:(0, 0, 0), Grandfather:(0, 0, 0), Mother:(0, 0, 0)}TEST GrandmotherTEST Grandmother    YES
  5    {Child:(0, 0, 0), Father:(0, 0, 0), Grandfather:(0, 0, 0), Grandmother:(0, 0, 0), Mother:(0, 0, 0)}STOP            STOP                YES
  agreement with DP (ground truth): 3/6 = 0.500

================================================================================
ThreeGeneration_MixedA_Aggressive_3gene
================================================================================
  step state                                             MLP             DP (ground truth)   match
  0    root                                              TEST Child      TEST Grandfather    NO
  1    {Child:(0, 0, 0)}                                 TEST Mother     TEST Grandfather    NO
  2    {Child:(0, 0, 0), Mother:(0, 0, 0)}               TEST GrandfatherTEST Grandfather    YES
  3    {Child:(0, 0, 0), Grandfather:(0, 0, 0), Mother:(0, 0, 0)}TEST Father     TEST Grandmother    NO
  4    {Child:(0, 0, 0), Father:(0, 0, 0), Grandfather:(0, 0, 0), Mother:(0, 0, 0)}TEST GrandmotherTEST Grandmother    YES
  5    {Child:(0, 0, 0), Father:(0, 0, 0), Grandfather:(0, 0, 0), Grandmother:(0, 0, 0), Mother:(0, 0, 0)}STOP            STOP                YES
  agreement with DP (ground truth): 3/6 = 0.500

================================================================================
ThreeGeneration_MixedB_Base_3gene
================================================================================
  step state                                             MLP             DP (ground truth)   match
  0    root                                              TEST GrandfatherTEST Grandfather    YES
  1    {Grandfather:(0, 0, 0)}                           TEST Child      TEST Grandmother    NO
  2    {Child:(0, 0, 0), Grandfather:(0, 0, 0)}          TEST GrandmotherTEST Mother         NO
  3    {Child:(0, 0, 0), Grandfather:(0, 0, 0), Grandmother:(0, 0, 0)}STOP            TEST Mother         NO
  agreement with DP (ground truth): 1/4 = 0.250

================================================================================
ThreeGeneration_MixedB_Aggressive_3gene
================================================================================
  step state                                             MLP             DP (ground truth)   match
  0    root                                              TEST GrandfatherTEST Grandfather    YES
  1    {Grandfather:(0, 0, 0)}                           TEST Child      TEST Grandmother    NO
  2    {Child:(0, 0, 0), Grandfather:(0, 0, 0)}          TEST GrandmotherTEST Mother         NO
  3    {Child:(0, 0, 0), Grandfather:(0, 0, 0), Grandmother:(0, 0, 0)}STOP            TEST Mother         NO
  agreement with DP (ground truth): 1/4 = 0.250

================================================================================
OVERALL
  agreement with DP (ground truth): 27/62 = 0.435
  root-state agreement:             2/12 = 0.167
saved -> /net/projects/ranalab/rajhansini/replication_16features/fixing_gnn_q/results/3gene/ce/mlp/seed0/model_vs_dp.json
saved -> /net/projects/ranalab/rajhansini/replication_16features/fixing_gnn_q/results/3gene/ce/mlp/seed0/model_vs_dp.log
