[action_compare_threeway] 2026-07-21T12:15:55.042339  genes=2  seed=0
output -> /net/projects/ranalab/rajhansini/replication_16features/things_to_improve_Q_star_experiments/action_compare/results/2gene/seed0
loaded /net/projects/ranalab/rajhansini/replication_16features/experiments_after_understanding/q_learning/results_2gene/seed_runs/seed0/gnn_q_2gene.pt  params=7393
loaded /net/projects/ranalab/rajhansini/replication_16features/experiments_after_understanding/q_learning/results_2gene/seed_runs/seed0/mlp_q_2gene.pt  params=961

================================================================================
ThreeGeneration_LowHigh_Base_2gene
================================================================================

  --- trajectory: follow GNN (most-likely outcomes) ---
  step state                                             GNN             MLP             MYOPIC          agree
  0    root                                              TEST Child      TEST Child      TEST Father     partial
  1    {Child:(0, 0)}                                    TEST Father     TEST Father     TEST Father     ALL
  2    {Child:(0, 0), Father:(0, 0)}                     TEST GrandfatherTEST GrandfatherSTOP            partial
  3    {Child:(0, 0), Father:(0, 0), Grandfather:(0, 0)} TEST GrandmotherTEST GrandmotherSTOP            partial
  4    {Child:(0, 0), Father:(0, 0), Grandfather:(0, 0), Grandmother:(0, 0)}TEST Mother     TEST Mother     STOP            partial
  5    {Child:(0, 0), Father:(0, 0), Grandfather:(0, 0), Grandmother:(0, 0), Mother:(0, 0)}STOP            STOP            STOP            ALL
  agreement on this trajectory: all3=2/6=0.333  gnn~mlp=1.000  gnn~myo=0.333  mlp~myo=0.333

  --- trajectory: follow MLP (most-likely outcomes) ---
  step state                                             GNN             MLP             MYOPIC          agree
  0    root                                              TEST Child      TEST Child      TEST Father     partial
  1    {Child:(0, 0)}                                    TEST Father     TEST Father     TEST Father     ALL
  2    {Child:(0, 0), Father:(0, 0)}                     TEST GrandfatherTEST GrandfatherSTOP            partial
  3    {Child:(0, 0), Father:(0, 0), Grandfather:(0, 0)} TEST GrandmotherTEST GrandmotherSTOP            partial
  4    {Child:(0, 0), Father:(0, 0), Grandfather:(0, 0), Grandmother:(0, 0)}TEST Mother     TEST Mother     STOP            partial
  5    {Child:(0, 0), Father:(0, 0), Grandfather:(0, 0), Grandmother:(0, 0), Mother:(0, 0)}STOP            STOP            STOP            ALL
  agreement on this trajectory: all3=2/6=0.333  gnn~mlp=1.000  gnn~myo=0.333  mlp~myo=0.333

  --- trajectory: follow MYOPIC (most-likely outcomes) ---
  step state                                             GNN             MLP             MYOPIC          agree
  0    root                                              TEST Child      TEST Child      TEST Father     partial
  1    {Father:(0, 0)}                                   TEST Child      TEST Child      TEST Child      ALL
  2    {Child:(0, 0), Father:(0, 0)}                     TEST GrandfatherTEST GrandfatherSTOP            partial
  agreement on this trajectory: all3=1/3=0.333  gnn~mlp=1.000  gnn~myo=0.333  mlp~myo=0.333

================================================================================
ThreeGeneration_LowHigh_Aggressive_2gene
================================================================================

  --- trajectory: follow GNN (most-likely outcomes) ---
  step state                                             GNN             MLP             MYOPIC          agree
  0    root                                              TEST Child      TEST Child      TEST Father     partial
  1    {Child:(0, 0)}                                    TEST Father     TEST Father     TEST Father     ALL
  2    {Child:(0, 0), Father:(0, 0)}                     TEST GrandfatherTEST GrandfatherTEST Mother     partial
  3    {Child:(0, 0), Father:(0, 0), Grandfather:(0, 0)} TEST GrandmotherTEST GrandmotherTEST GrandmotherALL
  4    {Child:(0, 0), Father:(0, 0), Grandfather:(0, 0), Grandmother:(0, 0)}TEST Mother     TEST Mother     TEST Mother     ALL
  5    {Child:(0, 0), Father:(0, 0), Grandfather:(0, 0), Grandmother:(0, 0), Mother:(0, 0)}STOP            STOP            STOP            ALL
  agreement on this trajectory: all3=4/6=0.667  gnn~mlp=1.000  gnn~myo=0.667  mlp~myo=0.667

  --- trajectory: follow MLP (most-likely outcomes) ---
  step state                                             GNN             MLP             MYOPIC          agree
  0    root                                              TEST Child      TEST Child      TEST Father     partial
  1    {Child:(0, 0)}                                    TEST Father     TEST Father     TEST Father     ALL
  2    {Child:(0, 0), Father:(0, 0)}                     TEST GrandfatherTEST GrandfatherTEST Mother     partial
  3    {Child:(0, 0), Father:(0, 0), Grandfather:(0, 0)} TEST GrandmotherTEST GrandmotherTEST GrandmotherALL
  4    {Child:(0, 0), Father:(0, 0), Grandfather:(0, 0), Grandmother:(0, 0)}TEST Mother     TEST Mother     TEST Mother     ALL
  5    {Child:(0, 0), Father:(0, 0), Grandfather:(0, 0), Grandmother:(0, 0), Mother:(0, 0)}STOP            STOP            STOP            ALL
  agreement on this trajectory: all3=4/6=0.667  gnn~mlp=1.000  gnn~myo=0.667  mlp~myo=0.667

  --- trajectory: follow MYOPIC (most-likely outcomes) ---
  step state                                             GNN             MLP             MYOPIC          agree
  0    root                                              TEST Child      TEST Child      TEST Father     partial
  1    {Father:(0, 0)}                                   TEST Child      TEST Child      TEST Child      ALL
  2    {Child:(0, 0), Father:(0, 0)}                     TEST GrandfatherTEST GrandfatherTEST Mother     partial
  3    {Child:(0, 0), Father:(0, 0), Mother:(0, 0)}      TEST GrandfatherTEST GrandfatherTEST GrandfatherALL
  4    {Child:(0, 0), Father:(0, 0), Grandfather:(0, 0), Mother:(0, 0)}TEST GrandmotherTEST GrandmotherTEST GrandmotherALL
  5    {Child:(0, 0), Father:(0, 0), Grandfather:(0, 0), Grandmother:(0, 0), Mother:(0, 0)}STOP            STOP            STOP            ALL
  agreement on this trajectory: all3=4/6=0.667  gnn~mlp=1.000  gnn~myo=0.667  mlp~myo=0.667

================================================================================
ThreeGeneration_MediumEven_Base_2gene
================================================================================

  --- trajectory: follow GNN (most-likely outcomes) ---
  step state                                             GNN             MLP             MYOPIC          agree
  0    root                                              TEST Child      TEST Child      TEST Father     partial
  1    {Child:(0, 0)}                                    TEST Father     TEST Father     TEST Father     ALL
  2    {Child:(0, 0), Father:(0, 0)}                     TEST GrandfatherTEST GrandfatherSTOP            partial
  3    {Child:(0, 0), Father:(0, 0), Grandfather:(0, 0)} TEST GrandmotherTEST GrandmotherSTOP            partial
  4    {Child:(0, 0), Father:(0, 0), Grandfather:(0, 0), Grandmother:(0, 0)}TEST Mother     TEST Mother     STOP            partial
  5    {Child:(0, 0), Father:(0, 0), Grandfather:(0, 0), Grandmother:(0, 0), Mother:(0, 0)}STOP            STOP            STOP            ALL
  agreement on this trajectory: all3=2/6=0.333  gnn~mlp=1.000  gnn~myo=0.333  mlp~myo=0.333

  --- trajectory: follow MLP (most-likely outcomes) ---
  step state                                             GNN             MLP             MYOPIC          agree
  0    root                                              TEST Child      TEST Child      TEST Father     partial
  1    {Child:(0, 0)}                                    TEST Father     TEST Father     TEST Father     ALL
  2    {Child:(0, 0), Father:(0, 0)}                     TEST GrandfatherTEST GrandfatherSTOP            partial
  3    {Child:(0, 0), Father:(0, 0), Grandfather:(0, 0)} TEST GrandmotherTEST GrandmotherSTOP            partial
  4    {Child:(0, 0), Father:(0, 0), Grandfather:(0, 0), Grandmother:(0, 0)}TEST Mother     TEST Mother     STOP            partial
  5    {Child:(0, 0), Father:(0, 0), Grandfather:(0, 0), Grandmother:(0, 0), Mother:(0, 0)}STOP            STOP            STOP            ALL
  agreement on this trajectory: all3=2/6=0.333  gnn~mlp=1.000  gnn~myo=0.333  mlp~myo=0.333

  --- trajectory: follow MYOPIC (most-likely outcomes) ---
  step state                                             GNN             MLP             MYOPIC          agree
  0    root                                              TEST Child      TEST Child      TEST Father     partial
  1    {Father:(0, 0)}                                   TEST Child      TEST Child      TEST Child      ALL
  2    {Child:(0, 0), Father:(0, 0)}                     TEST GrandfatherTEST GrandfatherSTOP            partial
  agreement on this trajectory: all3=1/3=0.333  gnn~mlp=1.000  gnn~myo=0.333  mlp~myo=0.333

================================================================================
ThreeGeneration_MediumEven_Aggressive_2gene
================================================================================

  --- trajectory: follow GNN (most-likely outcomes) ---
  step state                                             GNN             MLP             MYOPIC          agree
  0    root                                              TEST Child      TEST Child      TEST Father     partial
  1    {Child:(0, 0)}                                    TEST Father     TEST Father     TEST Father     ALL
  2    {Child:(0, 0), Father:(0, 0)}                     TEST GrandfatherTEST GrandfatherTEST GrandfatherALL
  3    {Child:(0, 0), Father:(0, 0), Grandfather:(0, 0)} TEST GrandmotherTEST GrandmotherTEST GrandmotherALL
  4    {Child:(0, 0), Father:(0, 0), Grandfather:(0, 0), Grandmother:(0, 0)}TEST Mother     TEST Mother     TEST Mother     ALL
  5    {Child:(0, 0), Father:(0, 0), Grandfather:(0, 0), Grandmother:(0, 0), Mother:(0, 0)}STOP            STOP            STOP            ALL
  agreement on this trajectory: all3=5/6=0.833  gnn~mlp=1.000  gnn~myo=0.833  mlp~myo=0.833

  --- trajectory: follow MLP (most-likely outcomes) ---
  step state                                             GNN             MLP             MYOPIC          agree
  0    root                                              TEST Child      TEST Child      TEST Father     partial
  1    {Child:(0, 0)}                                    TEST Father     TEST Father     TEST Father     ALL
  2    {Child:(0, 0), Father:(0, 0)}                     TEST GrandfatherTEST GrandfatherTEST GrandfatherALL
  3    {Child:(0, 0), Father:(0, 0), Grandfather:(0, 0)} TEST GrandmotherTEST GrandmotherTEST GrandmotherALL
  4    {Child:(0, 0), Father:(0, 0), Grandfather:(0, 0), Grandmother:(0, 0)}TEST Mother     TEST Mother     TEST Mother     ALL
  5    {Child:(0, 0), Father:(0, 0), Grandfather:(0, 0), Grandmother:(0, 0), Mother:(0, 0)}STOP            STOP            STOP            ALL
  agreement on this trajectory: all3=5/6=0.833  gnn~mlp=1.000  gnn~myo=0.833  mlp~myo=0.833

  --- trajectory: follow MYOPIC (most-likely outcomes) ---
  step state                                             GNN             MLP             MYOPIC          agree
  0    root                                              TEST Child      TEST Child      TEST Father     partial
  1    {Father:(0, 0)}                                   TEST Child      TEST Child      TEST Child      ALL
  2    {Child:(0, 0), Father:(0, 0)}                     TEST GrandfatherTEST GrandfatherTEST GrandfatherALL
  3    {Child:(0, 0), Father:(0, 0), Grandfather:(0, 0)} TEST GrandmotherTEST GrandmotherTEST GrandmotherALL
  4    {Child:(0, 0), Father:(0, 0), Grandfather:(0, 0), Grandmother:(0, 0)}TEST Mother     TEST Mother     TEST Mother     ALL
  5    {Child:(0, 0), Father:(0, 0), Grandfather:(0, 0), Grandmother:(0, 0), Mother:(0, 0)}STOP            STOP            STOP            ALL
  agreement on this trajectory: all3=5/6=0.833  gnn~mlp=1.000  gnn~myo=0.833  mlp~myo=0.833

================================================================================
ThreeGeneration_LowLow_Base_2gene
================================================================================

  --- trajectory: follow GNN (most-likely outcomes) ---
  step state                                             GNN             MLP             MYOPIC          agree
  0    root                                              TEST Child      TEST Child      TEST Father     partial
  1    {Child:(0, 0)}                                    TEST Father     TEST Father     STOP            partial
  2    {Child:(0, 0), Father:(0, 0)}                     TEST GrandfatherTEST GrandfatherSTOP            partial
  3    {Child:(0, 0), Father:(0, 0), Grandfather:(0, 0)} TEST GrandmotherTEST GrandmotherSTOP            partial
  4    {Child:(0, 0), Father:(0, 0), Grandfather:(0, 0), Grandmother:(0, 0)}TEST Mother     TEST Mother     STOP            partial
  5    {Child:(0, 0), Father:(0, 0), Grandfather:(0, 0), Grandmother:(0, 0), Mother:(0, 0)}STOP            STOP            STOP            ALL
  agreement on this trajectory: all3=1/6=0.167  gnn~mlp=1.000  gnn~myo=0.167  mlp~myo=0.167

  --- trajectory: follow MLP (most-likely outcomes) ---
  step state                                             GNN             MLP             MYOPIC          agree
  0    root                                              TEST Child      TEST Child      TEST Father     partial
  1    {Child:(0, 0)}                                    TEST Father     TEST Father     STOP            partial
  2    {Child:(0, 0), Father:(0, 0)}                     TEST GrandfatherTEST GrandfatherSTOP            partial
  3    {Child:(0, 0), Father:(0, 0), Grandfather:(0, 0)} TEST GrandmotherTEST GrandmotherSTOP            partial
  4    {Child:(0, 0), Father:(0, 0), Grandfather:(0, 0), Grandmother:(0, 0)}TEST Mother     TEST Mother     STOP            partial
  5    {Child:(0, 0), Father:(0, 0), Grandfather:(0, 0), Grandmother:(0, 0), Mother:(0, 0)}STOP            STOP            STOP            ALL
  agreement on this trajectory: all3=1/6=0.167  gnn~mlp=1.000  gnn~myo=0.167  mlp~myo=0.167

  --- trajectory: follow MYOPIC (most-likely outcomes) ---
  step state                                             GNN             MLP             MYOPIC          agree
  0    root                                              TEST Child      TEST Child      TEST Father     partial
  1    {Father:(0, 0)}                                   TEST Child      TEST Child      STOP            partial
  agreement on this trajectory: all3=0/2=0.000  gnn~mlp=1.000  gnn~myo=0.000  mlp~myo=0.000

================================================================================
ThreeGeneration_LowLow_Aggressive_2gene
================================================================================

  --- trajectory: follow GNN (most-likely outcomes) ---
  step state                                             GNN             MLP             MYOPIC          agree
  0    root                                              TEST Child      TEST Child      TEST Father     partial
  1    {Child:(0, 0)}                                    TEST Father     TEST Father     TEST Father     ALL
  2    {Child:(0, 0), Father:(0, 0)}                     TEST GrandfatherTEST GrandfatherSTOP            partial
  3    {Child:(0, 0), Father:(0, 0), Grandfather:(0, 0)} TEST GrandmotherTEST GrandmotherSTOP            partial
  4    {Child:(0, 0), Father:(0, 0), Grandfather:(0, 0), Grandmother:(0, 0)}TEST Mother     TEST Mother     STOP            partial
  5    {Child:(0, 0), Father:(0, 0), Grandfather:(0, 0), Grandmother:(0, 0), Mother:(0, 0)}STOP            STOP            STOP            ALL
  agreement on this trajectory: all3=2/6=0.333  gnn~mlp=1.000  gnn~myo=0.333  mlp~myo=0.333

  --- trajectory: follow MLP (most-likely outcomes) ---
  step state                                             GNN             MLP             MYOPIC          agree
  0    root                                              TEST Child      TEST Child      TEST Father     partial
  1    {Child:(0, 0)}                                    TEST Father     TEST Father     TEST Father     ALL
  2    {Child:(0, 0), Father:(0, 0)}                     TEST GrandfatherTEST GrandfatherSTOP            partial
  3    {Child:(0, 0), Father:(0, 0), Grandfather:(0, 0)} TEST GrandmotherTEST GrandmotherSTOP            partial
  4    {Child:(0, 0), Father:(0, 0), Grandfather:(0, 0), Grandmother:(0, 0)}TEST Mother     TEST Mother     STOP            partial
  5    {Child:(0, 0), Father:(0, 0), Grandfather:(0, 0), Grandmother:(0, 0), Mother:(0, 0)}STOP            STOP            STOP            ALL
  agreement on this trajectory: all3=2/6=0.333  gnn~mlp=1.000  gnn~myo=0.333  mlp~myo=0.333

  --- trajectory: follow MYOPIC (most-likely outcomes) ---
  step state                                             GNN             MLP             MYOPIC          agree
  0    root                                              TEST Child      TEST Child      TEST Father     partial
  1    {Father:(0, 0)}                                   TEST Child      TEST Child      TEST Child      ALL
  2    {Child:(0, 0), Father:(0, 0)}                     TEST GrandfatherTEST GrandfatherSTOP            partial
  agreement on this trajectory: all3=1/3=0.333  gnn~mlp=1.000  gnn~myo=0.333  mlp~myo=0.333

================================================================================
ThreeGeneration_HighHigh_Base_2gene
================================================================================

  --- trajectory: follow GNN (most-likely outcomes) ---
  step state                                             GNN             MLP             MYOPIC          agree
  0    root                                              TEST Child      TEST Child      TEST Father     partial
  1    {Child:(0, 0)}                                    TEST Father     TEST Father     TEST Father     ALL
  2    {Child:(0, 0), Father:(0, 0)}                     TEST GrandfatherTEST GrandfatherTEST GrandfatherALL
  3    {Child:(0, 0), Father:(0, 0), Grandfather:(0, 0)} TEST GrandmotherTEST GrandmotherTEST GrandmotherALL
  4    {Child:(0, 0), Father:(0, 0), Grandfather:(0, 0), Grandmother:(0, 0)}TEST Mother     TEST Mother     TEST Mother     ALL
  5    {Child:(0, 0), Father:(0, 0), Grandfather:(0, 0), Grandmother:(0, 0), Mother:(0, 0)}STOP            STOP            STOP            ALL
  agreement on this trajectory: all3=5/6=0.833  gnn~mlp=1.000  gnn~myo=0.833  mlp~myo=0.833

  --- trajectory: follow MLP (most-likely outcomes) ---
  step state                                             GNN             MLP             MYOPIC          agree
  0    root                                              TEST Child      TEST Child      TEST Father     partial
  1    {Child:(0, 0)}                                    TEST Father     TEST Father     TEST Father     ALL
  2    {Child:(0, 0), Father:(0, 0)}                     TEST GrandfatherTEST GrandfatherTEST GrandfatherALL
  3    {Child:(0, 0), Father:(0, 0), Grandfather:(0, 0)} TEST GrandmotherTEST GrandmotherTEST GrandmotherALL
  4    {Child:(0, 0), Father:(0, 0), Grandfather:(0, 0), Grandmother:(0, 0)}TEST Mother     TEST Mother     TEST Mother     ALL
  5    {Child:(0, 0), Father:(0, 0), Grandfather:(0, 0), Grandmother:(0, 0), Mother:(0, 0)}STOP            STOP            STOP            ALL
  agreement on this trajectory: all3=5/6=0.833  gnn~mlp=1.000  gnn~myo=0.833  mlp~myo=0.833

  --- trajectory: follow MYOPIC (most-likely outcomes) ---
  step state                                             GNN             MLP             MYOPIC          agree
  0    root                                              TEST Child      TEST Child      TEST Father     partial
  1    {Father:(0, 0)}                                   TEST Child      TEST Child      TEST Child      ALL
  2    {Child:(0, 0), Father:(0, 0)}                     TEST GrandfatherTEST GrandfatherTEST GrandfatherALL
  3    {Child:(0, 0), Father:(0, 0), Grandfather:(0, 0)} TEST GrandmotherTEST GrandmotherTEST GrandmotherALL
  4    {Child:(0, 0), Father:(0, 0), Grandfather:(0, 0), Grandmother:(0, 0)}TEST Mother     TEST Mother     TEST Mother     ALL
  5    {Child:(0, 0), Father:(0, 0), Grandfather:(0, 0), Grandmother:(0, 0), Mother:(0, 0)}STOP            STOP            STOP            ALL
  agreement on this trajectory: all3=5/6=0.833  gnn~mlp=1.000  gnn~myo=0.833  mlp~myo=0.833

================================================================================
ThreeGeneration_HighHigh_Aggressive_2gene
================================================================================

  --- trajectory: follow GNN (most-likely outcomes) ---
  step state                                             GNN             MLP             MYOPIC          agree
  0    root                                              TEST Child      TEST Father     TEST Father     partial
  1    {Child:(0, 0)}                                    TEST Father     TEST Father     TEST Father     ALL
  2    {Child:(0, 0), Father:(0, 0)}                     TEST GrandfatherTEST GrandfatherTEST Mother     partial
  3    {Child:(0, 0), Father:(0, 0), Grandfather:(0, 0)} TEST GrandmotherTEST GrandmotherTEST GrandmotherALL
  4    {Child:(0, 0), Father:(0, 0), Grandfather:(0, 0), Grandmother:(0, 0)}TEST Mother     TEST Mother     TEST Mother     ALL
  5    {Child:(0, 0), Father:(0, 0), Grandfather:(0, 0), Grandmother:(0, 0), Mother:(0, 0)}STOP            STOP            STOP            ALL
  agreement on this trajectory: all3=4/6=0.667  gnn~mlp=0.833  gnn~myo=0.667  mlp~myo=0.833

  --- trajectory: follow MLP (most-likely outcomes) ---
  step state                                             GNN             MLP             MYOPIC          agree
  0    root                                              TEST Child      TEST Father     TEST Father     partial
  1    {Father:(0, 0)}                                   TEST Child      TEST Child      TEST Child      ALL
  2    {Child:(0, 0), Father:(0, 0)}                     TEST GrandfatherTEST GrandfatherTEST Mother     partial
  3    {Child:(0, 0), Father:(0, 0), Grandfather:(0, 0)} TEST GrandmotherTEST GrandmotherTEST GrandmotherALL
  4    {Child:(0, 0), Father:(0, 0), Grandfather:(0, 0), Grandmother:(0, 0)}TEST Mother     TEST Mother     TEST Mother     ALL
  5    {Child:(0, 0), Father:(0, 0), Grandfather:(0, 0), Grandmother:(0, 0), Mother:(0, 0)}STOP            STOP            STOP            ALL
  agreement on this trajectory: all3=4/6=0.667  gnn~mlp=0.833  gnn~myo=0.667  mlp~myo=0.833

  --- trajectory: follow MYOPIC (most-likely outcomes) ---
  step state                                             GNN             MLP             MYOPIC          agree
  0    root                                              TEST Child      TEST Father     TEST Father     partial
  1    {Father:(0, 0)}                                   TEST Child      TEST Child      TEST Child      ALL
  2    {Child:(0, 0), Father:(0, 0)}                     TEST GrandfatherTEST GrandfatherTEST Mother     partial
  3    {Child:(0, 0), Father:(0, 0), Mother:(0, 0)}      TEST GrandfatherTEST GrandfatherTEST GrandfatherALL
  4    {Child:(0, 0), Father:(0, 0), Grandfather:(0, 0), Mother:(0, 0)}TEST GrandmotherTEST GrandmotherTEST GrandmotherALL
  5    {Child:(0, 0), Father:(0, 0), Grandfather:(0, 0), Grandmother:(0, 0), Mother:(0, 0)}STOP            STOP            STOP            ALL
  agreement on this trajectory: all3=4/6=0.667  gnn~mlp=0.833  gnn~myo=0.667  mlp~myo=0.833

================================================================================
ThreeGeneration_MixedA_Base_2gene
================================================================================

  --- trajectory: follow GNN (most-likely outcomes) ---
  step state                                             GNN             MLP             MYOPIC          agree
  0    root                                              TEST Child      TEST Child      TEST Father     partial
  1    {Child:(0, 0)}                                    TEST Father     TEST Father     TEST Father     ALL
  2    {Child:(0, 0), Father:(0, 0)}                     TEST GrandfatherTEST GrandfatherSTOP            partial
  3    {Child:(0, 0), Father:(0, 0), Grandfather:(0, 0)} TEST GrandmotherTEST GrandmotherSTOP            partial
  4    {Child:(0, 0), Father:(0, 0), Grandfather:(0, 0), Grandmother:(0, 0)}TEST Mother     TEST Mother     STOP            partial
  5    {Child:(0, 0), Father:(0, 0), Grandfather:(0, 0), Grandmother:(0, 0), Mother:(0, 0)}STOP            STOP            STOP            ALL
  agreement on this trajectory: all3=2/6=0.333  gnn~mlp=1.000  gnn~myo=0.333  mlp~myo=0.333

  --- trajectory: follow MLP (most-likely outcomes) ---
  step state                                             GNN             MLP             MYOPIC          agree
  0    root                                              TEST Child      TEST Child      TEST Father     partial
  1    {Child:(0, 0)}                                    TEST Father     TEST Father     TEST Father     ALL
  2    {Child:(0, 0), Father:(0, 0)}                     TEST GrandfatherTEST GrandfatherSTOP            partial
  3    {Child:(0, 0), Father:(0, 0), Grandfather:(0, 0)} TEST GrandmotherTEST GrandmotherSTOP            partial
  4    {Child:(0, 0), Father:(0, 0), Grandfather:(0, 0), Grandmother:(0, 0)}TEST Mother     TEST Mother     STOP            partial
  5    {Child:(0, 0), Father:(0, 0), Grandfather:(0, 0), Grandmother:(0, 0), Mother:(0, 0)}STOP            STOP            STOP            ALL
  agreement on this trajectory: all3=2/6=0.333  gnn~mlp=1.000  gnn~myo=0.333  mlp~myo=0.333

  --- trajectory: follow MYOPIC (most-likely outcomes) ---
  step state                                             GNN             MLP             MYOPIC          agree
  0    root                                              TEST Child      TEST Child      TEST Father     partial
  1    {Father:(0, 0)}                                   TEST Child      TEST Child      TEST Child      ALL
  2    {Child:(0, 0), Father:(0, 0)}                     TEST GrandfatherTEST GrandfatherSTOP            partial
  agreement on this trajectory: all3=1/3=0.333  gnn~mlp=1.000  gnn~myo=0.333  mlp~myo=0.333

================================================================================
ThreeGeneration_MixedA_Aggressive_2gene
================================================================================

  --- trajectory: follow GNN (most-likely outcomes) ---
  step state                                             GNN             MLP             MYOPIC          agree
  0    root                                              TEST Child      TEST Child      TEST Father     partial
  1    {Child:(0, 0)}                                    TEST Father     TEST Father     TEST Father     ALL
  2    {Child:(0, 0), Father:(0, 0)}                     TEST GrandfatherTEST GrandfatherTEST GrandfatherALL
  3    {Child:(0, 0), Father:(0, 0), Grandfather:(0, 0)} TEST GrandmotherTEST GrandmotherTEST GrandmotherALL
  4    {Child:(0, 0), Father:(0, 0), Grandfather:(0, 0), Grandmother:(0, 0)}TEST Mother     TEST Mother     TEST Mother     ALL
  5    {Child:(0, 0), Father:(0, 0), Grandfather:(0, 0), Grandmother:(0, 0), Mother:(0, 0)}STOP            STOP            STOP            ALL
  agreement on this trajectory: all3=5/6=0.833  gnn~mlp=1.000  gnn~myo=0.833  mlp~myo=0.833

  --- trajectory: follow MLP (most-likely outcomes) ---
  step state                                             GNN             MLP             MYOPIC          agree
  0    root                                              TEST Child      TEST Child      TEST Father     partial
  1    {Child:(0, 0)}                                    TEST Father     TEST Father     TEST Father     ALL
  2    {Child:(0, 0), Father:(0, 0)}                     TEST GrandfatherTEST GrandfatherTEST GrandfatherALL
  3    {Child:(0, 0), Father:(0, 0), Grandfather:(0, 0)} TEST GrandmotherTEST GrandmotherTEST GrandmotherALL
  4    {Child:(0, 0), Father:(0, 0), Grandfather:(0, 0), Grandmother:(0, 0)}TEST Mother     TEST Mother     TEST Mother     ALL
  5    {Child:(0, 0), Father:(0, 0), Grandfather:(0, 0), Grandmother:(0, 0), Mother:(0, 0)}STOP            STOP            STOP            ALL
  agreement on this trajectory: all3=5/6=0.833  gnn~mlp=1.000  gnn~myo=0.833  mlp~myo=0.833

  --- trajectory: follow MYOPIC (most-likely outcomes) ---
  step state                                             GNN             MLP             MYOPIC          agree
  0    root                                              TEST Child      TEST Child      TEST Father     partial
  1    {Father:(0, 0)}                                   TEST Child      TEST Child      TEST Child      ALL
  2    {Child:(0, 0), Father:(0, 0)}                     TEST GrandfatherTEST GrandfatherTEST GrandfatherALL
  3    {Child:(0, 0), Father:(0, 0), Grandfather:(0, 0)} TEST GrandmotherTEST GrandmotherTEST GrandmotherALL
  4    {Child:(0, 0), Father:(0, 0), Grandfather:(0, 0), Grandmother:(0, 0)}TEST Mother     TEST Mother     TEST Mother     ALL
  5    {Child:(0, 0), Father:(0, 0), Grandfather:(0, 0), Grandmother:(0, 0), Mother:(0, 0)}STOP            STOP            STOP            ALL
  agreement on this trajectory: all3=5/6=0.833  gnn~mlp=1.000  gnn~myo=0.833  mlp~myo=0.833

================================================================================
ThreeGeneration_MixedB_Base_2gene
================================================================================

  --- trajectory: follow GNN (most-likely outcomes) ---
  step state                                             GNN             MLP             MYOPIC          agree
  0    root                                              TEST Child      TEST Child      TEST Father     partial
  1    {Child:(0, 0)}                                    TEST Father     TEST Father     TEST Father     ALL
  2    {Child:(0, 0), Father:(0, 0)}                     TEST GrandfatherTEST GrandfatherSTOP            partial
  3    {Child:(0, 0), Father:(0, 0), Grandfather:(0, 0)} TEST GrandmotherTEST GrandmotherSTOP            partial
  4    {Child:(0, 0), Father:(0, 0), Grandfather:(0, 0), Grandmother:(0, 0)}TEST Mother     TEST Mother     STOP            partial
  5    {Child:(0, 0), Father:(0, 0), Grandfather:(0, 0), Grandmother:(0, 0), Mother:(0, 0)}STOP            STOP            STOP            ALL
  agreement on this trajectory: all3=2/6=0.333  gnn~mlp=1.000  gnn~myo=0.333  mlp~myo=0.333

  --- trajectory: follow MLP (most-likely outcomes) ---
  step state                                             GNN             MLP             MYOPIC          agree
  0    root                                              TEST Child      TEST Child      TEST Father     partial
  1    {Child:(0, 0)}                                    TEST Father     TEST Father     TEST Father     ALL
  2    {Child:(0, 0), Father:(0, 0)}                     TEST GrandfatherTEST GrandfatherSTOP            partial
  3    {Child:(0, 0), Father:(0, 0), Grandfather:(0, 0)} TEST GrandmotherTEST GrandmotherSTOP            partial
  4    {Child:(0, 0), Father:(0, 0), Grandfather:(0, 0), Grandmother:(0, 0)}TEST Mother     TEST Mother     STOP            partial
  5    {Child:(0, 0), Father:(0, 0), Grandfather:(0, 0), Grandmother:(0, 0), Mother:(0, 0)}STOP            STOP            STOP            ALL
  agreement on this trajectory: all3=2/6=0.333  gnn~mlp=1.000  gnn~myo=0.333  mlp~myo=0.333

  --- trajectory: follow MYOPIC (most-likely outcomes) ---
  step state                                             GNN             MLP             MYOPIC          agree
  0    root                                              TEST Child      TEST Child      TEST Father     partial
  1    {Father:(0, 0)}                                   TEST Child      TEST Child      TEST Child      ALL
  2    {Child:(0, 0), Father:(0, 0)}                     TEST GrandfatherTEST GrandfatherSTOP            partial
  agreement on this trajectory: all3=1/3=0.333  gnn~mlp=1.000  gnn~myo=0.333  mlp~myo=0.333

================================================================================
ThreeGeneration_MixedB_Aggressive_2gene
================================================================================

  --- trajectory: follow GNN (most-likely outcomes) ---
  step state                                             GNN             MLP             MYOPIC          agree
  0    root                                              TEST Child      TEST Child      TEST Father     partial
  1    {Child:(0, 0)}                                    TEST Father     TEST Father     TEST Father     ALL
  2    {Child:(0, 0), Father:(0, 0)}                     TEST GrandfatherTEST GrandfatherTEST GrandfatherALL
  3    {Child:(0, 0), Father:(0, 0), Grandfather:(0, 0)} TEST GrandmotherTEST GrandmotherTEST GrandmotherALL
  4    {Child:(0, 0), Father:(0, 0), Grandfather:(0, 0), Grandmother:(0, 0)}TEST Mother     TEST Mother     TEST Mother     ALL
  5    {Child:(0, 0), Father:(0, 0), Grandfather:(0, 0), Grandmother:(0, 0), Mother:(0, 0)}STOP            STOP            STOP            ALL
  agreement on this trajectory: all3=5/6=0.833  gnn~mlp=1.000  gnn~myo=0.833  mlp~myo=0.833

  --- trajectory: follow MLP (most-likely outcomes) ---
  step state                                             GNN             MLP             MYOPIC          agree
  0    root                                              TEST Child      TEST Child      TEST Father     partial
  1    {Child:(0, 0)}                                    TEST Father     TEST Father     TEST Father     ALL
  2    {Child:(0, 0), Father:(0, 0)}                     TEST GrandfatherTEST GrandfatherTEST GrandfatherALL
  3    {Child:(0, 0), Father:(0, 0), Grandfather:(0, 0)} TEST GrandmotherTEST GrandmotherTEST GrandmotherALL
  4    {Child:(0, 0), Father:(0, 0), Grandfather:(0, 0), Grandmother:(0, 0)}TEST Mother     TEST Mother     TEST Mother     ALL
  5    {Child:(0, 0), Father:(0, 0), Grandfather:(0, 0), Grandmother:(0, 0), Mother:(0, 0)}STOP            STOP            STOP            ALL
  agreement on this trajectory: all3=5/6=0.833  gnn~mlp=1.000  gnn~myo=0.833  mlp~myo=0.833

  --- trajectory: follow MYOPIC (most-likely outcomes) ---
  step state                                             GNN             MLP             MYOPIC          agree
  0    root                                              TEST Child      TEST Child      TEST Father     partial
  1    {Father:(0, 0)}                                   TEST Child      TEST Child      TEST Child      ALL
  2    {Child:(0, 0), Father:(0, 0)}                     TEST GrandfatherTEST GrandfatherTEST GrandfatherALL
  3    {Child:(0, 0), Father:(0, 0), Grandfather:(0, 0)} TEST GrandmotherTEST GrandmotherTEST GrandmotherALL
  4    {Child:(0, 0), Father:(0, 0), Grandfather:(0, 0), Grandmother:(0, 0)}TEST Mother     TEST Mother     TEST Mother     ALL
  5    {Child:(0, 0), Father:(0, 0), Grandfather:(0, 0), Grandmother:(0, 0), Mother:(0, 0)}STOP            STOP            STOP            ALL
  agreement on this trajectory: all3=5/6=0.833  gnn~mlp=1.000  gnn~myo=0.833  mlp~myo=0.833

================================================================================
OVERALL
  follow-GNN     traj: all3=0.542  gnn~mlp=0.986  gnn~myo=0.542  mlp~myo=0.556
  follow-MLP     traj: all3=0.542  gnn~mlp=0.986  gnn~myo=0.542  mlp~myo=0.556
  follow-MYOPIC  traj: all3=0.623  gnn~mlp=0.981  gnn~myo=0.623  mlp~myo=0.642
saved -> /net/projects/ranalab/rajhansini/replication_16features/things_to_improve_Q_star_experiments/action_compare/results/2gene/seed0/action_compare_threeway.json
saved -> /net/projects/ranalab/rajhansini/replication_16features/things_to_improve_Q_star_experiments/action_compare/results/2gene/seed0/action_compare_threeway.log
