[model_vs_dp] 2026-07-22T22:24:12.988084  genes=2  seed=0  variant=ce  model=mlp
output -> /net/projects/ranalab/rajhansini/replication_16features/fixing_gnn_q/results/2gene/ce/mlp/seed0
loaded /net/projects/ranalab/rajhansini/replication_16features/fixing_gnn_q/results/mlp_q_ce_2gene/seed_runs/seed0/mlp_q_ce_2gene.pt  params=961

================================================================================
ThreeGeneration_LowHigh_Base_2gene
================================================================================
  step state                                             MLP             DP (ground truth)   match
  0    root                                              TEST Father     TEST Grandfather    NO
  1    {Father:(0, 0)}                                   TEST Mother     TEST Mother         YES
  2    {Father:(0, 0), Mother:(0, 0)}                    TEST GrandfatherSTOP                NO
  3    {Father:(0, 0), Grandfather:(0, 0), Mother:(0, 0)}TEST Child      STOP                NO
  4    {Child:(0, 0), Father:(0, 0), Grandfather:(0, 0), Mother:(0, 0)}TEST GrandmotherSTOP                NO
  5    {Child:(0, 0), Father:(0, 0), Grandfather:(0, 0), Grandmother:(0, 0), Mother:(0, 0)}STOP            STOP                YES
  agreement with DP (ground truth): 2/6 = 0.333

================================================================================
ThreeGeneration_LowHigh_Aggressive_2gene
================================================================================
  step state                                             MLP             DP (ground truth)   match
  0    root                                              TEST Father     TEST Grandfather    NO
  1    {Father:(0, 0)}                                   TEST Mother     TEST Mother         YES
  2    {Father:(0, 0), Mother:(0, 0)}                    TEST GrandfatherTEST Grandfather    YES
  3    {Father:(0, 0), Grandfather:(0, 0), Mother:(0, 0)}TEST Child      TEST Grandmother    NO
  4    {Child:(0, 0), Father:(0, 0), Grandfather:(0, 0), Mother:(0, 0)}TEST GrandmotherTEST Grandmother    YES
  5    {Child:(0, 0), Father:(0, 0), Grandfather:(0, 0), Grandmother:(0, 0), Mother:(0, 0)}STOP            STOP                YES
  agreement with DP (ground truth): 4/6 = 0.667

================================================================================
ThreeGeneration_MediumEven_Base_2gene
================================================================================
  step state                                             MLP             DP (ground truth)   match
  0    root                                              TEST Father     TEST Grandfather    NO
  1    {Father:(0, 0)}                                   TEST Mother     TEST Mother         YES
  2    {Father:(0, 0), Mother:(0, 0)}                    TEST GrandfatherSTOP                NO
  3    {Father:(0, 0), Grandfather:(0, 0), Mother:(0, 0)}TEST Child      STOP                NO
  4    {Child:(0, 0), Father:(0, 0), Grandfather:(0, 0), Mother:(0, 0)}TEST GrandmotherSTOP                NO
  5    {Child:(0, 0), Father:(0, 0), Grandfather:(0, 0), Grandmother:(0, 0), Mother:(0, 0)}STOP            STOP                YES
  agreement with DP (ground truth): 2/6 = 0.333

================================================================================
ThreeGeneration_MediumEven_Aggressive_2gene
================================================================================
  step state                                             MLP             DP (ground truth)   match
  0    root                                              TEST Father     TEST Grandfather    NO
  1    {Father:(0, 0)}                                   TEST Mother     TEST Mother         YES
  2    {Father:(0, 0), Mother:(0, 0)}                    TEST GrandfatherTEST Grandfather    YES
  3    {Father:(0, 0), Grandfather:(0, 0), Mother:(0, 0)}TEST Child      TEST Grandmother    NO
  4    {Child:(0, 0), Father:(0, 0), Grandfather:(0, 0), Mother:(0, 0)}TEST GrandmotherTEST Grandmother    YES
  5    {Child:(0, 0), Father:(0, 0), Grandfather:(0, 0), Grandmother:(0, 0), Mother:(0, 0)}STOP            STOP                YES
  agreement with DP (ground truth): 4/6 = 0.667

================================================================================
ThreeGeneration_LowLow_Base_2gene
================================================================================
  step state                                             MLP             DP (ground truth)   match
  0    root                                              TEST Father     TEST Child          NO
  1    {Father:(0, 0)}                                   TEST Child      STOP                NO
  2    {Child:(0, 0), Father:(0, 0)}                     TEST GrandfatherSTOP                NO
  3    {Child:(0, 0), Father:(0, 0), Grandfather:(0, 0)} TEST GrandmotherSTOP                NO
  4    {Child:(0, 0), Father:(0, 0), Grandfather:(0, 0), Grandmother:(0, 0)}TEST Mother     STOP                NO
  5    {Child:(0, 0), Father:(0, 0), Grandfather:(0, 0), Grandmother:(0, 0), Mother:(0, 0)}STOP            STOP                YES
  agreement with DP (ground truth): 1/6 = 0.167

================================================================================
ThreeGeneration_LowLow_Aggressive_2gene
================================================================================
  step state                                             MLP             DP (ground truth)   match
  0    root                                              TEST Father     TEST Father         YES
  1    {Father:(0, 0)}                                   TEST Child      TEST Mother         NO
  2    {Child:(0, 0), Father:(0, 0)}                     TEST GrandfatherSTOP                NO
  3    {Child:(0, 0), Father:(0, 0), Grandfather:(0, 0)} TEST GrandmotherSTOP                NO
  4    {Child:(0, 0), Father:(0, 0), Grandfather:(0, 0), Grandmother:(0, 0)}TEST Mother     STOP                NO
  5    {Child:(0, 0), Father:(0, 0), Grandfather:(0, 0), Grandmother:(0, 0), Mother:(0, 0)}STOP            STOP                YES
  agreement with DP (ground truth): 2/6 = 0.333

================================================================================
ThreeGeneration_HighHigh_Base_2gene
================================================================================
  step state                                             MLP             DP (ground truth)   match
  0    root                                              TEST Father     TEST Grandfather    NO
  1    {Father:(0, 0)}                                   TEST Mother     TEST Grandfather    NO
  2    {Father:(0, 0), Mother:(0, 0)}                    TEST GrandfatherTEST Grandfather    YES
  3    {Father:(0, 0), Grandfather:(0, 0), Mother:(0, 0)}TEST Child      TEST Grandmother    NO
  4    {Child:(0, 0), Father:(0, 0), Grandfather:(0, 0), Mother:(0, 0)}TEST GrandmotherTEST Grandmother    YES
  5    {Child:(0, 0), Father:(0, 0), Grandfather:(0, 0), Grandmother:(0, 0), Mother:(0, 0)}STOP            STOP                YES
  agreement with DP (ground truth): 3/6 = 0.500

================================================================================
ThreeGeneration_HighHigh_Aggressive_2gene
================================================================================
  step state                                             MLP             DP (ground truth)   match
  0    root                                              TEST Father     TEST Grandfather    NO
  1    {Father:(0, 0)}                                   TEST Mother     TEST Grandfather    NO
  2    {Father:(0, 0), Mother:(0, 0)}                    TEST GrandfatherTEST Grandfather    YES
  3    {Father:(0, 0), Grandfather:(0, 0), Mother:(0, 0)}TEST Child      TEST Grandmother    NO
  4    {Child:(0, 0), Father:(0, 0), Grandfather:(0, 0), Mother:(0, 0)}TEST GrandmotherTEST Grandmother    YES
  5    {Child:(0, 0), Father:(0, 0), Grandfather:(0, 0), Grandmother:(0, 0), Mother:(0, 0)}STOP            STOP                YES
  agreement with DP (ground truth): 3/6 = 0.500

================================================================================
ThreeGeneration_MixedA_Base_2gene
================================================================================
  step state                                             MLP             DP (ground truth)   match
  0    root                                              TEST Father     TEST Father         YES
  1    {Father:(0, 0)}                                   TEST Child      TEST Mother         NO
  2    {Child:(0, 0), Father:(0, 0)}                     TEST GrandfatherSTOP                NO
  3    {Child:(0, 0), Father:(0, 0), Grandfather:(0, 0)} TEST GrandmotherSTOP                NO
  4    {Child:(0, 0), Father:(0, 0), Grandfather:(0, 0), Grandmother:(0, 0)}TEST Mother     STOP                NO
  5    {Child:(0, 0), Father:(0, 0), Grandfather:(0, 0), Grandmother:(0, 0), Mother:(0, 0)}STOP            STOP                YES
  agreement with DP (ground truth): 2/6 = 0.333

================================================================================
ThreeGeneration_MixedA_Aggressive_2gene
================================================================================
  step state                                             MLP             DP (ground truth)   match
  0    root                                              TEST Father     TEST Grandfather    NO
  1    {Father:(0, 0)}                                   TEST Child      TEST Grandfather    NO
  2    {Child:(0, 0), Father:(0, 0)}                     TEST GrandfatherTEST Grandfather    YES
  3    {Child:(0, 0), Father:(0, 0), Grandfather:(0, 0)} TEST GrandmotherTEST Grandmother    YES
  4    {Child:(0, 0), Father:(0, 0), Grandfather:(0, 0), Grandmother:(0, 0)}TEST Mother     TEST Mother         YES
  5    {Child:(0, 0), Father:(0, 0), Grandfather:(0, 0), Grandmother:(0, 0), Mother:(0, 0)}STOP            STOP                YES
  agreement with DP (ground truth): 4/6 = 0.667

================================================================================
ThreeGeneration_MixedB_Base_2gene
================================================================================
  step state                                             MLP             DP (ground truth)   match
  0    root                                              TEST Father     TEST Grandfather    NO
  1    {Father:(0, 0)}                                   TEST Mother     TEST Mother         YES
  2    {Father:(0, 0), Mother:(0, 0)}                    TEST GrandfatherSTOP                NO
  3    {Father:(0, 0), Grandfather:(0, 0), Mother:(0, 0)}TEST Child      STOP                NO
  4    {Child:(0, 0), Father:(0, 0), Grandfather:(0, 0), Mother:(0, 0)}TEST GrandmotherSTOP                NO
  5    {Child:(0, 0), Father:(0, 0), Grandfather:(0, 0), Grandmother:(0, 0), Mother:(0, 0)}STOP            STOP                YES
  agreement with DP (ground truth): 2/6 = 0.333

================================================================================
ThreeGeneration_MixedB_Aggressive_2gene
================================================================================
  step state                                             MLP             DP (ground truth)   match
  0    root                                              TEST Father     TEST Grandfather    NO
  1    {Father:(0, 0)}                                   TEST Mother     TEST Grandfather    NO
  2    {Father:(0, 0), Mother:(0, 0)}                    TEST GrandfatherTEST Grandfather    YES
  3    {Father:(0, 0), Grandfather:(0, 0), Mother:(0, 0)}TEST Child      TEST Grandmother    NO
  4    {Child:(0, 0), Father:(0, 0), Grandfather:(0, 0), Mother:(0, 0)}TEST GrandmotherTEST Grandmother    YES
  5    {Child:(0, 0), Father:(0, 0), Grandfather:(0, 0), Grandmother:(0, 0), Mother:(0, 0)}STOP            STOP                YES
  agreement with DP (ground truth): 3/6 = 0.500

================================================================================
OVERALL
  agreement with DP (ground truth): 32/72 = 0.444
  root-state agreement:             2/12 = 0.167
saved -> /net/projects/ranalab/rajhansini/replication_16features/fixing_gnn_q/results/2gene/ce/mlp/seed0/model_vs_dp.json
saved -> /net/projects/ranalab/rajhansini/replication_16features/fixing_gnn_q/results/2gene/ce/mlp/seed0/model_vs_dp.log
