[myopic_vs_model] 2026-07-22T17:26:15.378231  genes=2  seed=0  variant=ce  model=mlp
output -> /net/projects/ranalab/rajhansini/replication_16features/fixing_gnn_q/results/2gene/ce/mlp/seed0
loaded /net/projects/ranalab/rajhansini/replication_16features/fixing_gnn_q/results/mlp_q_ce_2gene/seed_runs/seed0/mlp_q_ce_2gene.pt  params=961

================================================================================
ThreeGeneration_LowHigh_Base_2gene
================================================================================
  step state                                             MYOPIC          MLP             match
  0    root                                              TEST Father     TEST Father     YES
  1    {Father:(0, 0)}                                   TEST Child      TEST Mother     NO
  2    {Child:(0, 0), Father:(0, 0)}                     STOP            TEST GrandfatherNO
  agreement with myopic: 1/3 = 0.333

================================================================================
ThreeGeneration_LowHigh_Aggressive_2gene
================================================================================
  step state                                             MYOPIC          MLP             match
  0    root                                              TEST Father     TEST Father     YES
  1    {Father:(0, 0)}                                   TEST Child      TEST Mother     NO
  2    {Child:(0, 0), Father:(0, 0)}                     TEST Mother     TEST GrandfatherNO
  3    {Child:(0, 0), Father:(0, 0), Mother:(0, 0)}      TEST GrandfatherTEST GrandfatherYES
  4    {Child:(0, 0), Father:(0, 0), Grandfather:(0, 0), Mother:(0, 0)}TEST GrandmotherTEST GrandmotherYES
  5    {Child:(0, 0), Father:(0, 0), Grandfather:(0, 0), Grandmother:(0, 0), Mother:(0, 0)}STOP            STOP            YES
  agreement with myopic: 4/6 = 0.667

================================================================================
ThreeGeneration_MediumEven_Base_2gene
================================================================================
  step state                                             MYOPIC          MLP             match
  0    root                                              TEST Father     TEST Father     YES
  1    {Father:(0, 0)}                                   TEST Child      TEST Mother     NO
  2    {Child:(0, 0), Father:(0, 0)}                     STOP            TEST GrandfatherNO
  agreement with myopic: 1/3 = 0.333

================================================================================
ThreeGeneration_MediumEven_Aggressive_2gene
================================================================================
  step state                                             MYOPIC          MLP             match
  0    root                                              TEST Father     TEST Father     YES
  1    {Father:(0, 0)}                                   TEST Child      TEST Mother     NO
  2    {Child:(0, 0), Father:(0, 0)}                     TEST GrandfatherTEST GrandfatherYES
  3    {Child:(0, 0), Father:(0, 0), Grandfather:(0, 0)} TEST GrandmotherTEST GrandmotherYES
  4    {Child:(0, 0), Father:(0, 0), Grandfather:(0, 0), Grandmother:(0, 0)}TEST Mother     TEST Mother     YES
  5    {Child:(0, 0), Father:(0, 0), Grandfather:(0, 0), Grandmother:(0, 0), Mother:(0, 0)}STOP            STOP            YES
  agreement with myopic: 5/6 = 0.833

================================================================================
ThreeGeneration_LowLow_Base_2gene
================================================================================
  step state                                             MYOPIC          MLP             match
  0    root                                              TEST Father     TEST Father     YES
  1    {Father:(0, 0)}                                   STOP            TEST Child      NO
  agreement with myopic: 1/2 = 0.500

================================================================================
ThreeGeneration_LowLow_Aggressive_2gene
================================================================================
  step state                                             MYOPIC          MLP             match
  0    root                                              TEST Father     TEST Father     YES
  1    {Father:(0, 0)}                                   TEST Child      TEST Child      YES
  2    {Child:(0, 0), Father:(0, 0)}                     STOP            TEST GrandfatherNO
  agreement with myopic: 2/3 = 0.667

================================================================================
ThreeGeneration_HighHigh_Base_2gene
================================================================================
  step state                                             MYOPIC          MLP             match
  0    root                                              TEST Father     TEST Father     YES
  1    {Father:(0, 0)}                                   TEST Child      TEST Mother     NO
  2    {Child:(0, 0), Father:(0, 0)}                     TEST GrandfatherTEST GrandfatherYES
  3    {Child:(0, 0), Father:(0, 0), Grandfather:(0, 0)} TEST GrandmotherTEST GrandmotherYES
  4    {Child:(0, 0), Father:(0, 0), Grandfather:(0, 0), Grandmother:(0, 0)}TEST Mother     TEST Mother     YES
  5    {Child:(0, 0), Father:(0, 0), Grandfather:(0, 0), Grandmother:(0, 0), Mother:(0, 0)}STOP            STOP            YES
  agreement with myopic: 5/6 = 0.833

================================================================================
ThreeGeneration_HighHigh_Aggressive_2gene
================================================================================
  step state                                             MYOPIC          MLP             match
  0    root                                              TEST Father     TEST Father     YES
  1    {Father:(0, 0)}                                   TEST Child      TEST Mother     NO
  2    {Child:(0, 0), Father:(0, 0)}                     TEST Mother     TEST GrandfatherNO
  3    {Child:(0, 0), Father:(0, 0), Mother:(0, 0)}      TEST GrandfatherTEST GrandfatherYES
  4    {Child:(0, 0), Father:(0, 0), Grandfather:(0, 0), Mother:(0, 0)}TEST GrandmotherTEST GrandmotherYES
  5    {Child:(0, 0), Father:(0, 0), Grandfather:(0, 0), Grandmother:(0, 0), Mother:(0, 0)}STOP            STOP            YES
  agreement with myopic: 4/6 = 0.667

================================================================================
ThreeGeneration_MixedA_Base_2gene
================================================================================
  step state                                             MYOPIC          MLP             match
  0    root                                              TEST Father     TEST Father     YES
  1    {Father:(0, 0)}                                   TEST Child      TEST Child      YES
  2    {Child:(0, 0), Father:(0, 0)}                     STOP            TEST GrandfatherNO
  agreement with myopic: 2/3 = 0.667

================================================================================
ThreeGeneration_MixedA_Aggressive_2gene
================================================================================
  step state                                             MYOPIC          MLP             match
  0    root                                              TEST Father     TEST Father     YES
  1    {Father:(0, 0)}                                   TEST Child      TEST Child      YES
  2    {Child:(0, 0), Father:(0, 0)}                     TEST GrandfatherTEST GrandfatherYES
  3    {Child:(0, 0), Father:(0, 0), Grandfather:(0, 0)} TEST GrandmotherTEST GrandmotherYES
  4    {Child:(0, 0), Father:(0, 0), Grandfather:(0, 0), Grandmother:(0, 0)}TEST Mother     TEST Mother     YES
  5    {Child:(0, 0), Father:(0, 0), Grandfather:(0, 0), Grandmother:(0, 0), Mother:(0, 0)}STOP            STOP            YES
  agreement with myopic: 6/6 = 1.000

================================================================================
ThreeGeneration_MixedB_Base_2gene
================================================================================
  step state                                             MYOPIC          MLP             match
  0    root                                              TEST Father     TEST Father     YES
  1    {Father:(0, 0)}                                   TEST Child      TEST Mother     NO
  2    {Child:(0, 0), Father:(0, 0)}                     STOP            TEST GrandfatherNO
  agreement with myopic: 1/3 = 0.333

================================================================================
ThreeGeneration_MixedB_Aggressive_2gene
================================================================================
  step state                                             MYOPIC          MLP             match
  0    root                                              TEST Father     TEST Father     YES
  1    {Father:(0, 0)}                                   TEST Child      TEST Mother     NO
  2    {Child:(0, 0), Father:(0, 0)}                     TEST GrandfatherTEST GrandfatherYES
  3    {Child:(0, 0), Father:(0, 0), Grandfather:(0, 0)} TEST GrandmotherTEST GrandmotherYES
  4    {Child:(0, 0), Father:(0, 0), Grandfather:(0, 0), Grandmother:(0, 0)}TEST Mother     TEST Mother     YES
  5    {Child:(0, 0), Father:(0, 0), Grandfather:(0, 0), Grandmother:(0, 0), Mother:(0, 0)}STOP            STOP            YES
  agreement with myopic: 5/6 = 0.833

================================================================================
OVERALL
  agreement with myopic: 37/53 = 0.698
  root-state agreement:  12/12 = 1.000
saved -> /net/projects/ranalab/rajhansini/replication_16features/fixing_gnn_q/results/2gene/ce/mlp/seed0/myopic_vs_model.json
saved -> /net/projects/ranalab/rajhansini/replication_16features/fixing_gnn_q/results/2gene/ce/mlp/seed0/myopic_vs_model.log
