
============================================================
[ADP 2-GENE] 2026-07-16T20:58:09.367782
genes: ('GeneA', 'GeneB')
features: ('best_second_best_test_margin', 'boundary_state_indicator', 'bridge_depth_mass', 'collateral_block_count', 'cost_adjusted_continuation_margin', 'descendant_bridge_mass', 'frontier_carrier_mass', 'frontier_carrier_max', 'frontier_carrier_variance', 'myopic_stop_gate_pressure', 'myopic_tests', 'sibling_breadth', 'stop_test_margin', 'all_untested_carrier_variance_honest', 'allele_asymmetry_high_gene_GeneA_carrier_depth_mass_honest', 'collateral_active_parent_pair_block_count_honest')
n_features: 16
configs: 12

──────────────────────────────────────────────────
[CONFIG] ThreeGeneration_LowHigh_Base_2gene
  V*(root)=-0.109158  V_stop(root)=-0.168312
  states: 20,816
    Building features: 20816 states × 16 features...
    Features done in 0.9s. Building LP constraints...
    LP: 40720 constraints × 16 vars — solving...
    LP done in 0.2s  status=0
  theta = [0.0, 0.0, 0.0, 0.0, 0.0, 0.0, 0.0, 0.0, 0.0, 0.0, 0.0, 0.0, 0.0, 0.0, 0.0, 0.0]
  L(ADP)=-0.115608  ratio2=0.109037  (4s total)

──────────────────────────────────────────────────
[CONFIG] ThreeGeneration_LowHigh_Aggressive_2gene
  V*(root)=-0.111386  V_stop(root)=-0.247485
  states: 20,816
    Building features: 20816 states × 16 features...
    Features done in 0.9s. Building LP constraints...
    LP: 40720 constraints × 16 vars — solving...
    LP done in 0.1s  status=0
  theta = [0.0, 0.0, 0.0, 0.0, 0.0, 0.0, 0.0, 0.0, 0.0, 0.0, 0.0, 0.0, 0.0, 0.0, 0.0, 0.0]
  L(ADP)=-0.118164  ratio2=0.049804  (4s total)

──────────────────────────────────────────────────
[CONFIG] ThreeGeneration_MediumEven_Base_2gene
  V*(root)=-0.117677  V_stop(root)=-0.199368
  states: 20,816
    Building features: 20816 states × 16 features...
    Features done in 0.9s. Building LP constraints...
    LP: 40720 constraints × 16 vars — solving...
    LP done in 0.1s  status=0
  theta = [0.0, 0.0, 0.0, 0.0, 0.0, 0.0, 0.0, 0.0, 0.0, 0.0, 0.0, 0.0, 0.0, 0.0, 0.0, 0.0]
  L(ADP)=-0.125420  ratio2=0.094786  (4s total)

──────────────────────────────────────────────────
[CONFIG] ThreeGeneration_MediumEven_Aggressive_2gene
  V*(root)=-0.122735  V_stop(root)=-0.295584
  states: 20,816
    Building features: 20816 states × 16 features...
    Features done in 0.9s. Building LP constraints...
    LP: 40720 constraints × 16 vars — solving...
    LP done in 0.1s  status=0
  theta = [0.0, 0.0, 0.0, 0.0, 0.0, 0.0, 0.0, 0.0, 0.0, 0.0, 0.0, 0.0, 0.0, 0.0, 0.0, 0.0]
  L(ADP)=-0.130999  ratio2=0.047811  (4s total)

──────────────────────────────────────────────────
[CONFIG] ThreeGeneration_LowLow_Base_2gene
  V*(root)=-0.045592  V_stop(root)=-0.056456
  states: 20,816
    Building features: 20816 states × 16 features...
    Features done in 0.9s. Building LP constraints...
    LP: 40720 constraints × 16 vars — solving...
    LP done in 0.1s  status=0
  theta = [0.0, 0.0, 0.0, 0.0, 0.0, 0.0, 0.0, 0.0, 0.0, 0.0, 0.0, 0.0, 0.0, 0.0, 0.0, 0.0]
  L(ADP)=-0.062599  ratio2=1.565512  (4s total)

──────────────────────────────────────────────────
[CONFIG] ThreeGeneration_LowLow_Aggressive_2gene
  V*(root)=-0.052075  V_stop(root)=-0.084453
  states: 20,816
    Building features: 20816 states × 16 features...
    Features done in 0.9s. Building LP constraints...
    LP: 40720 constraints × 16 vars — solving...
    LP done in 0.1s  status=0
  theta = [0.0, 0.0, 0.0, 0.0, 0.0, 0.0, 0.0, 0.0, 0.0, 0.0, 0.0, 0.0, 0.0, 0.0, 0.0, 0.0]
  L(ADP)=-0.065460  ratio2=0.413397  (4s total)

──────────────────────────────────────────────────
[CONFIG] ThreeGeneration_HighHigh_Base_2gene
  V*(root)=-0.181939  V_stop(root)=-0.321678
  states: 20,816
    Building features: 20816 states × 16 features...
    Features done in 0.9s. Building LP constraints...
    LP: 40720 constraints × 16 vars — solving...
    LP done in 0.1s  status=0
  theta = [0.0, 0.0, 0.0, 0.0, 0.0, 0.0, 0.0, 0.0, 0.0, 0.0, 0.0, 0.0, 0.0, 0.0, 0.0, 0.0]
  L(ADP)=-0.187924  ratio2=0.042826  (4s total)

──────────────────────────────────────────────────
[CONFIG] ThreeGeneration_HighHigh_Aggressive_2gene
  V*(root)=-0.190984  V_stop(root)=-0.471197
  states: 20,816
    Building features: 20816 states × 16 features...
    Features done in 0.9s. Building LP constraints...
    LP: 40720 constraints × 16 vars — solving...
    LP done in 0.1s  status=0
  theta = [0.0, 0.0, 0.0, 0.0, 0.0, 0.0, 0.0, 0.0, 0.0, 0.0, 0.0, 0.0, 0.0, 0.0, 0.0, 0.0]
  L(ADP)=-0.196853  ratio2=0.020945  (4s total)

──────────────────────────────────────────────────
[CONFIG] ThreeGeneration_MixedA_Base_2gene
  V*(root)=-0.087561  V_stop(root)=-0.133804
  states: 20,816
    Building features: 20816 states × 16 features...
    Features done in 0.9s. Building LP constraints...
    LP: 40720 constraints × 16 vars — solving...
    LP done in 0.1s  status=0
  theta = [0.0, 0.0, 0.0, 0.0, 0.0, 0.0, 0.0, 0.0, 0.0, 0.0, 0.0, 0.0, 0.0, 0.0, 0.0, 0.0]
  L(ADP)=-0.096526  ratio2=0.193875  (4s total)

──────────────────────────────────────────────────
[CONFIG] ThreeGeneration_MixedA_Aggressive_2gene
  V*(root)=-0.091319  V_stop(root)=-0.198299
  states: 20,816
    Building features: 20816 states × 16 features...
    Features done in 0.9s. Building LP constraints...
    LP: 40720 constraints × 16 vars — solving...
    LP done in 0.1s  status=0
  theta = [0.0, 0.0, 0.0, 0.0, 0.0, 0.0, 0.0, 0.0, 0.0, 0.0, 0.0, 0.0, 0.0, 0.0, 0.0, 0.0]
  L(ADP)=-0.100382  ratio2=0.084719  (4s total)

──────────────────────────────────────────────────
[CONFIG] ThreeGeneration_MixedB_Base_2gene
  V*(root)=-0.115839  V_stop(root)=-0.192521
  states: 20,816
    Building features: 20816 states × 16 features...
    Features done in 0.9s. Building LP constraints...
    LP: 40720 constraints × 16 vars — solving...
    LP done in 0.1s  status=0
  theta = [0.0, 0.0, 0.0, 0.0, 0.0, 0.0, 0.0, 0.0, 0.0, 0.0, 0.0, 0.0, 0.0, 0.0, 0.0, 0.0]
  L(ADP)=-0.123065  ratio2=0.094229  (4s total)

──────────────────────────────────────────────────
[CONFIG] ThreeGeneration_MixedB_Aggressive_2gene
  V*(root)=-0.119417  V_stop(root)=-0.284776
  states: 20,816
    Building features: 20816 states × 16 features...
    Features done in 0.9s. Building LP constraints...
    LP: 40720 constraints × 16 vars — solving...
    LP done in 0.1s  status=0
  theta = [0.0, 0.0, 0.0, 0.0, 0.0, 0.0, 0.0, 0.0, 0.0, 0.0, 0.0, 0.0, 0.0, 0.0, 0.0, 0.0]
  L(ADP)=-0.127076  ratio2=0.046321  (4s total)

============================================================
ADP 2-gene avg ratio2 = 0.2303  (12/12 configs)
