[myopic_vs_model] 2026-07-22T17:18:37.559155  genes=2  seed=2  variant=ce_reweighted  model=gnn
output -> /net/projects/ranalab/rajhansini/replication_16features/fixing_gnn_q/results/2gene/ce_reweighted/gnn/seed2
loaded /net/projects/ranalab/rajhansini/replication_16features/fixing_gnn_q/results/gnn_q_ce_reweighted_2gene/seed_runs/seed2/gnn_q_ce_rw_2gene.pt  params=7393

================================================================================
ThreeGeneration_LowHigh_Base_2gene
================================================================================
  step state                                             MYOPIC          GNN             match
  0    root                                              TEST Father     TEST Father     YES
  1    {Father:(0, 0)}                                   TEST Child      TEST Mother     NO
  2    {Child:(0, 0), Father:(0, 0)}                     STOP            TEST GrandfatherNO
  agreement with myopic: 1/3 = 0.333

================================================================================
ThreeGeneration_LowHigh_Aggressive_2gene
================================================================================
  step state                                             MYOPIC          GNN             match
  0    root                                              TEST Father     TEST Father     YES
  1    {Father:(0, 0)}                                   TEST Child      TEST Mother     NO
  2    {Child:(0, 0), Father:(0, 0)}                     TEST Mother     TEST GrandfatherNO
  3    {Child:(0, 0), Father:(0, 0), Mother:(0, 0)}      TEST GrandfatherTEST GrandfatherYES
  4    {Child:(0, 0), Father:(0, 0), Grandfather:(0, 0), Mother:(0, 0)}TEST GrandmotherTEST GrandmotherYES
  5    {Child:(0, 0), Father:(0, 0), Grandfather:(0, 0), Grandmother:(0, 0), Mother:(0, 0)}STOP            STOP            YES
  agreement with myopic: 4/6 = 0.667

================================================================================
ThreeGeneration_MediumEven_Base_2gene
================================================================================
  step state                                             MYOPIC          GNN             match
  0    root                                              TEST Father     TEST GrandfatherNO
  1    {Father:(0, 0)}                                   TEST Child      TEST Mother     NO
  2    {Child:(0, 0), Father:(0, 0)}                     STOP            TEST GrandfatherNO
  agreement with myopic: 0/3 = 0.000

================================================================================
ThreeGeneration_MediumEven_Aggressive_2gene
================================================================================
  step state                                             MYOPIC          GNN             match
  0    root                                              TEST Father     TEST GrandfatherNO
  1    {Father:(0, 0)}                                   TEST Child      TEST Mother     NO
  2    {Child:(0, 0), Father:(0, 0)}                     TEST GrandfatherTEST GrandfatherYES
  3    {Child:(0, 0), Father:(0, 0), Grandfather:(0, 0)} TEST GrandmotherTEST GrandmotherYES
  4    {Child:(0, 0), Father:(0, 0), Grandfather:(0, 0), Grandmother:(0, 0)}TEST Mother     TEST Mother     YES
  5    {Child:(0, 0), Father:(0, 0), Grandfather:(0, 0), Grandmother:(0, 0), Mother:(0, 0)}STOP            STOP            YES
  agreement with myopic: 4/6 = 0.667

================================================================================
ThreeGeneration_LowLow_Base_2gene
================================================================================
  step state                                             MYOPIC          GNN             match
  0    root                                              TEST Father     TEST Father     YES
  1    {Father:(0, 0)}                                   STOP            TEST GrandfatherNO
  agreement with myopic: 1/2 = 0.500

================================================================================
ThreeGeneration_LowLow_Aggressive_2gene
================================================================================
  step state                                             MYOPIC          GNN             match
  0    root                                              TEST Father     TEST Father     YES
  1    {Father:(0, 0)}                                   TEST Child      TEST GrandfatherNO
  2    {Child:(0, 0), Father:(0, 0)}                     STOP            TEST GrandfatherNO
  agreement with myopic: 1/3 = 0.333

================================================================================
ThreeGeneration_HighHigh_Base_2gene
================================================================================
  step state                                             MYOPIC          GNN             match
  0    root                                              TEST Father     TEST GrandfatherNO
  1    {Father:(0, 0)}                                   TEST Child      TEST Child      YES
  2    {Child:(0, 0), Father:(0, 0)}                     TEST GrandfatherTEST GrandfatherYES
  3    {Child:(0, 0), Father:(0, 0), Grandfather:(0, 0)} TEST GrandmotherTEST GrandmotherYES
  4    {Child:(0, 0), Father:(0, 0), Grandfather:(0, 0), Grandmother:(0, 0)}TEST Mother     STOP            NO
  5    {Child:(0, 0), Father:(0, 0), Grandfather:(0, 0), Grandmother:(0, 0), Mother:(0, 0)}STOP            STOP            YES
  agreement with myopic: 4/6 = 0.667

================================================================================
ThreeGeneration_HighHigh_Aggressive_2gene
================================================================================
  step state                                             MYOPIC          GNN             match
  0    root                                              TEST Father     TEST GrandfatherNO
  1    {Father:(0, 0)}                                   TEST Child      TEST Child      YES
  2    {Child:(0, 0), Father:(0, 0)}                     TEST Mother     TEST GrandfatherNO
  3    {Child:(0, 0), Father:(0, 0), Mother:(0, 0)}      TEST GrandfatherTEST GrandfatherYES
  4    {Child:(0, 0), Father:(0, 0), Grandfather:(0, 0), Mother:(0, 0)}TEST GrandmotherTEST GrandmotherYES
  5    {Child:(0, 0), Father:(0, 0), Grandfather:(0, 0), Grandmother:(0, 0), Mother:(0, 0)}STOP            STOP            YES
  agreement with myopic: 4/6 = 0.667

================================================================================
ThreeGeneration_MixedA_Base_2gene
================================================================================
  step state                                             MYOPIC          GNN             match
  0    root                                              TEST Father     TEST Father     YES
  1    {Father:(0, 0)}                                   TEST Child      TEST Mother     NO
  2    {Child:(0, 0), Father:(0, 0)}                     STOP            TEST GrandfatherNO
  agreement with myopic: 1/3 = 0.333

================================================================================
ThreeGeneration_MixedA_Aggressive_2gene
================================================================================
  step state                                             MYOPIC          GNN             match
  0    root                                              TEST Father     TEST Father     YES
  1    {Father:(0, 0)}                                   TEST Child      TEST Mother     NO
  2    {Child:(0, 0), Father:(0, 0)}                     TEST GrandfatherTEST GrandfatherYES
  3    {Child:(0, 0), Father:(0, 0), Grandfather:(0, 0)} TEST GrandmotherTEST GrandmotherYES
  4    {Child:(0, 0), Father:(0, 0), Grandfather:(0, 0), Grandmother:(0, 0)}TEST Mother     TEST Mother     YES
  5    {Child:(0, 0), Father:(0, 0), Grandfather:(0, 0), Grandmother:(0, 0), Mother:(0, 0)}STOP            STOP            YES
  agreement with myopic: 5/6 = 0.833

================================================================================
ThreeGeneration_MixedB_Base_2gene
================================================================================
  step state                                             MYOPIC          GNN             match
  0    root                                              TEST Father     TEST Father     YES
  1    {Father:(0, 0)}                                   TEST Child      TEST Mother     NO
  2    {Child:(0, 0), Father:(0, 0)}                     STOP            TEST GrandfatherNO
  agreement with myopic: 1/3 = 0.333

================================================================================
ThreeGeneration_MixedB_Aggressive_2gene
================================================================================
  step state                                             MYOPIC          GNN             match
  0    root                                              TEST Father     TEST GrandfatherNO
  1    {Father:(0, 0)}                                   TEST Child      TEST Mother     NO
  2    {Child:(0, 0), Father:(0, 0)}                     TEST GrandfatherTEST GrandfatherYES
  3    {Child:(0, 0), Father:(0, 0), Grandfather:(0, 0)} TEST GrandmotherTEST GrandmotherYES
  4    {Child:(0, 0), Father:(0, 0), Grandfather:(0, 0), Grandmother:(0, 0)}TEST Mother     TEST Mother     YES
  5    {Child:(0, 0), Father:(0, 0), Grandfather:(0, 0), Grandmother:(0, 0), Mother:(0, 0)}STOP            STOP            YES
  agreement with myopic: 4/6 = 0.667

================================================================================
OVERALL
  agreement with myopic: 30/53 = 0.566
  root-state agreement:  7/12 = 0.583
saved -> /net/projects/ranalab/rajhansini/replication_16features/fixing_gnn_q/results/2gene/ce_reweighted/gnn/seed2/myopic_vs_model.json
saved -> /net/projects/ranalab/rajhansini/replication_16features/fixing_gnn_q/results/2gene/ce_reweighted/gnn/seed2/myopic_vs_model.log
