[model_vs_dp] 2026-07-22T22:24:12.986923  genes=3  seed=0  variant=ce_reweighted  model=mlp
output -> /net/projects/ranalab/rajhansini/replication_16features/fixing_gnn_q/results/3gene/ce_reweighted/mlp/seed0
loaded /net/projects/ranalab/rajhansini/replication_16features/fixing_gnn_q/results/mlp_q_ce_reweighted/seed_runs/seed0/mlp_q_ce_rw.pt  params=1249

================================================================================
ThreeGeneration_LowHigh_Base_3gene
================================================================================
  step state                                             MLP             DP (ground truth)   match
  0    root                                              TEST Child      TEST Grandfather    NO
  1    {Child:(0, 0, 0)}                                 TEST Father     TEST Grandfather    NO
  2    {Child:(0, 0, 0), Father:(0, 0, 0)}               STOP            TEST Mother         NO
  agreement with DP (ground truth): 0/3 = 0.000

================================================================================
ThreeGeneration_LowHigh_Aggressive_3gene
================================================================================
  step state                                             MLP             DP (ground truth)   match
  0    root                                              TEST Child      TEST Grandfather    NO
  1    {Child:(0, 0, 0)}                                 TEST Father     TEST Grandfather    NO
  2    {Child:(0, 0, 0), Father:(0, 0, 0)}               TEST GrandfatherTEST Grandfather    YES
  3    {Child:(0, 0, 0), Father:(0, 0, 0), Grandfather:(0, 0, 0)}TEST GrandmotherTEST Grandmother    YES
  4    {Child:(0, 0, 0), Father:(0, 0, 0), Grandfather:(0, 0, 0), Grandmother:(0, 0, 0)}TEST Mother     TEST Mother         YES
  5    {Child:(0, 0, 0), Father:(0, 0, 0), Grandfather:(0, 0, 0), Grandmother:(0, 0, 0), Mother:(0, 0, 0)}STOP            STOP                YES
  agreement with DP (ground truth): 4/6 = 0.667

================================================================================
ThreeGeneration_MediumEven_Base_3gene
================================================================================
  step state                                             MLP             DP (ground truth)   match
  0    root                                              TEST Child      TEST Grandfather    NO
  1    {Child:(0, 0, 0)}                                 TEST Father     TEST Grandfather    NO
  2    {Child:(0, 0, 0), Father:(0, 0, 0)}               STOP            TEST Grandfather    NO
  agreement with DP (ground truth): 0/3 = 0.000

================================================================================
ThreeGeneration_MediumEven_Aggressive_3gene
================================================================================
  step state                                             MLP             DP (ground truth)   match
  0    root                                              TEST Child      TEST Grandfather    NO
  1    {Child:(0, 0, 0)}                                 TEST Father     TEST Grandfather    NO
  2    {Child:(0, 0, 0), Father:(0, 0, 0)}               TEST GrandfatherTEST Grandfather    YES
  3    {Child:(0, 0, 0), Father:(0, 0, 0), Grandfather:(0, 0, 0)}STOP            TEST Grandmother    NO
  agreement with DP (ground truth): 1/4 = 0.250

================================================================================
ThreeGeneration_LowLow_Base_3gene
================================================================================
  step state                                             MLP             DP (ground truth)   match
  0    root                                              TEST Child      TEST Father         NO
  1    {Child:(0, 0, 0)}                                 TEST Father     TEST Father         YES
  2    {Child:(0, 0, 0), Father:(0, 0, 0)}               STOP            STOP                YES
  agreement with DP (ground truth): 2/3 = 0.667

================================================================================
ThreeGeneration_LowLow_Aggressive_3gene
================================================================================
  step state                                             MLP             DP (ground truth)   match
  0    root                                              TEST Child      TEST Grandfather    NO
  1    {Child:(0, 0, 0)}                                 TEST Father     TEST Grandfather    NO
  2    {Child:(0, 0, 0), Father:(0, 0, 0)}               STOP            STOP                YES
  agreement with DP (ground truth): 1/3 = 0.333

================================================================================
ThreeGeneration_HighHigh_Base_3gene
================================================================================
  step state                                             MLP             DP (ground truth)   match
  0    root                                              TEST Child      TEST Grandfather    NO
  1    {Child:(0, 0, 0)}                                 TEST GrandfatherTEST Mother         NO
  2    {Child:(0, 0, 0), Grandfather:(0, 0, 0)}          TEST GrandmotherTEST Mother         NO
  3    {Child:(0, 0, 0), Grandfather:(0, 0, 0), Grandmother:(0, 0, 0)}TEST Mother     TEST Mother         YES
  4    {Child:(0, 0, 0), Grandfather:(0, 0, 0), Grandmother:(0, 0, 0), Mother:(0, 0, 0)}STOP            STOP                YES
  agreement with DP (ground truth): 2/5 = 0.400

================================================================================
ThreeGeneration_HighHigh_Aggressive_3gene
================================================================================
  step state                                             MLP             DP (ground truth)   match
  0    root                                              TEST Child      TEST Grandfather    NO
  1    {Child:(0, 0, 0)}                                 TEST GrandfatherTEST Grandfather    YES
  2    {Child:(0, 0, 0), Grandfather:(0, 0, 0)}          TEST GrandmotherTEST Mother         NO
  3    {Child:(0, 0, 0), Grandfather:(0, 0, 0), Grandmother:(0, 0, 0)}TEST Mother     TEST Mother         YES
  4    {Child:(0, 0, 0), Grandfather:(0, 0, 0), Grandmother:(0, 0, 0), Mother:(0, 0, 0)}STOP            STOP                YES
  agreement with DP (ground truth): 3/5 = 0.600

================================================================================
ThreeGeneration_MixedA_Base_3gene
================================================================================
  step state                                             MLP             DP (ground truth)   match
  0    root                                              TEST Child      TEST Grandfather    NO
  1    {Child:(0, 0, 0)}                                 TEST Father     TEST Grandfather    NO
  2    {Child:(0, 0, 0), Father:(0, 0, 0)}               STOP            TEST Grandfather    NO
  agreement with DP (ground truth): 0/3 = 0.000

================================================================================
ThreeGeneration_MixedA_Aggressive_3gene
================================================================================
  step state                                             MLP             DP (ground truth)   match
  0    root                                              TEST Child      TEST Grandfather    NO
  1    {Child:(0, 0, 0)}                                 TEST Father     TEST Grandfather    NO
  2    {Child:(0, 0, 0), Father:(0, 0, 0)}               TEST GrandfatherTEST Grandfather    YES
  3    {Child:(0, 0, 0), Father:(0, 0, 0), Grandfather:(0, 0, 0)}STOP            TEST Mother         NO
  agreement with DP (ground truth): 1/4 = 0.250

================================================================================
ThreeGeneration_MixedB_Base_3gene
================================================================================
  step state                                             MLP             DP (ground truth)   match
  0    root                                              TEST Child      TEST Grandfather    NO
  1    {Child:(0, 0, 0)}                                 TEST Father     TEST Grandfather    NO
  2    {Child:(0, 0, 0), Father:(0, 0, 0)}               STOP            TEST Grandfather    NO
  agreement with DP (ground truth): 0/3 = 0.000

================================================================================
ThreeGeneration_MixedB_Aggressive_3gene
================================================================================
  step state                                             MLP             DP (ground truth)   match
  0    root                                              TEST Child      TEST Grandfather    NO
  1    {Child:(0, 0, 0)}                                 TEST Father     TEST Grandfather    NO
  2    {Child:(0, 0, 0), Father:(0, 0, 0)}               STOP            TEST Grandfather    NO
  agreement with DP (ground truth): 0/3 = 0.000

================================================================================
OVERALL
  agreement with DP (ground truth): 14/45 = 0.311
  root-state agreement:             0/12 = 0.000
saved -> /net/projects/ranalab/rajhansini/replication_16features/fixing_gnn_q/results/3gene/ce_reweighted/mlp/seed0/model_vs_dp.json
saved -> /net/projects/ranalab/rajhansini/replication_16features/fixing_gnn_q/results/3gene/ce_reweighted/mlp/seed0/model_vs_dp.log
