[e0_fourway] 2026-08-24T03:07:07.463866  genes=3  seed=0  variant=E0 (baseline MSE)
loaded /net/projects/ranalab/rajhansini/replication_16features/experiments_after_understanding/q_learning/results/seed_runs/seed0/gnn_q.pt
loaded /net/projects/ranalab/rajhansini/replication_16features/experiments_after_understanding/q_learning/results/seed_runs/seed0/mlp_q.pt

==========================================================================================
ThreeGeneration_LowHigh_Base_3gene
==========================================================================================
  step state                                             DP (truth)        MYOPIC          GNN             MLP             agree
  0    root                                              TEST Grandfather  TEST GrandfatherTEST Child      TEST Father     partial
  1    {Grandfather:(0, 0, 0)}                           TEST Grandmother  TEST Father     TEST Father     TEST Father     none
  2    {Father:(0, 0, 0), Grandfather:(0, 0, 0)}         TEST Mother       TEST GrandmotherTEST Child      TEST Grandmothernone
  3    {Father:(0, 0, 0), Grandfather:(0, 0, 0), Grandmother:(0, 0, 0)}TEST Mother       TEST Child      TEST Child      TEST Child      none
  4    {Child:(0, 0, 0), Father:(0, 0, 0), Grandfather:(0, 0, 0), Grandmother:(0, 0, 0)}TEST Mother       TEST Mother     STOP            TEST Mother     partial
  5    {Child:(0, 0, 0), Father:(0, 0, 0), Grandfather:(0, 0, 0), Grandmother:(0, 0, 0), Mother:(0, 0, 0)}STOP              STOP            STOP            STOP            ALL
  agreement vs DP: myopic=3/6=0.500  gnn=1/6=0.167  mlp=2/6=0.333  all4=1/6=0.167

==========================================================================================
ThreeGeneration_LowHigh_Aggressive_3gene
==========================================================================================
  step state                                             DP (truth)        MYOPIC          GNN             MLP             agree
  0    root                                              TEST Grandfather  TEST GrandfatherTEST Child      TEST Father     partial
  1    {Grandfather:(0, 0, 0)}                           TEST Grandmother  TEST Father     TEST Father     TEST Father     none
  2    {Father:(0, 0, 0), Grandfather:(0, 0, 0)}         TEST Mother       TEST GrandmotherTEST Child      TEST Grandmothernone
  3    {Father:(0, 0, 0), Grandfather:(0, 0, 0), Grandmother:(0, 0, 0)}TEST Mother       TEST Child      TEST Child      TEST Child      none
  4    {Child:(0, 0, 0), Father:(0, 0, 0), Grandfather:(0, 0, 0), Grandmother:(0, 0, 0)}TEST Mother       TEST Mother     STOP            TEST Mother     partial
  5    {Child:(0, 0, 0), Father:(0, 0, 0), Grandfather:(0, 0, 0), Grandmother:(0, 0, 0), Mother:(0, 0, 0)}STOP              STOP            STOP            STOP            ALL
  agreement vs DP: myopic=3/6=0.500  gnn=1/6=0.167  mlp=2/6=0.333  all4=1/6=0.167

==========================================================================================
ThreeGeneration_MediumEven_Base_3gene
==========================================================================================
  step state                                             DP (truth)        MYOPIC          GNN             MLP             agree
  0    root                                              TEST Grandfather  TEST GrandfatherTEST Child      TEST Father     partial
  1    {Grandfather:(0, 0, 0)}                           TEST Grandmother  TEST Father     TEST Father     TEST Father     none
  2    {Father:(0, 0, 0), Grandfather:(0, 0, 0)}         TEST Mother       TEST GrandmotherTEST Child      TEST Grandmothernone
  3    {Father:(0, 0, 0), Grandfather:(0, 0, 0), Grandmother:(0, 0, 0)}TEST Mother       TEST Child      TEST Child      TEST Child      none
  4    {Child:(0, 0, 0), Father:(0, 0, 0), Grandfather:(0, 0, 0), Grandmother:(0, 0, 0)}TEST Mother       TEST Mother     STOP            TEST Mother     partial
  5    {Child:(0, 0, 0), Father:(0, 0, 0), Grandfather:(0, 0, 0), Grandmother:(0, 0, 0), Mother:(0, 0, 0)}STOP              STOP            STOP            STOP            ALL
  agreement vs DP: myopic=3/6=0.500  gnn=1/6=0.167  mlp=2/6=0.333  all4=1/6=0.167

==========================================================================================
ThreeGeneration_MediumEven_Aggressive_3gene
==========================================================================================
  step state                                             DP (truth)        MYOPIC          GNN             MLP             agree
  0    root                                              TEST Grandfather  TEST GrandfatherTEST Child      TEST Father     partial
  1    {Grandfather:(0, 0, 0)}                           TEST Grandmother  TEST Father     TEST Father     TEST Father     none
  2    {Father:(0, 0, 0), Grandfather:(0, 0, 0)}         TEST Grandmother  TEST GrandmotherTEST Child      TEST Grandmotherpartial
  3    {Father:(0, 0, 0), Grandfather:(0, 0, 0), Grandmother:(0, 0, 0)}TEST Mother       TEST Child      TEST Child      TEST Child      none
  4    {Child:(0, 0, 0), Father:(0, 0, 0), Grandfather:(0, 0, 0), Grandmother:(0, 0, 0)}TEST Mother       TEST Mother     STOP            TEST Mother     partial
  5    {Child:(0, 0, 0), Father:(0, 0, 0), Grandfather:(0, 0, 0), Grandmother:(0, 0, 0), Mother:(0, 0, 0)}STOP              STOP            STOP            STOP            ALL
  agreement vs DP: myopic=4/6=0.667  gnn=1/6=0.167  mlp=3/6=0.500  all4=1/6=0.167

==========================================================================================
ThreeGeneration_LowLow_Base_3gene
==========================================================================================
  step state                                             DP (truth)        MYOPIC          GNN             MLP             agree
  0    root                                              TEST Father       TEST GrandfatherTEST Father     TEST Father     partial
  1    {Grandfather:(0, 0, 0)}                           TEST Child        TEST Father     TEST Father     TEST Father     none
  2    {Father:(0, 0, 0), Grandfather:(0, 0, 0)}         TEST Mother       TEST GrandmotherSTOP            STOP            none
  3    {Father:(0, 0, 0), Grandfather:(0, 0, 0), Grandmother:(0, 0, 0)}TEST Mother       TEST Child      STOP            TEST Child      none
  4    {Child:(0, 0, 0), Father:(0, 0, 0), Grandfather:(0, 0, 0), Grandmother:(0, 0, 0)}STOP              STOP            STOP            TEST Mother     partial
  agreement vs DP: myopic=1/5=0.200  gnn=2/5=0.400  mlp=1/5=0.200  all4=0/5=0.000

==========================================================================================
ThreeGeneration_LowLow_Aggressive_3gene
==========================================================================================
  step state                                             DP (truth)        MYOPIC          GNN             MLP             agree
  0    root                                              TEST Grandfather  TEST GrandfatherTEST Father     TEST Father     partial
  1    {Grandfather:(0, 0, 0)}                           TEST Grandmother  TEST Father     TEST Father     TEST Father     none
  2    {Father:(0, 0, 0), Grandfather:(0, 0, 0)}         TEST Mother       TEST GrandmotherTEST Child      TEST Child      none
  3    {Father:(0, 0, 0), Grandfather:(0, 0, 0), Grandmother:(0, 0, 0)}TEST Mother       TEST Child      STOP            TEST Child      none
  4    {Child:(0, 0, 0), Father:(0, 0, 0), Grandfather:(0, 0, 0), Grandmother:(0, 0, 0)}STOP              STOP            STOP            TEST Mother     partial
  agreement vs DP: myopic=2/5=0.400  gnn=1/5=0.200  mlp=0/5=0.000  all4=0/5=0.000

==========================================================================================
ThreeGeneration_HighHigh_Base_3gene
==========================================================================================
  step state                                             DP (truth)        MYOPIC          GNN             MLP             agree
  0    root                                              TEST Grandfather  TEST GrandfatherTEST Child      TEST Father     partial
  1    {Grandfather:(0, 0, 0)}                           TEST Child        TEST Father     TEST Child      TEST Father     partial
  2    {Father:(0, 0, 0), Grandfather:(0, 0, 0)}         TEST Grandmother  TEST GrandmotherTEST Mother     TEST Grandmotherpartial
  3    {Father:(0, 0, 0), Grandfather:(0, 0, 0), Grandmother:(0, 0, 0)}TEST Child        TEST Child      TEST Mother     TEST Child      partial
  4    {Child:(0, 0, 0), Father:(0, 0, 0), Grandfather:(0, 0, 0), Grandmother:(0, 0, 0)}TEST Mother       TEST Mother     STOP            TEST Mother     partial
  5    {Child:(0, 0, 0), Father:(0, 0, 0), Grandfather:(0, 0, 0), Grandmother:(0, 0, 0), Mother:(0, 0, 0)}STOP              STOP            STOP            STOP            ALL
  agreement vs DP: myopic=5/6=0.833  gnn=2/6=0.333  mlp=4/6=0.667  all4=1/6=0.167

==========================================================================================
ThreeGeneration_HighHigh_Aggressive_3gene
==========================================================================================
  step state                                             DP (truth)        MYOPIC          GNN             MLP             agree
  0    root                                              TEST Grandfather  TEST GrandfatherTEST Child      TEST Father     partial
  1    {Grandfather:(0, 0, 0)}                           TEST Grandmother  TEST Father     TEST Father     TEST Father     none
  2    {Father:(0, 0, 0), Grandfather:(0, 0, 0)}         TEST Grandmother  TEST GrandmotherTEST Mother     TEST Grandmotherpartial
  3    {Father:(0, 0, 0), Grandfather:(0, 0, 0), Grandmother:(0, 0, 0)}TEST Mother       TEST Child      TEST Mother     TEST Child      partial
  4    {Child:(0, 0, 0), Father:(0, 0, 0), Grandfather:(0, 0, 0), Grandmother:(0, 0, 0)}TEST Mother       TEST Mother     TEST Mother     TEST Mother     ALL
  5    {Child:(0, 0, 0), Father:(0, 0, 0), Grandfather:(0, 0, 0), Grandmother:(0, 0, 0), Mother:(0, 0, 0)}STOP              STOP            STOP            STOP            ALL
  agreement vs DP: myopic=4/6=0.667  gnn=3/6=0.500  mlp=3/6=0.500  all4=2/6=0.333

==========================================================================================
ThreeGeneration_MixedA_Base_3gene
==========================================================================================
  step state                                             DP (truth)        MYOPIC          GNN             MLP             agree
  0    root                                              TEST Grandfather  TEST GrandfatherTEST Child      TEST Father     partial
  1    {Grandfather:(0, 0, 0)}                           TEST Grandmother  TEST Father     TEST Father     TEST Father     none
  2    {Father:(0, 0, 0), Grandfather:(0, 0, 0)}         TEST Grandmother  TEST GrandmotherTEST Child      TEST Grandmotherpartial
  3    {Father:(0, 0, 0), Grandfather:(0, 0, 0), Grandmother:(0, 0, 0)}TEST Mother       TEST Child      TEST Child      TEST Child      none
  4    {Child:(0, 0, 0), Father:(0, 0, 0), Grandfather:(0, 0, 0), Grandmother:(0, 0, 0)}TEST Mother       TEST Mother     STOP            TEST Mother     partial
  5    {Child:(0, 0, 0), Father:(0, 0, 0), Grandfather:(0, 0, 0), Grandmother:(0, 0, 0), Mother:(0, 0, 0)}STOP              STOP            STOP            STOP            ALL
  agreement vs DP: myopic=4/6=0.667  gnn=1/6=0.167  mlp=3/6=0.500  all4=1/6=0.167

==========================================================================================
ThreeGeneration_MixedA_Aggressive_3gene
==========================================================================================
  step state                                             DP (truth)        MYOPIC          GNN             MLP             agree
  0    root                                              TEST Grandfather  TEST GrandfatherTEST Child      TEST Father     partial
  1    {Grandfather:(0, 0, 0)}                           TEST Grandmother  TEST Father     TEST Father     TEST Father     none
  2    {Father:(0, 0, 0), Grandfather:(0, 0, 0)}         TEST Grandmother  TEST GrandmotherTEST Child      TEST Grandmotherpartial
  3    {Father:(0, 0, 0), Grandfather:(0, 0, 0), Grandmother:(0, 0, 0)}TEST Mother       TEST Child      TEST Child      TEST Child      none
  4    {Child:(0, 0, 0), Father:(0, 0, 0), Grandfather:(0, 0, 0), Grandmother:(0, 0, 0)}TEST Mother       TEST Mother     STOP            TEST Mother     partial
  5    {Child:(0, 0, 0), Father:(0, 0, 0), Grandfather:(0, 0, 0), Grandmother:(0, 0, 0), Mother:(0, 0, 0)}STOP              STOP            STOP            STOP            ALL
  agreement vs DP: myopic=4/6=0.667  gnn=1/6=0.167  mlp=3/6=0.500  all4=1/6=0.167

==========================================================================================
ThreeGeneration_MixedB_Base_3gene
==========================================================================================
  step state                                             DP (truth)        MYOPIC          GNN             MLP             agree
  0    root                                              TEST Grandfather  TEST GrandfatherTEST Child      TEST Father     partial
  1    {Grandfather:(0, 0, 0)}                           TEST Grandmother  TEST Father     TEST Father     TEST Father     none
  2    {Father:(0, 0, 0), Grandfather:(0, 0, 0)}         TEST Mother       TEST GrandmotherTEST Child      TEST Grandmothernone
  3    {Father:(0, 0, 0), Grandfather:(0, 0, 0), Grandmother:(0, 0, 0)}TEST Mother       TEST Child      TEST Child      TEST Child      none
  4    {Child:(0, 0, 0), Father:(0, 0, 0), Grandfather:(0, 0, 0), Grandmother:(0, 0, 0)}STOP              STOP            STOP            TEST Mother     partial
  agreement vs DP: myopic=2/5=0.400  gnn=1/5=0.200  mlp=0/5=0.000  all4=0/5=0.000

==========================================================================================
ThreeGeneration_MixedB_Aggressive_3gene
==========================================================================================
  step state                                             DP (truth)        MYOPIC          GNN             MLP             agree
  0    root                                              TEST Grandfather  TEST GrandfatherTEST Child      TEST Father     partial
  1    {Grandfather:(0, 0, 0)}                           TEST Grandmother  TEST Father     TEST Father     TEST Father     none
  2    {Father:(0, 0, 0), Grandfather:(0, 0, 0)}         TEST Grandmother  TEST GrandmotherTEST Child      TEST Grandmotherpartial
  3    {Father:(0, 0, 0), Grandfather:(0, 0, 0), Grandmother:(0, 0, 0)}TEST Mother       TEST Child      TEST Child      TEST Child      none
  4    {Child:(0, 0, 0), Father:(0, 0, 0), Grandfather:(0, 0, 0), Grandmother:(0, 0, 0)}TEST Mother       TEST Mother     STOP            TEST Mother     partial
  5    {Child:(0, 0, 0), Father:(0, 0, 0), Grandfather:(0, 0, 0), Grandmother:(0, 0, 0), Mother:(0, 0, 0)}STOP              STOP            STOP            STOP            ALL
  agreement vs DP: myopic=4/6=0.667  gnn=1/6=0.167  mlp=3/6=0.500  all4=1/6=0.167

==========================================================================================
OVERALL (whole trajectory)
  vs DP: myopic=39/69=0.565  gnn=16/69=0.232  mlp=26/69=0.377  all4=10/69=0.145
OVERALL (root / first action only)
  vs DP: myopic=11/12  gnn=1/12  mlp=1/12
saved -> /net/projects/ranalab/rajhansini/replication_16features/incremental_experiments/results/3gene/seed0/e0_fourway.json
saved -> /net/projects/ranalab/rajhansini/replication_16features/incremental_experiments/results/3gene/seed0/e0_fourway.log
