[e0_fourway] 2026-08-24T03:07:09.338025  genes=2  seed=2  variant=E0 (baseline MSE)
loaded /net/projects/ranalab/rajhansini/replication_16features/experiments_after_understanding/q_learning/results_2gene/seed_runs/seed2/gnn_q_2gene.pt
loaded /net/projects/ranalab/rajhansini/replication_16features/experiments_after_understanding/q_learning/results_2gene/seed_runs/seed2/mlp_q_2gene.pt

==========================================================================================
ThreeGeneration_LowHigh_Base_2gene
==========================================================================================
  step state                                             DP (truth)        MYOPIC          GNN             MLP             agree
  0    root                                              TEST Grandfather  TEST GrandfatherTEST Child      TEST Grandfatherpartial
  1    {Grandfather:(0, 0)}                              TEST Grandmother  TEST Father     TEST Child      TEST Child      none
  2    {Father:(0, 0), Grandfather:(0, 0)}               TEST Mother       TEST GrandmotherTEST Child      TEST Child      none
  3    {Father:(0, 0), Grandfather:(0, 0), Grandmother:(0, 0)}TEST Mother       TEST Child      TEST Child      TEST Child      none
  4    {Child:(0, 0), Father:(0, 0), Grandfather:(0, 0), Grandmother:(0, 0)}STOP              STOP            STOP            TEST Mother     partial
  agreement vs DP: myopic=2/5=0.400  gnn=1/5=0.200  mlp=1/5=0.200  all4=0/5=0.000

==========================================================================================
ThreeGeneration_LowHigh_Aggressive_2gene
==========================================================================================
  step state                                             DP (truth)        MYOPIC          GNN             MLP             agree
  0    root                                              TEST Grandfather  TEST GrandfatherTEST Child      TEST Grandfatherpartial
  1    {Grandfather:(0, 0)}                              TEST Grandmother  TEST Father     TEST Child      TEST Child      none
  2    {Father:(0, 0), Grandfather:(0, 0)}               TEST Grandmother  TEST GrandmotherTEST Child      TEST Child      partial
  3    {Father:(0, 0), Grandfather:(0, 0), Grandmother:(0, 0)}TEST Mother       TEST Child      TEST Child      TEST Child      none
  4    {Child:(0, 0), Father:(0, 0), Grandfather:(0, 0), Grandmother:(0, 0)}TEST Mother       TEST Mother     TEST Mother     TEST Mother     ALL
  5    {Child:(0, 0), Father:(0, 0), Grandfather:(0, 0), Grandmother:(0, 0), Mother:(0, 0)}STOP              STOP            STOP            STOP            ALL
  agreement vs DP: myopic=4/6=0.667  gnn=2/6=0.333  mlp=3/6=0.500  all4=2/6=0.333

==========================================================================================
ThreeGeneration_MediumEven_Base_2gene
==========================================================================================
  step state                                             DP (truth)        MYOPIC          GNN             MLP             agree
  0    root                                              TEST Grandfather  TEST GrandfatherTEST Child      TEST Grandfatherpartial
  1    {Grandfather:(0, 0)}                              TEST Grandmother  TEST Father     TEST Child      TEST Grandmotherpartial
  2    {Father:(0, 0), Grandfather:(0, 0)}               TEST Mother       TEST GrandmotherTEST Child      TEST Child      none
  3    {Father:(0, 0), Grandfather:(0, 0), Grandmother:(0, 0)}TEST Mother       TEST Child      TEST Child      TEST Child      none
  4    {Child:(0, 0), Father:(0, 0), Grandfather:(0, 0), Grandmother:(0, 0)}STOP              STOP            TEST Mother     TEST Mother     partial
  agreement vs DP: myopic=2/5=0.400  gnn=0/5=0.000  mlp=2/5=0.400  all4=0/5=0.000

==========================================================================================
ThreeGeneration_MediumEven_Aggressive_2gene
==========================================================================================
  step state                                             DP (truth)        MYOPIC          GNN             MLP             agree
  0    root                                              TEST Grandfather  TEST GrandfatherTEST Child      TEST Grandfatherpartial
  1    {Grandfather:(0, 0)}                              TEST Grandmother  TEST Father     TEST Child      TEST Grandmotherpartial
  2    {Father:(0, 0), Grandfather:(0, 0)}               TEST Grandmother  TEST GrandmotherTEST Child      TEST Child      partial
  3    {Father:(0, 0), Grandfather:(0, 0), Grandmother:(0, 0)}TEST Mother       TEST Child      TEST Child      TEST Child      none
  4    {Child:(0, 0), Father:(0, 0), Grandfather:(0, 0), Grandmother:(0, 0)}TEST Mother       TEST Mother     TEST Mother     TEST Mother     ALL
  5    {Child:(0, 0), Father:(0, 0), Grandfather:(0, 0), Grandmother:(0, 0), Mother:(0, 0)}STOP              STOP            STOP            STOP            ALL
  agreement vs DP: myopic=4/6=0.667  gnn=2/6=0.333  mlp=4/6=0.667  all4=2/6=0.333

==========================================================================================
ThreeGeneration_LowLow_Base_2gene
==========================================================================================
  step state                                             DP (truth)        MYOPIC          GNN             MLP             agree
  0    root                                              TEST Child        TEST GrandfatherTEST GrandfatherTEST Grandfathernone
  1    {Grandfather:(0, 0)}                              TEST Child        TEST Father     TEST GrandmotherTEST Child      partial
  2    {Father:(0, 0), Grandfather:(0, 0)}               STOP              TEST GrandmotherTEST Child      TEST Child      none
  3    {Father:(0, 0), Grandfather:(0, 0), Grandmother:(0, 0)}STOP              TEST Child      TEST Child      TEST Child      none
  4    {Child:(0, 0), Father:(0, 0), Grandfather:(0, 0), Grandmother:(0, 0)}STOP              STOP            STOP            TEST Mother     partial
  agreement vs DP: myopic=1/5=0.200  gnn=1/5=0.200  mlp=1/5=0.200  all4=0/5=0.000

==========================================================================================
ThreeGeneration_LowLow_Aggressive_2gene
==========================================================================================
  step state                                             DP (truth)        MYOPIC          GNN             MLP             agree
  0    root                                              TEST Father       TEST GrandfatherTEST GrandfatherTEST Grandfathernone
  1    {Grandfather:(0, 0)}                              TEST Grandmother  TEST Father     TEST GrandmotherTEST Child      partial
  2    {Father:(0, 0), Grandfather:(0, 0)}               TEST Mother       TEST GrandmotherTEST Child      TEST Child      none
  3    {Father:(0, 0), Grandfather:(0, 0), Grandmother:(0, 0)}TEST Mother       TEST Child      TEST Child      TEST Child      none
  4    {Child:(0, 0), Father:(0, 0), Grandfather:(0, 0), Grandmother:(0, 0)}STOP              STOP            STOP            TEST Mother     partial
  agreement vs DP: myopic=1/5=0.200  gnn=2/5=0.400  mlp=0/5=0.000  all4=0/5=0.000

==========================================================================================
ThreeGeneration_HighHigh_Base_2gene
==========================================================================================
  step state                                             DP (truth)        MYOPIC          GNN             MLP             agree
  0    root                                              TEST Grandfather  TEST GrandfatherTEST Child      TEST Grandfatherpartial
  1    {Grandfather:(0, 0)}                              TEST Child        TEST Father     TEST Child      TEST Grandmotherpartial
  2    {Father:(0, 0), Grandfather:(0, 0)}               TEST Grandmother  TEST GrandmotherTEST Child      TEST Child      partial
  3    {Father:(0, 0), Grandfather:(0, 0), Grandmother:(0, 0)}TEST Mother       TEST Child      TEST Child      TEST Child      none
  4    {Child:(0, 0), Father:(0, 0), Grandfather:(0, 0), Grandmother:(0, 0)}TEST Mother       TEST Mother     TEST Mother     TEST Mother     ALL
  5    {Child:(0, 0), Father:(0, 0), Grandfather:(0, 0), Grandmother:(0, 0), Mother:(0, 0)}STOP              STOP            STOP            STOP            ALL
  agreement vs DP: myopic=4/6=0.667  gnn=3/6=0.500  mlp=3/6=0.500  all4=2/6=0.333

==========================================================================================
ThreeGeneration_HighHigh_Aggressive_2gene
==========================================================================================
  step state                                             DP (truth)        MYOPIC          GNN             MLP             agree
  0    root                                              TEST Grandfather  TEST GrandfatherTEST Child      TEST Grandfatherpartial
  1    {Grandfather:(0, 0)}                              TEST Grandmother  TEST Father     TEST Child      TEST Grandmotherpartial
  2    {Father:(0, 0), Grandfather:(0, 0)}               TEST Mother       TEST GrandmotherTEST Child      TEST Child      none
  3    {Father:(0, 0), Grandfather:(0, 0), Grandmother:(0, 0)}TEST Mother       TEST Child      TEST Child      TEST Child      none
  4    {Child:(0, 0), Father:(0, 0), Grandfather:(0, 0), Grandmother:(0, 0)}TEST Mother       TEST Mother     TEST Mother     TEST Mother     ALL
  5    {Child:(0, 0), Father:(0, 0), Grandfather:(0, 0), Grandmother:(0, 0), Mother:(0, 0)}STOP              STOP            STOP            STOP            ALL
  agreement vs DP: myopic=3/6=0.500  gnn=2/6=0.333  mlp=4/6=0.667  all4=2/6=0.333

==========================================================================================
ThreeGeneration_MixedA_Base_2gene
==========================================================================================
  step state                                             DP (truth)        MYOPIC          GNN             MLP             agree
  0    root                                              TEST Father       TEST GrandfatherTEST Child      TEST Grandfathernone
  1    {Grandfather:(0, 0)}                              TEST Grandmother  TEST Father     TEST GrandmotherTEST Child      partial
  2    {Father:(0, 0), Grandfather:(0, 0)}               TEST Mother       TEST GrandmotherTEST Child      TEST Child      none
  3    {Father:(0, 0), Grandfather:(0, 0), Grandmother:(0, 0)}TEST Mother       TEST Child      TEST Child      TEST Child      none
  4    {Child:(0, 0), Father:(0, 0), Grandfather:(0, 0), Grandmother:(0, 0)}STOP              STOP            STOP            TEST Mother     partial
  agreement vs DP: myopic=1/5=0.200  gnn=2/5=0.400  mlp=0/5=0.000  all4=0/5=0.000

==========================================================================================
ThreeGeneration_MixedA_Aggressive_2gene
==========================================================================================
  step state                                             DP (truth)        MYOPIC          GNN             MLP             agree
  0    root                                              TEST Grandfather  TEST GrandfatherTEST Child      TEST Grandfatherpartial
  1    {Grandfather:(0, 0)}                              TEST Grandmother  TEST Father     TEST Child      TEST Child      none
  2    {Father:(0, 0), Grandfather:(0, 0)}               TEST Grandmother  TEST GrandmotherTEST Child      TEST Child      partial
  3    {Father:(0, 0), Grandfather:(0, 0), Grandmother:(0, 0)}TEST Mother       TEST Child      TEST Child      TEST Child      none
  4    {Child:(0, 0), Father:(0, 0), Grandfather:(0, 0), Grandmother:(0, 0)}TEST Mother       TEST Mother     TEST Mother     TEST Mother     ALL
  5    {Child:(0, 0), Father:(0, 0), Grandfather:(0, 0), Grandmother:(0, 0), Mother:(0, 0)}STOP              STOP            STOP            STOP            ALL
  agreement vs DP: myopic=4/6=0.667  gnn=2/6=0.333  mlp=3/6=0.500  all4=2/6=0.333

==========================================================================================
ThreeGeneration_MixedB_Base_2gene
==========================================================================================
  step state                                             DP (truth)        MYOPIC          GNN             MLP             agree
  0    root                                              TEST Grandfather  TEST GrandfatherTEST Child      TEST Grandfatherpartial
  1    {Grandfather:(0, 0)}                              TEST Grandmother  TEST Father     TEST Child      TEST Child      none
  2    {Father:(0, 0), Grandfather:(0, 0)}               TEST Mother       TEST GrandmotherTEST Child      TEST Child      none
  3    {Father:(0, 0), Grandfather:(0, 0), Grandmother:(0, 0)}TEST Mother       TEST Child      TEST Child      TEST Child      none
  4    {Child:(0, 0), Father:(0, 0), Grandfather:(0, 0), Grandmother:(0, 0)}STOP              STOP            TEST Mother     TEST Mother     partial
  agreement vs DP: myopic=2/5=0.400  gnn=0/5=0.000  mlp=1/5=0.200  all4=0/5=0.000

==========================================================================================
ThreeGeneration_MixedB_Aggressive_2gene
==========================================================================================
  step state                                             DP (truth)        MYOPIC          GNN             MLP             agree
  0    root                                              TEST Grandfather  TEST GrandfatherTEST Child      TEST Grandfatherpartial
  1    {Grandfather:(0, 0)}                              TEST Grandmother  TEST Father     TEST Child      TEST Grandmotherpartial
  2    {Father:(0, 0), Grandfather:(0, 0)}               TEST Grandmother  TEST GrandmotherTEST Child      TEST Child      partial
  3    {Father:(0, 0), Grandfather:(0, 0), Grandmother:(0, 0)}TEST Mother       TEST Child      TEST Child      TEST Child      none
  4    {Child:(0, 0), Father:(0, 0), Grandfather:(0, 0), Grandmother:(0, 0)}TEST Mother       TEST Mother     TEST Mother     TEST Mother     ALL
  5    {Child:(0, 0), Father:(0, 0), Grandfather:(0, 0), Grandmother:(0, 0), Mother:(0, 0)}STOP              STOP            STOP            STOP            ALL
  agreement vs DP: myopic=4/6=0.667  gnn=2/6=0.333  mlp=4/6=0.667  all4=2/6=0.333

==========================================================================================
OVERALL (whole trajectory)
  vs DP: myopic=32/66=0.485  gnn=19/66=0.288  mlp=26/66=0.394  all4=12/66=0.182
OVERALL (root / first action only)
  vs DP: myopic=9/12  gnn=0/12  mlp=9/12
saved -> /net/projects/ranalab/rajhansini/replication_16features/incremental_experiments/results/2gene/seed2/e0_fourway.json
saved -> /net/projects/ranalab/rajhansini/replication_16features/incremental_experiments/results/2gene/seed2/e0_fourway.log
