[e1_fourway] 2026-08-24T03:07:07.834622  genes=2  seed=2  variant=E1 (MSE + state-grouped batching)
loaded /net/projects/ranalab/rajhansini/replication_16features/incremental_experiments/results/e1_gnn_mse_grouped_2gene/seed_runs/seed2/gnn_q_e1_2gene.pt
loaded /net/projects/ranalab/rajhansini/replication_16features/incremental_experiments/results/e1_mlp_mse_grouped_2gene/seed_runs/seed2/mlp_q_e1_2gene.pt

==========================================================================================
ThreeGeneration_LowHigh_Base_2gene
==========================================================================================
  step state                                             DP (truth)        MYOPIC          GNN             MLP             agree
  0    root                                              TEST Grandfather  TEST GrandfatherTEST GrandfatherTEST GrandfatherALL
  1    {Grandfather:(0, 0)}                              TEST Grandmother  TEST Father     TEST GrandmotherTEST Grandmotherpartial
  2    {Father:(0, 0), Grandfather:(0, 0)}               TEST Mother       TEST GrandmotherTEST GrandmotherTEST Mother     partial
  3    {Father:(0, 0), Grandfather:(0, 0), Grandmother:(0, 0)}TEST Mother       TEST Child      TEST Mother     TEST Mother     partial
  4    {Child:(0, 0), Father:(0, 0), Grandfather:(0, 0), Grandmother:(0, 0)}STOP              STOP            TEST Mother     TEST Mother     partial
  agreement vs DP: myopic=2/5=0.400  gnn=3/5=0.600  mlp=4/5=0.800  all4=1/5=0.200

==========================================================================================
ThreeGeneration_LowHigh_Aggressive_2gene
==========================================================================================
  step state                                             DP (truth)        MYOPIC          GNN             MLP             agree
  0    root                                              TEST Grandfather  TEST GrandfatherTEST GrandfatherTEST GrandfatherALL
  1    {Grandfather:(0, 0)}                              TEST Grandmother  TEST Father     TEST GrandmotherTEST Grandmotherpartial
  2    {Father:(0, 0), Grandfather:(0, 0)}               TEST Grandmother  TEST GrandmotherTEST GrandmotherTEST Mother     partial
  3    {Father:(0, 0), Grandfather:(0, 0), Grandmother:(0, 0)}TEST Mother       TEST Child      TEST Mother     TEST Mother     partial
  4    {Child:(0, 0), Father:(0, 0), Grandfather:(0, 0), Grandmother:(0, 0)}TEST Mother       TEST Mother     TEST Mother     TEST Mother     ALL
  5    {Child:(0, 0), Father:(0, 0), Grandfather:(0, 0), Grandmother:(0, 0), Mother:(0, 0)}STOP              STOP            STOP            STOP            ALL
  agreement vs DP: myopic=4/6=0.667  gnn=6/6=1.000  mlp=5/6=0.833  all4=3/6=0.500

==========================================================================================
ThreeGeneration_MediumEven_Base_2gene
==========================================================================================
  step state                                             DP (truth)        MYOPIC          GNN             MLP             agree
  0    root                                              TEST Grandfather  TEST GrandfatherTEST GrandfatherTEST GrandfatherALL
  1    {Grandfather:(0, 0)}                              TEST Grandmother  TEST Father     TEST GrandmotherTEST Grandmotherpartial
  2    {Father:(0, 0), Grandfather:(0, 0)}               TEST Mother       TEST GrandmotherTEST GrandmotherTEST Mother     partial
  3    {Father:(0, 0), Grandfather:(0, 0), Grandmother:(0, 0)}TEST Mother       TEST Child      TEST Mother     TEST Mother     partial
  4    {Child:(0, 0), Father:(0, 0), Grandfather:(0, 0), Grandmother:(0, 0)}STOP              STOP            TEST Mother     TEST Mother     partial
  agreement vs DP: myopic=2/5=0.400  gnn=3/5=0.600  mlp=4/5=0.800  all4=1/5=0.200

==========================================================================================
ThreeGeneration_MediumEven_Aggressive_2gene
==========================================================================================
  step state                                             DP (truth)        MYOPIC          GNN             MLP             agree
  0    root                                              TEST Grandfather  TEST GrandfatherTEST GrandfatherTEST GrandfatherALL
  1    {Grandfather:(0, 0)}                              TEST Grandmother  TEST Father     TEST GrandmotherTEST Grandmotherpartial
  2    {Father:(0, 0), Grandfather:(0, 0)}               TEST Grandmother  TEST GrandmotherTEST GrandmotherTEST Mother     partial
  3    {Father:(0, 0), Grandfather:(0, 0), Grandmother:(0, 0)}TEST Mother       TEST Child      TEST Mother     TEST Mother     partial
  4    {Child:(0, 0), Father:(0, 0), Grandfather:(0, 0), Grandmother:(0, 0)}TEST Mother       TEST Mother     TEST Mother     TEST Mother     ALL
  5    {Child:(0, 0), Father:(0, 0), Grandfather:(0, 0), Grandmother:(0, 0), Mother:(0, 0)}STOP              STOP            STOP            STOP            ALL
  agreement vs DP: myopic=4/6=0.667  gnn=6/6=1.000  mlp=5/6=0.833  all4=3/6=0.500

==========================================================================================
ThreeGeneration_LowLow_Base_2gene
==========================================================================================
  step state                                             DP (truth)        MYOPIC          GNN             MLP             agree
  0    root                                              TEST Child        TEST GrandfatherTEST GrandfatherTEST Grandfathernone
  1    {Grandfather:(0, 0)}                              TEST Child        TEST Father     TEST GrandmotherTEST Grandmothernone
  2    {Father:(0, 0), Grandfather:(0, 0)}               STOP              TEST GrandmotherTEST GrandmotherSTOP            partial
  3    {Father:(0, 0), Grandfather:(0, 0), Grandmother:(0, 0)}STOP              TEST Child      TEST Mother     TEST Mother     none
  4    {Child:(0, 0), Father:(0, 0), Grandfather:(0, 0), Grandmother:(0, 0)}STOP              STOP            STOP            TEST Mother     partial
  agreement vs DP: myopic=1/5=0.200  gnn=1/5=0.200  mlp=1/5=0.200  all4=0/5=0.000

==========================================================================================
ThreeGeneration_LowLow_Aggressive_2gene
==========================================================================================
  step state                                             DP (truth)        MYOPIC          GNN             MLP             agree
  0    root                                              TEST Father       TEST GrandfatherTEST GrandfatherTEST Grandfathernone
  1    {Grandfather:(0, 0)}                              TEST Grandmother  TEST Father     TEST GrandmotherTEST Grandmotherpartial
  2    {Father:(0, 0), Grandfather:(0, 0)}               TEST Mother       TEST GrandmotherTEST GrandmotherTEST Mother     partial
  3    {Father:(0, 0), Grandfather:(0, 0), Grandmother:(0, 0)}TEST Mother       TEST Child      TEST Mother     TEST Mother     partial
  4    {Child:(0, 0), Father:(0, 0), Grandfather:(0, 0), Grandmother:(0, 0)}STOP              STOP            TEST Mother     TEST Mother     partial
  agreement vs DP: myopic=1/5=0.200  gnn=2/5=0.400  mlp=3/5=0.600  all4=0/5=0.000

==========================================================================================
ThreeGeneration_HighHigh_Base_2gene
==========================================================================================
  step state                                             DP (truth)        MYOPIC          GNN             MLP             agree
  0    root                                              TEST Grandfather  TEST GrandfatherTEST GrandfatherTEST GrandfatherALL
  1    {Grandfather:(0, 0)}                              TEST Child        TEST Father     TEST GrandmotherTEST Grandmothernone
  2    {Father:(0, 0), Grandfather:(0, 0)}               TEST Grandmother  TEST GrandmotherTEST GrandmotherTEST Mother     partial
  3    {Father:(0, 0), Grandfather:(0, 0), Grandmother:(0, 0)}TEST Mother       TEST Child      TEST Mother     TEST Mother     partial
  4    {Child:(0, 0), Father:(0, 0), Grandfather:(0, 0), Grandmother:(0, 0)}TEST Mother       TEST Mother     TEST Mother     TEST Mother     ALL
  5    {Child:(0, 0), Father:(0, 0), Grandfather:(0, 0), Grandmother:(0, 0), Mother:(0, 0)}STOP              STOP            STOP            STOP            ALL
  agreement vs DP: myopic=4/6=0.667  gnn=5/6=0.833  mlp=4/6=0.667  all4=3/6=0.500

==========================================================================================
ThreeGeneration_HighHigh_Aggressive_2gene
==========================================================================================
  step state                                             DP (truth)        MYOPIC          GNN             MLP             agree
  0    root                                              TEST Grandfather  TEST GrandfatherTEST GrandfatherTEST GrandfatherALL
  1    {Grandfather:(0, 0)}                              TEST Grandmother  TEST Father     TEST GrandmotherTEST Grandmotherpartial
  2    {Father:(0, 0), Grandfather:(0, 0)}               TEST Mother       TEST GrandmotherTEST GrandmotherTEST Mother     partial
  3    {Father:(0, 0), Grandfather:(0, 0), Grandmother:(0, 0)}TEST Mother       TEST Child      TEST Mother     TEST Mother     partial
  4    {Child:(0, 0), Father:(0, 0), Grandfather:(0, 0), Grandmother:(0, 0)}TEST Mother       TEST Mother     TEST Mother     TEST Mother     ALL
  5    {Child:(0, 0), Father:(0, 0), Grandfather:(0, 0), Grandmother:(0, 0), Mother:(0, 0)}STOP              STOP            STOP            STOP            ALL
  agreement vs DP: myopic=3/6=0.500  gnn=5/6=0.833  mlp=6/6=1.000  all4=3/6=0.500

==========================================================================================
ThreeGeneration_MixedA_Base_2gene
==========================================================================================
  step state                                             DP (truth)        MYOPIC          GNN             MLP             agree
  0    root                                              TEST Father       TEST GrandfatherTEST GrandfatherTEST Grandfathernone
  1    {Grandfather:(0, 0)}                              TEST Grandmother  TEST Father     TEST GrandmotherTEST Grandmotherpartial
  2    {Father:(0, 0), Grandfather:(0, 0)}               TEST Mother       TEST GrandmotherTEST GrandmotherTEST Mother     partial
  3    {Father:(0, 0), Grandfather:(0, 0), Grandmother:(0, 0)}TEST Mother       TEST Child      TEST Mother     TEST Mother     partial
  4    {Child:(0, 0), Father:(0, 0), Grandfather:(0, 0), Grandmother:(0, 0)}STOP              STOP            STOP            TEST Mother     partial
  agreement vs DP: myopic=1/5=0.200  gnn=3/5=0.600  mlp=3/5=0.600  all4=0/5=0.000

==========================================================================================
ThreeGeneration_MixedA_Aggressive_2gene
==========================================================================================
  step state                                             DP (truth)        MYOPIC          GNN             MLP             agree
  0    root                                              TEST Grandfather  TEST GrandfatherTEST GrandfatherTEST GrandfatherALL
  1    {Grandfather:(0, 0)}                              TEST Grandmother  TEST Father     TEST GrandmotherTEST Grandmotherpartial
  2    {Father:(0, 0), Grandfather:(0, 0)}               TEST Grandmother  TEST GrandmotherTEST GrandmotherTEST Mother     partial
  3    {Father:(0, 0), Grandfather:(0, 0), Grandmother:(0, 0)}TEST Mother       TEST Child      TEST Mother     TEST Mother     partial
  4    {Child:(0, 0), Father:(0, 0), Grandfather:(0, 0), Grandmother:(0, 0)}TEST Mother       TEST Mother     TEST Mother     TEST Mother     ALL
  5    {Child:(0, 0), Father:(0, 0), Grandfather:(0, 0), Grandmother:(0, 0), Mother:(0, 0)}STOP              STOP            STOP            STOP            ALL
  agreement vs DP: myopic=4/6=0.667  gnn=6/6=1.000  mlp=5/6=0.833  all4=3/6=0.500

==========================================================================================
ThreeGeneration_MixedB_Base_2gene
==========================================================================================
  step state                                             DP (truth)        MYOPIC          GNN             MLP             agree
  0    root                                              TEST Grandfather  TEST GrandfatherTEST GrandfatherTEST GrandfatherALL
  1    {Grandfather:(0, 0)}                              TEST Grandmother  TEST Father     TEST GrandmotherTEST Grandmotherpartial
  2    {Father:(0, 0), Grandfather:(0, 0)}               TEST Mother       TEST GrandmotherTEST GrandmotherTEST Mother     partial
  3    {Father:(0, 0), Grandfather:(0, 0), Grandmother:(0, 0)}TEST Mother       TEST Child      TEST Mother     TEST Mother     partial
  4    {Child:(0, 0), Father:(0, 0), Grandfather:(0, 0), Grandmother:(0, 0)}STOP              STOP            TEST Mother     TEST Mother     partial
  agreement vs DP: myopic=2/5=0.400  gnn=3/5=0.600  mlp=4/5=0.800  all4=1/5=0.200

==========================================================================================
ThreeGeneration_MixedB_Aggressive_2gene
==========================================================================================
  step state                                             DP (truth)        MYOPIC          GNN             MLP             agree
  0    root                                              TEST Grandfather  TEST GrandfatherTEST GrandfatherTEST GrandfatherALL
  1    {Grandfather:(0, 0)}                              TEST Grandmother  TEST Father     TEST GrandmotherTEST Grandmotherpartial
  2    {Father:(0, 0), Grandfather:(0, 0)}               TEST Grandmother  TEST GrandmotherTEST GrandmotherTEST Mother     partial
  3    {Father:(0, 0), Grandfather:(0, 0), Grandmother:(0, 0)}TEST Mother       TEST Child      TEST Mother     TEST Mother     partial
  4    {Child:(0, 0), Father:(0, 0), Grandfather:(0, 0), Grandmother:(0, 0)}TEST Mother       TEST Mother     TEST Mother     TEST Mother     ALL
  5    {Child:(0, 0), Father:(0, 0), Grandfather:(0, 0), Grandmother:(0, 0), Mother:(0, 0)}STOP              STOP            STOP            STOP            ALL
  agreement vs DP: myopic=4/6=0.667  gnn=6/6=1.000  mlp=5/6=0.833  all4=3/6=0.500

==========================================================================================
OVERALL (whole trajectory)
  vs DP: myopic=32/66=0.485  gnn=49/66=0.742  mlp=49/66=0.742  all4=21/66=0.318
OVERALL (root / first action only)
  vs DP: myopic=9/12  gnn=9/12  mlp=9/12
saved -> /net/projects/ranalab/rajhansini/replication_16features/incremental_experiments/results/2gene/seed2/e1_fourway.json
saved -> /net/projects/ranalab/rajhansini/replication_16features/incremental_experiments/results/2gene/seed2/e1_fourway.log
