[e6_fourway] 2026-08-24T03:07:08.779313  genes=2  seed=2  variant=E6 (sum pooling, both GNN and MLP)
loaded /net/projects/ranalab/rajhansini/replication_16features/incremental_experiments/results/e6_gnn_sumpool_2gene/seed_runs/seed2/gnn_q_e6_2gene.pt
loaded /net/projects/ranalab/rajhansini/replication_16features/incremental_experiments/results/e6_mlp_sumpool_2gene/seed_runs/seed2/mlp_q_e6_2gene.pt

==========================================================================================
ThreeGeneration_LowHigh_Base_2gene
==========================================================================================
  step state                                             DP (truth)        MYOPIC          GNN             MLP             agree
  0    root                                              TEST Grandfather  TEST GrandfatherTEST Father     TEST Father     partial
  1    {Grandfather:(0, 0)}                              TEST Grandmother  TEST Father     TEST GrandmotherTEST Father     partial
  2    {Father:(0, 0), Grandfather:(0, 0)}               TEST Mother       TEST GrandmotherTEST Mother     TEST Mother     partial
  3    {Father:(0, 0), Grandfather:(0, 0), Grandmother:(0, 0)}TEST Mother       TEST Child      TEST Mother     TEST Mother     partial
  4    {Child:(0, 0), Father:(0, 0), Grandfather:(0, 0), Grandmother:(0, 0)}STOP              STOP            TEST Mother     STOP            partial
  agreement vs DP: myopic=2/5=0.400  gnn=3/5=0.600  mlp=3/5=0.600  all4=0/5=0.000

==========================================================================================
ThreeGeneration_LowHigh_Aggressive_2gene
==========================================================================================
  step state                                             DP (truth)        MYOPIC          GNN             MLP             agree
  0    root                                              TEST Grandfather  TEST GrandfatherTEST Father     TEST Father     partial
  1    {Grandfather:(0, 0)}                              TEST Grandmother  TEST Father     TEST GrandmotherTEST Father     partial
  2    {Father:(0, 0), Grandfather:(0, 0)}               TEST Grandmother  TEST GrandmotherTEST Mother     TEST Mother     partial
  3    {Father:(0, 0), Grandfather:(0, 0), Grandmother:(0, 0)}TEST Mother       TEST Child      TEST Mother     TEST Mother     partial
  4    {Child:(0, 0), Father:(0, 0), Grandfather:(0, 0), Grandmother:(0, 0)}TEST Mother       TEST Mother     TEST Mother     STOP            partial
  5    {Child:(0, 0), Father:(0, 0), Grandfather:(0, 0), Grandmother:(0, 0), Mother:(0, 0)}STOP              STOP            STOP            STOP            ALL
  agreement vs DP: myopic=4/6=0.667  gnn=4/6=0.667  mlp=2/6=0.333  all4=1/6=0.167

==========================================================================================
ThreeGeneration_MediumEven_Base_2gene
==========================================================================================
  step state                                             DP (truth)        MYOPIC          GNN             MLP             agree
  0    root                                              TEST Grandfather  TEST GrandfatherTEST GrandfatherTEST GrandfatherALL
  1    {Grandfather:(0, 0)}                              TEST Grandmother  TEST Father     TEST GrandmotherTEST Father     partial
  2    {Father:(0, 0), Grandfather:(0, 0)}               TEST Mother       TEST GrandmotherTEST Mother     TEST Mother     partial
  3    {Father:(0, 0), Grandfather:(0, 0), Grandmother:(0, 0)}TEST Mother       TEST Child      TEST Mother     TEST Mother     partial
  4    {Child:(0, 0), Father:(0, 0), Grandfather:(0, 0), Grandmother:(0, 0)}STOP              STOP            TEST Mother     STOP            partial
  agreement vs DP: myopic=2/5=0.400  gnn=4/5=0.800  mlp=4/5=0.800  all4=1/5=0.200

==========================================================================================
ThreeGeneration_MediumEven_Aggressive_2gene
==========================================================================================
  step state                                             DP (truth)        MYOPIC          GNN             MLP             agree
  0    root                                              TEST Grandfather  TEST GrandfatherTEST GrandfatherTEST GrandfatherALL
  1    {Grandfather:(0, 0)}                              TEST Grandmother  TEST Father     TEST GrandmotherTEST Father     partial
  2    {Father:(0, 0), Grandfather:(0, 0)}               TEST Grandmother  TEST GrandmotherTEST Mother     TEST Mother     partial
  3    {Father:(0, 0), Grandfather:(0, 0), Grandmother:(0, 0)}TEST Mother       TEST Child      TEST Mother     TEST Mother     partial
  4    {Child:(0, 0), Father:(0, 0), Grandfather:(0, 0), Grandmother:(0, 0)}TEST Mother       TEST Mother     TEST Mother     STOP            partial
  5    {Child:(0, 0), Father:(0, 0), Grandfather:(0, 0), Grandmother:(0, 0), Mother:(0, 0)}STOP              STOP            STOP            STOP            ALL
  agreement vs DP: myopic=4/6=0.667  gnn=5/6=0.833  mlp=3/6=0.500  all4=2/6=0.333

==========================================================================================
ThreeGeneration_LowLow_Base_2gene
==========================================================================================
  step state                                             DP (truth)        MYOPIC          GNN             MLP             agree
  0    root                                              TEST Child        TEST GrandfatherTEST Child      TEST Father     partial
  1    {Grandfather:(0, 0)}                              TEST Child        TEST Father     TEST GrandmotherTEST Father     none
  2    {Father:(0, 0), Grandfather:(0, 0)}               STOP              TEST GrandmotherTEST Mother     TEST Mother     none
  3    {Father:(0, 0), Grandfather:(0, 0), Grandmother:(0, 0)}STOP              TEST Child      TEST Mother     TEST Child      none
  4    {Child:(0, 0), Father:(0, 0), Grandfather:(0, 0), Grandmother:(0, 0)}STOP              STOP            TEST Mother     STOP            partial
  agreement vs DP: myopic=1/5=0.200  gnn=1/5=0.200  mlp=1/5=0.200  all4=0/5=0.000

==========================================================================================
ThreeGeneration_LowLow_Aggressive_2gene
==========================================================================================
  step state                                             DP (truth)        MYOPIC          GNN             MLP             agree
  0    root                                              TEST Father       TEST GrandfatherTEST Child      TEST Father     partial
  1    {Grandfather:(0, 0)}                              TEST Grandmother  TEST Father     TEST GrandmotherTEST Father     partial
  2    {Father:(0, 0), Grandfather:(0, 0)}               TEST Mother       TEST GrandmotherTEST Mother     TEST Mother     partial
  3    {Father:(0, 0), Grandfather:(0, 0), Grandmother:(0, 0)}TEST Mother       TEST Child      TEST Mother     TEST Child      partial
  4    {Child:(0, 0), Father:(0, 0), Grandfather:(0, 0), Grandmother:(0, 0)}STOP              STOP            TEST Mother     STOP            partial
  agreement vs DP: myopic=1/5=0.200  gnn=3/5=0.600  mlp=3/5=0.600  all4=0/5=0.000

==========================================================================================
ThreeGeneration_HighHigh_Base_2gene
==========================================================================================
  step state                                             DP (truth)        MYOPIC          GNN             MLP             agree
  0    root                                              TEST Grandfather  TEST GrandfatherTEST GrandfatherTEST Child      partial
  1    {Grandfather:(0, 0)}                              TEST Child        TEST Father     TEST GrandmotherTEST Grandmothernone
  2    {Father:(0, 0), Grandfather:(0, 0)}               TEST Grandmother  TEST GrandmotherTEST Mother     TEST Mother     partial
  3    {Father:(0, 0), Grandfather:(0, 0), Grandmother:(0, 0)}TEST Mother       TEST Child      TEST Mother     TEST Mother     partial
  4    {Child:(0, 0), Father:(0, 0), Grandfather:(0, 0), Grandmother:(0, 0)}TEST Mother       TEST Mother     TEST Mother     STOP            partial
  5    {Child:(0, 0), Father:(0, 0), Grandfather:(0, 0), Grandmother:(0, 0), Mother:(0, 0)}STOP              STOP            STOP            STOP            ALL
  agreement vs DP: myopic=4/6=0.667  gnn=4/6=0.667  mlp=2/6=0.333  all4=1/6=0.167

==========================================================================================
ThreeGeneration_HighHigh_Aggressive_2gene
==========================================================================================
  step state                                             DP (truth)        MYOPIC          GNN             MLP             agree
  0    root                                              TEST Grandfather  TEST GrandfatherTEST GrandfatherTEST Child      partial
  1    {Grandfather:(0, 0)}                              TEST Grandmother  TEST Father     TEST GrandmotherTEST Grandmotherpartial
  2    {Father:(0, 0), Grandfather:(0, 0)}               TEST Mother       TEST GrandmotherTEST Mother     TEST Mother     partial
  3    {Father:(0, 0), Grandfather:(0, 0), Grandmother:(0, 0)}TEST Mother       TEST Child      TEST Mother     TEST Mother     partial
  4    {Child:(0, 0), Father:(0, 0), Grandfather:(0, 0), Grandmother:(0, 0)}TEST Mother       TEST Mother     TEST Mother     STOP            partial
  5    {Child:(0, 0), Father:(0, 0), Grandfather:(0, 0), Grandmother:(0, 0), Mother:(0, 0)}STOP              STOP            STOP            STOP            ALL
  agreement vs DP: myopic=3/6=0.500  gnn=6/6=1.000  mlp=4/6=0.667  all4=1/6=0.167

==========================================================================================
ThreeGeneration_MixedA_Base_2gene
==========================================================================================
  step state                                             DP (truth)        MYOPIC          GNN             MLP             agree
  0    root                                              TEST Father       TEST GrandfatherTEST Father     TEST Father     partial
  1    {Grandfather:(0, 0)}                              TEST Grandmother  TEST Father     TEST GrandmotherTEST Father     partial
  2    {Father:(0, 0), Grandfather:(0, 0)}               TEST Mother       TEST GrandmotherTEST Mother     TEST Mother     partial
  3    {Father:(0, 0), Grandfather:(0, 0), Grandmother:(0, 0)}TEST Mother       TEST Child      TEST Mother     TEST Mother     partial
  4    {Child:(0, 0), Father:(0, 0), Grandfather:(0, 0), Grandmother:(0, 0)}STOP              STOP            TEST Mother     STOP            partial
  agreement vs DP: myopic=1/5=0.200  gnn=4/5=0.800  mlp=4/5=0.800  all4=0/5=0.000

==========================================================================================
ThreeGeneration_MixedA_Aggressive_2gene
==========================================================================================
  step state                                             DP (truth)        MYOPIC          GNN             MLP             agree
  0    root                                              TEST Grandfather  TEST GrandfatherTEST Father     TEST Father     partial
  1    {Grandfather:(0, 0)}                              TEST Grandmother  TEST Father     TEST GrandmotherTEST Father     partial
  2    {Father:(0, 0), Grandfather:(0, 0)}               TEST Grandmother  TEST GrandmotherTEST Mother     TEST Mother     partial
  3    {Father:(0, 0), Grandfather:(0, 0), Grandmother:(0, 0)}TEST Mother       TEST Child      TEST Mother     TEST Mother     partial
  4    {Child:(0, 0), Father:(0, 0), Grandfather:(0, 0), Grandmother:(0, 0)}TEST Mother       TEST Mother     TEST Mother     STOP            partial
  5    {Child:(0, 0), Father:(0, 0), Grandfather:(0, 0), Grandmother:(0, 0), Mother:(0, 0)}STOP              STOP            STOP            STOP            ALL
  agreement vs DP: myopic=4/6=0.667  gnn=4/6=0.667  mlp=2/6=0.333  all4=1/6=0.167

==========================================================================================
ThreeGeneration_MixedB_Base_2gene
==========================================================================================
  step state                                             DP (truth)        MYOPIC          GNN             MLP             agree
  0    root                                              TEST Grandfather  TEST GrandfatherTEST GrandfatherTEST Father     partial
  1    {Grandfather:(0, 0)}                              TEST Grandmother  TEST Father     TEST GrandmotherTEST Father     partial
  2    {Father:(0, 0), Grandfather:(0, 0)}               TEST Mother       TEST GrandmotherTEST Mother     TEST Mother     partial
  3    {Father:(0, 0), Grandfather:(0, 0), Grandmother:(0, 0)}TEST Mother       TEST Child      TEST Mother     TEST Mother     partial
  4    {Child:(0, 0), Father:(0, 0), Grandfather:(0, 0), Grandmother:(0, 0)}STOP              STOP            TEST Mother     STOP            partial
  agreement vs DP: myopic=2/5=0.400  gnn=4/5=0.800  mlp=3/5=0.600  all4=0/5=0.000

==========================================================================================
ThreeGeneration_MixedB_Aggressive_2gene
==========================================================================================
  step state                                             DP (truth)        MYOPIC          GNN             MLP             agree
  0    root                                              TEST Grandfather  TEST GrandfatherTEST GrandfatherTEST Father     partial
  1    {Grandfather:(0, 0)}                              TEST Grandmother  TEST Father     TEST GrandmotherTEST Father     partial
  2    {Father:(0, 0), Grandfather:(0, 0)}               TEST Grandmother  TEST GrandmotherTEST Mother     TEST Mother     partial
  3    {Father:(0, 0), Grandfather:(0, 0), Grandmother:(0, 0)}TEST Mother       TEST Child      TEST Mother     TEST Mother     partial
  4    {Child:(0, 0), Father:(0, 0), Grandfather:(0, 0), Grandmother:(0, 0)}TEST Mother       TEST Mother     TEST Mother     STOP            partial
  5    {Child:(0, 0), Father:(0, 0), Grandfather:(0, 0), Grandmother:(0, 0), Mother:(0, 0)}STOP              STOP            STOP            STOP            ALL
  agreement vs DP: myopic=4/6=0.667  gnn=5/6=0.833  mlp=2/6=0.333  all4=1/6=0.167

==========================================================================================
OVERALL (whole trajectory)
  vs DP: myopic=32/66=0.485  gnn=47/66=0.712  mlp=33/66=0.500  all4=8/66=0.121
OVERALL (root / first action only)
  vs DP: myopic=9/12  gnn=8/12  mlp=4/12
saved -> /net/projects/ranalab/rajhansini/replication_16features/incremental_experiments/results/2gene/seed2/e6_fourway.json
saved -> /net/projects/ranalab/rajhansini/replication_16features/incremental_experiments/results/2gene/seed2/e6_fourway.log
