
============================================================
[MLP] 2026-07-14T16:47:14.589798
node_feat=13  cost_dim=11  input=24
architecture: Linear(24->16) -> ReLU -> Linear(16->1)
device=cpu  epochs=2
train: ['Trio', 'Nuclear']  test: ['ThreeGeneration']

[1] Loading training data (24 configs)...
    total training states: 585312

[2] Training MLP (417 parameters)...

============================================================
[MLP] 2026-07-14T16:52:46.148032
node_feat=13  cost_dim=11  input=24
architecture: Linear(24->16) -> ReLU -> Linear(16->1)
device=cpu  epochs=2
train: ['Trio', 'Nuclear']  test: ['ThreeGeneration']

============================================================
[MLP] 2026-07-14T16:56:34.449227
node_feat=13  cost_dim=11  input=24
architecture: Linear(24->16) -> ReLU -> Linear(16->1)
device=cpu  epochs=2
train: ['Trio', 'Nuclear']  test: ['ThreeGeneration']
    done in 744.5s

[3] Model saved -> results/mlp.pt

Next: run eval.py to get ratio2 on ThreeGeneration

============================================================
[MLP] 2026-07-14T17:02:53.362514
node_feat=13  cost_dim=11  input=24
architecture: Linear(24->16) -> ReLU -> Linear(16->1)
device=cpu  epochs=2
train: ['Trio', 'Nuclear']  test: ['ThreeGeneration']

[1] Loading training data (24 configs)...

[1] Loading training data (24 configs)...

[1] Loading training data (24 configs)...
    total training states: 585312

[2] Training MLP (417 parameters)...
    total training states: 585312

[2] Training MLP (417 parameters)...
    total training states: 585312

[2] Training MLP (417 parameters)...
    done in 6580.2s

[3] Model saved -> results/mlp.pt

Next: run eval.py to get ratio2 on ThreeGeneration
    done in 5468.6s

[3] Model saved -> results/mlp.pt

Next: run eval.py to get ratio2 on ThreeGeneration
