[e4_fourway] 2026-08-24T03:07:08.778182  genes=3  seed=2  variant=E4 (GNN: bidirectional message passing; MLP: unchanged from E2)
loaded /net/projects/ranalab/rajhansini/replication_16features/incremental_experiments/results/e4_gnn_bidir/seed_runs/seed2/gnn_q_e4.pt
loaded /net/projects/ranalab/rajhansini/replication_16features/fixing_gnn_q/results/mlp_q_ce/seed_runs/seed2/mlp_q_ce.pt

==========================================================================================
ThreeGeneration_LowHigh_Base_3gene
==========================================================================================
  step state                                             DP (truth)        MYOPIC          GNN             MLP             agree
  0    root                                              TEST Grandfather  TEST GrandfatherTEST Mother     TEST Grandfatherpartial
  1    {Grandfather:(0, 0, 0)}                           TEST Grandmother  TEST Father     TEST GrandmotherTEST Grandmotherpartial
  2    {Father:(0, 0, 0), Grandfather:(0, 0, 0)}         TEST Mother       TEST GrandmotherTEST Mother     TEST Mother     partial
  3    {Father:(0, 0, 0), Grandfather:(0, 0, 0), Grandmother:(0, 0, 0)}TEST Mother       TEST Child      TEST Mother     TEST Mother     partial
  4    {Child:(0, 0, 0), Father:(0, 0, 0), Grandfather:(0, 0, 0), Grandmother:(0, 0, 0)}TEST Mother       TEST Mother     STOP            TEST Mother     partial
  5    {Child:(0, 0, 0), Father:(0, 0, 0), Grandfather:(0, 0, 0), Grandmother:(0, 0, 0), Mother:(0, 0, 0)}STOP              STOP            STOP            STOP            ALL
  agreement vs DP: myopic=3/6=0.500  gnn=4/6=0.667  mlp=6/6=1.000  all4=1/6=0.167

==========================================================================================
ThreeGeneration_LowHigh_Aggressive_3gene
==========================================================================================
  step state                                             DP (truth)        MYOPIC          GNN             MLP             agree
  0    root                                              TEST Grandfather  TEST GrandfatherTEST GrandfatherTEST GrandfatherALL
  1    {Grandfather:(0, 0, 0)}                           TEST Grandmother  TEST Father     TEST GrandmotherTEST Grandmotherpartial
  2    {Father:(0, 0, 0), Grandfather:(0, 0, 0)}         TEST Mother       TEST GrandmotherTEST Mother     TEST Mother     partial
  3    {Father:(0, 0, 0), Grandfather:(0, 0, 0), Grandmother:(0, 0, 0)}TEST Mother       TEST Child      TEST Mother     TEST Mother     partial
  4    {Child:(0, 0, 0), Father:(0, 0, 0), Grandfather:(0, 0, 0), Grandmother:(0, 0, 0)}TEST Mother       TEST Mother     TEST Mother     TEST Mother     ALL
  5    {Child:(0, 0, 0), Father:(0, 0, 0), Grandfather:(0, 0, 0), Grandmother:(0, 0, 0), Mother:(0, 0, 0)}STOP              STOP            STOP            STOP            ALL
  agreement vs DP: myopic=3/6=0.500  gnn=6/6=1.000  mlp=6/6=1.000  all4=3/6=0.500

==========================================================================================
ThreeGeneration_MediumEven_Base_3gene
==========================================================================================
  step state                                             DP (truth)        MYOPIC          GNN             MLP             agree
  0    root                                              TEST Grandfather  TEST GrandfatherTEST GrandfatherTEST GrandfatherALL
  1    {Grandfather:(0, 0, 0)}                           TEST Grandmother  TEST Father     TEST GrandmotherTEST Grandmotherpartial
  2    {Father:(0, 0, 0), Grandfather:(0, 0, 0)}         TEST Mother       TEST GrandmotherTEST Mother     TEST Mother     partial
  3    {Father:(0, 0, 0), Grandfather:(0, 0, 0), Grandmother:(0, 0, 0)}TEST Mother       TEST Child      TEST Mother     TEST Mother     partial
  4    {Child:(0, 0, 0), Father:(0, 0, 0), Grandfather:(0, 0, 0), Grandmother:(0, 0, 0)}TEST Mother       TEST Mother     STOP            TEST Mother     partial
  5    {Child:(0, 0, 0), Father:(0, 0, 0), Grandfather:(0, 0, 0), Grandmother:(0, 0, 0), Mother:(0, 0, 0)}STOP              STOP            STOP            STOP            ALL
  agreement vs DP: myopic=3/6=0.500  gnn=5/6=0.833  mlp=6/6=1.000  all4=2/6=0.333

==========================================================================================
ThreeGeneration_MediumEven_Aggressive_3gene
==========================================================================================
  step state                                             DP (truth)        MYOPIC          GNN             MLP             agree
  0    root                                              TEST Grandfather  TEST GrandfatherTEST GrandfatherTEST GrandfatherALL
  1    {Grandfather:(0, 0, 0)}                           TEST Grandmother  TEST Father     TEST GrandmotherTEST Grandmotherpartial
  2    {Father:(0, 0, 0), Grandfather:(0, 0, 0)}         TEST Grandmother  TEST GrandmotherTEST Mother     TEST Mother     partial
  3    {Father:(0, 0, 0), Grandfather:(0, 0, 0), Grandmother:(0, 0, 0)}TEST Mother       TEST Child      TEST Mother     TEST Mother     partial
  4    {Child:(0, 0, 0), Father:(0, 0, 0), Grandfather:(0, 0, 0), Grandmother:(0, 0, 0)}TEST Mother       TEST Mother     TEST Mother     TEST Mother     ALL
  5    {Child:(0, 0, 0), Father:(0, 0, 0), Grandfather:(0, 0, 0), Grandmother:(0, 0, 0), Mother:(0, 0, 0)}STOP              STOP            STOP            STOP            ALL
  agreement vs DP: myopic=4/6=0.667  gnn=5/6=0.833  mlp=5/6=0.833  all4=3/6=0.500

==========================================================================================
ThreeGeneration_LowLow_Base_3gene
==========================================================================================
  step state                                             DP (truth)        MYOPIC          GNN             MLP             agree
  0    root                                              TEST Father       TEST GrandfatherTEST Father     TEST Child      partial
  1    {Grandfather:(0, 0, 0)}                           TEST Child        TEST Father     TEST Child      TEST Child      partial
  2    {Father:(0, 0, 0), Grandfather:(0, 0, 0)}         TEST Mother       TEST GrandmotherTEST Mother     TEST Grandmotherpartial
  3    {Father:(0, 0, 0), Grandfather:(0, 0, 0), Grandmother:(0, 0, 0)}TEST Mother       TEST Child      TEST Mother     TEST Mother     partial
  4    {Child:(0, 0, 0), Father:(0, 0, 0), Grandfather:(0, 0, 0), Grandmother:(0, 0, 0)}STOP              STOP            STOP            STOP            ALL
  agreement vs DP: myopic=1/5=0.200  gnn=5/5=1.000  mlp=3/5=0.600  all4=1/5=0.200

==========================================================================================
ThreeGeneration_LowLow_Aggressive_3gene
==========================================================================================
  step state                                             DP (truth)        MYOPIC          GNN             MLP             agree
  0    root                                              TEST Grandfather  TEST GrandfatherTEST Father     TEST Child      partial
  1    {Grandfather:(0, 0, 0)}                           TEST Grandmother  TEST Father     TEST Child      TEST Child      none
  2    {Father:(0, 0, 0), Grandfather:(0, 0, 0)}         TEST Mother       TEST GrandmotherTEST Mother     TEST Grandmotherpartial
  3    {Father:(0, 0, 0), Grandfather:(0, 0, 0), Grandmother:(0, 0, 0)}TEST Mother       TEST Child      TEST Mother     TEST Mother     partial
  4    {Child:(0, 0, 0), Father:(0, 0, 0), Grandfather:(0, 0, 0), Grandmother:(0, 0, 0)}STOP              STOP            STOP            STOP            ALL
  agreement vs DP: myopic=2/5=0.400  gnn=3/5=0.600  mlp=2/5=0.400  all4=1/5=0.200

==========================================================================================
ThreeGeneration_HighHigh_Base_3gene
==========================================================================================
  step state                                             DP (truth)        MYOPIC          GNN             MLP             agree
  0    root                                              TEST Grandfather  TEST GrandfatherTEST Mother     TEST Grandfatherpartial
  1    {Grandfather:(0, 0, 0)}                           TEST Child        TEST Father     TEST Father     TEST Grandmothernone
  2    {Father:(0, 0, 0), Grandfather:(0, 0, 0)}         TEST Grandmother  TEST GrandmotherTEST GrandmotherTEST Mother     partial
  3    {Father:(0, 0, 0), Grandfather:(0, 0, 0), Grandmother:(0, 0, 0)}TEST Child        TEST Child      TEST Child      TEST Mother     partial
  4    {Child:(0, 0, 0), Father:(0, 0, 0), Grandfather:(0, 0, 0), Grandmother:(0, 0, 0)}TEST Mother       TEST Mother     STOP            TEST Mother     partial
  5    {Child:(0, 0, 0), Father:(0, 0, 0), Grandfather:(0, 0, 0), Grandmother:(0, 0, 0), Mother:(0, 0, 0)}STOP              STOP            STOP            STOP            ALL
  agreement vs DP: myopic=5/6=0.833  gnn=3/6=0.500  mlp=3/6=0.500  all4=1/6=0.167

==========================================================================================
ThreeGeneration_HighHigh_Aggressive_3gene
==========================================================================================
  step state                                             DP (truth)        MYOPIC          GNN             MLP             agree
  0    root                                              TEST Grandfather  TEST GrandfatherTEST Mother     TEST Grandfatherpartial
  1    {Grandfather:(0, 0, 0)}                           TEST Grandmother  TEST Father     TEST Father     TEST Grandmotherpartial
  2    {Father:(0, 0, 0), Grandfather:(0, 0, 0)}         TEST Grandmother  TEST GrandmotherTEST Mother     TEST Mother     partial
  3    {Father:(0, 0, 0), Grandfather:(0, 0, 0), Grandmother:(0, 0, 0)}TEST Mother       TEST Child      TEST Mother     TEST Mother     partial
  4    {Child:(0, 0, 0), Father:(0, 0, 0), Grandfather:(0, 0, 0), Grandmother:(0, 0, 0)}TEST Mother       TEST Mother     TEST Mother     TEST Mother     ALL
  5    {Child:(0, 0, 0), Father:(0, 0, 0), Grandfather:(0, 0, 0), Grandmother:(0, 0, 0), Mother:(0, 0, 0)}STOP              STOP            STOP            STOP            ALL
  agreement vs DP: myopic=4/6=0.667  gnn=3/6=0.500  mlp=5/6=0.833  all4=2/6=0.333

==========================================================================================
ThreeGeneration_MixedA_Base_3gene
==========================================================================================
  step state                                             DP (truth)        MYOPIC          GNN             MLP             agree
  0    root                                              TEST Grandfather  TEST GrandfatherTEST Mother     TEST Grandfatherpartial
  1    {Grandfather:(0, 0, 0)}                           TEST Grandmother  TEST Father     TEST GrandmotherTEST Grandmotherpartial
  2    {Father:(0, 0, 0), Grandfather:(0, 0, 0)}         TEST Grandmother  TEST GrandmotherTEST Mother     TEST Mother     partial
  3    {Father:(0, 0, 0), Grandfather:(0, 0, 0), Grandmother:(0, 0, 0)}TEST Mother       TEST Child      TEST Mother     TEST Mother     partial
  4    {Child:(0, 0, 0), Father:(0, 0, 0), Grandfather:(0, 0, 0), Grandmother:(0, 0, 0)}TEST Mother       TEST Mother     STOP            TEST Mother     partial
  5    {Child:(0, 0, 0), Father:(0, 0, 0), Grandfather:(0, 0, 0), Grandmother:(0, 0, 0), Mother:(0, 0, 0)}STOP              STOP            STOP            STOP            ALL
  agreement vs DP: myopic=4/6=0.667  gnn=3/6=0.500  mlp=5/6=0.833  all4=1/6=0.167

==========================================================================================
ThreeGeneration_MixedA_Aggressive_3gene
==========================================================================================
  step state                                             DP (truth)        MYOPIC          GNN             MLP             agree
  0    root                                              TEST Grandfather  TEST GrandfatherTEST Mother     TEST Grandfatherpartial
  1    {Grandfather:(0, 0, 0)}                           TEST Grandmother  TEST Father     TEST GrandmotherTEST Grandmotherpartial
  2    {Father:(0, 0, 0), Grandfather:(0, 0, 0)}         TEST Grandmother  TEST GrandmotherTEST Mother     TEST Mother     partial
  3    {Father:(0, 0, 0), Grandfather:(0, 0, 0), Grandmother:(0, 0, 0)}TEST Mother       TEST Child      TEST Mother     TEST Mother     partial
  4    {Child:(0, 0, 0), Father:(0, 0, 0), Grandfather:(0, 0, 0), Grandmother:(0, 0, 0)}TEST Mother       TEST Mother     TEST Mother     TEST Mother     ALL
  5    {Child:(0, 0, 0), Father:(0, 0, 0), Grandfather:(0, 0, 0), Grandmother:(0, 0, 0), Mother:(0, 0, 0)}STOP              STOP            STOP            STOP            ALL
  agreement vs DP: myopic=4/6=0.667  gnn=4/6=0.667  mlp=5/6=0.833  all4=2/6=0.333

==========================================================================================
ThreeGeneration_MixedB_Base_3gene
==========================================================================================
  step state                                             DP (truth)        MYOPIC          GNN             MLP             agree
  0    root                                              TEST Grandfather  TEST GrandfatherTEST GrandfatherTEST GrandfatherALL
  1    {Grandfather:(0, 0, 0)}                           TEST Grandmother  TEST Father     TEST GrandmotherTEST Grandmotherpartial
  2    {Father:(0, 0, 0), Grandfather:(0, 0, 0)}         TEST Mother       TEST GrandmotherTEST Mother     TEST Mother     partial
  3    {Father:(0, 0, 0), Grandfather:(0, 0, 0), Grandmother:(0, 0, 0)}TEST Mother       TEST Child      TEST Mother     TEST Mother     partial
  4    {Child:(0, 0, 0), Father:(0, 0, 0), Grandfather:(0, 0, 0), Grandmother:(0, 0, 0)}STOP              STOP            STOP            TEST Mother     partial
  agreement vs DP: myopic=2/5=0.400  gnn=5/5=1.000  mlp=4/5=0.800  all4=1/5=0.200

==========================================================================================
ThreeGeneration_MixedB_Aggressive_3gene
==========================================================================================
  step state                                             DP (truth)        MYOPIC          GNN             MLP             agree
  0    root                                              TEST Grandfather  TEST GrandfatherTEST Mother     TEST Grandfatherpartial
  1    {Grandfather:(0, 0, 0)}                           TEST Grandmother  TEST Father     TEST GrandmotherTEST Grandmotherpartial
  2    {Father:(0, 0, 0), Grandfather:(0, 0, 0)}         TEST Grandmother  TEST GrandmotherTEST Mother     TEST Mother     partial
  3    {Father:(0, 0, 0), Grandfather:(0, 0, 0), Grandmother:(0, 0, 0)}TEST Mother       TEST Child      TEST Mother     TEST Mother     partial
  4    {Child:(0, 0, 0), Father:(0, 0, 0), Grandfather:(0, 0, 0), Grandmother:(0, 0, 0)}TEST Mother       TEST Mother     STOP            TEST Mother     partial
  5    {Child:(0, 0, 0), Father:(0, 0, 0), Grandfather:(0, 0, 0), Grandmother:(0, 0, 0), Mother:(0, 0, 0)}STOP              STOP            STOP            STOP            ALL
  agreement vs DP: myopic=4/6=0.667  gnn=3/6=0.500  mlp=5/6=0.833  all4=1/6=0.167

==========================================================================================
OVERALL (whole trajectory)
  vs DP: myopic=39/69=0.565  gnn=49/69=0.710  mlp=55/69=0.797  all4=19/69=0.275
OVERALL (root / first action only)
  vs DP: myopic=11/12  gnn=5/12  mlp=10/12
saved -> /net/projects/ranalab/rajhansini/replication_16features/incremental_experiments/results/3gene/seed2/e4_fourway.json
saved -> /net/projects/ranalab/rajhansini/replication_16features/incremental_experiments/results/3gene/seed2/e4_fourway.log
