[e5_fourway] 2026-07-25T19:56:27.428551  genes=3  seed=2  variant=E5 (GNN: n_rounds=3, winner of scout sweep; MLP: unchanged from E2)
loaded /net/projects/ranalab/rajhansini/replication_16features/incremental_experiments/results/e5_gnn_rounds3/seed_runs/seed2/gnn_q_e5.pt
loaded /net/projects/ranalab/rajhansini/replication_16features/fixing_gnn_q/results/mlp_q_ce/seed_runs/seed2/mlp_q_ce.pt

==========================================================================================
ThreeGeneration_LowHigh_Base_3gene
==========================================================================================
  step state                                             DP (truth)        MYOPIC          GNN             MLP             agree
  0    root                                              TEST Grandfather  TEST GrandfatherTEST GrandfatherTEST Child      partial
  1    {Grandfather:(0, 0, 0)}                           TEST Grandmother  TEST Father     TEST GrandmotherTEST Child      partial
  2    {Father:(0, 0, 0), Grandfather:(0, 0, 0)}         TEST Mother       TEST GrandmotherTEST Mother     TEST Mother     partial
  3    {Father:(0, 0, 0), Grandfather:(0, 0, 0), Grandmother:(0, 0, 0)}TEST Mother       TEST Child      TEST Mother     TEST Mother     partial
  4    {Child:(0, 0, 0), Father:(0, 0, 0), Grandfather:(0, 0, 0), Grandmother:(0, 0, 0)}TEST Mother       TEST Mother     STOP            TEST Mother     partial
  5    {Child:(0, 0, 0), Father:(0, 0, 0), Grandfather:(0, 0, 0), Grandmother:(0, 0, 0), Mother:(0, 0, 0)}STOP              STOP            STOP            STOP            ALL
  agreement vs DP: myopic=3/6=0.500  gnn=5/6=0.833  mlp=4/6=0.667  all4=1/6=0.167

==========================================================================================
ThreeGeneration_LowHigh_Aggressive_3gene
==========================================================================================
  step state                                             DP (truth)        MYOPIC          GNN             MLP             agree
  0    root                                              TEST Grandfather  TEST GrandfatherTEST GrandfatherTEST Child      partial
  1    {Grandfather:(0, 0, 0)}                           TEST Grandmother  TEST Father     TEST GrandmotherTEST Child      partial
  2    {Father:(0, 0, 0), Grandfather:(0, 0, 0)}         TEST Mother       TEST GrandmotherTEST Mother     TEST Mother     partial
  3    {Father:(0, 0, 0), Grandfather:(0, 0, 0), Grandmother:(0, 0, 0)}TEST Mother       TEST Child      TEST Mother     TEST Mother     partial
  4    {Child:(0, 0, 0), Father:(0, 0, 0), Grandfather:(0, 0, 0), Grandmother:(0, 0, 0)}TEST Mother       TEST Mother     TEST Mother     TEST Mother     ALL
  5    {Child:(0, 0, 0), Father:(0, 0, 0), Grandfather:(0, 0, 0), Grandmother:(0, 0, 0), Mother:(0, 0, 0)}STOP              STOP            STOP            STOP            ALL
  agreement vs DP: myopic=3/6=0.500  gnn=6/6=1.000  mlp=4/6=0.667  all4=2/6=0.333

==========================================================================================
ThreeGeneration_MediumEven_Base_3gene
==========================================================================================
  step state                                             DP (truth)        MYOPIC          GNN             MLP             agree
  0    root                                              TEST Grandfather  TEST GrandfatherTEST Mother     TEST Child      partial
  1    {Grandfather:(0, 0, 0)}                           TEST Grandmother  TEST Father     TEST GrandmotherTEST Child      partial
  2    {Father:(0, 0, 0), Grandfather:(0, 0, 0)}         TEST Mother       TEST GrandmotherTEST Mother     TEST Mother     partial
  3    {Father:(0, 0, 0), Grandfather:(0, 0, 0), Grandmother:(0, 0, 0)}TEST Mother       TEST Child      TEST Mother     TEST Mother     partial
  4    {Child:(0, 0, 0), Father:(0, 0, 0), Grandfather:(0, 0, 0), Grandmother:(0, 0, 0)}TEST Mother       TEST Mother     STOP            TEST Mother     partial
  5    {Child:(0, 0, 0), Father:(0, 0, 0), Grandfather:(0, 0, 0), Grandmother:(0, 0, 0), Mother:(0, 0, 0)}STOP              STOP            STOP            STOP            ALL
  agreement vs DP: myopic=3/6=0.500  gnn=4/6=0.667  mlp=4/6=0.667  all4=1/6=0.167

==========================================================================================
ThreeGeneration_MediumEven_Aggressive_3gene
==========================================================================================
  step state                                             DP (truth)        MYOPIC          GNN             MLP             agree
  0    root                                              TEST Grandfather  TEST GrandfatherTEST Mother     TEST Child      partial
  1    {Grandfather:(0, 0, 0)}                           TEST Grandmother  TEST Father     TEST GrandmotherTEST Child      partial
  2    {Father:(0, 0, 0), Grandfather:(0, 0, 0)}         TEST Grandmother  TEST GrandmotherTEST Mother     TEST Mother     partial
  3    {Father:(0, 0, 0), Grandfather:(0, 0, 0), Grandmother:(0, 0, 0)}TEST Mother       TEST Child      TEST Mother     TEST Mother     partial
  4    {Child:(0, 0, 0), Father:(0, 0, 0), Grandfather:(0, 0, 0), Grandmother:(0, 0, 0)}TEST Mother       TEST Mother     TEST Mother     TEST Mother     ALL
  5    {Child:(0, 0, 0), Father:(0, 0, 0), Grandfather:(0, 0, 0), Grandmother:(0, 0, 0), Mother:(0, 0, 0)}STOP              STOP            STOP            STOP            ALL
  agreement vs DP: myopic=4/6=0.667  gnn=4/6=0.667  mlp=3/6=0.500  all4=2/6=0.333

==========================================================================================
ThreeGeneration_LowLow_Base_3gene
==========================================================================================
  step state                                             DP (truth)        MYOPIC          GNN             MLP             agree
  0    root                                              TEST Father       TEST GrandfatherTEST Child      TEST Child      none
  1    {Grandfather:(0, 0, 0)}                           TEST Child        TEST Father     TEST GrandmotherTEST Child      partial
  2    {Father:(0, 0, 0), Grandfather:(0, 0, 0)}         TEST Mother       TEST GrandmotherTEST Mother     TEST Mother     partial
  3    {Father:(0, 0, 0), Grandfather:(0, 0, 0), Grandmother:(0, 0, 0)}TEST Mother       TEST Child      TEST Mother     TEST Mother     partial
  4    {Child:(0, 0, 0), Father:(0, 0, 0), Grandfather:(0, 0, 0), Grandmother:(0, 0, 0)}STOP              STOP            STOP            TEST Mother     partial
  agreement vs DP: myopic=1/5=0.200  gnn=3/5=0.600  mlp=3/5=0.600  all4=0/5=0.000

==========================================================================================
ThreeGeneration_LowLow_Aggressive_3gene
==========================================================================================
  step state                                             DP (truth)        MYOPIC          GNN             MLP             agree
  0    root                                              TEST Grandfather  TEST GrandfatherTEST GrandfatherTEST Child      partial
  1    {Grandfather:(0, 0, 0)}                           TEST Grandmother  TEST Father     TEST GrandmotherTEST Child      partial
  2    {Father:(0, 0, 0), Grandfather:(0, 0, 0)}         TEST Mother       TEST GrandmotherTEST Mother     TEST Mother     partial
  3    {Father:(0, 0, 0), Grandfather:(0, 0, 0), Grandmother:(0, 0, 0)}TEST Mother       TEST Child      TEST Mother     TEST Mother     partial
  4    {Child:(0, 0, 0), Father:(0, 0, 0), Grandfather:(0, 0, 0), Grandmother:(0, 0, 0)}STOP              STOP            STOP            TEST Mother     partial
  agreement vs DP: myopic=2/5=0.400  gnn=5/5=1.000  mlp=2/5=0.400  all4=0/5=0.000

==========================================================================================
ThreeGeneration_HighHigh_Base_3gene
==========================================================================================
  step state                                             DP (truth)        MYOPIC          GNN             MLP             agree
  0    root                                              TEST Grandfather  TEST GrandfatherTEST GrandfatherTEST Child      partial
  1    {Grandfather:(0, 0, 0)}                           TEST Child        TEST Father     TEST Mother     TEST Child      partial
  2    {Father:(0, 0, 0), Grandfather:(0, 0, 0)}         TEST Grandmother  TEST GrandmotherTEST GrandmotherTEST Child      partial
  3    {Father:(0, 0, 0), Grandfather:(0, 0, 0), Grandmother:(0, 0, 0)}TEST Child        TEST Child      TEST Mother     TEST Mother     partial
  4    {Child:(0, 0, 0), Father:(0, 0, 0), Grandfather:(0, 0, 0), Grandmother:(0, 0, 0)}TEST Mother       TEST Mother     TEST Mother     TEST Mother     ALL
  5    {Child:(0, 0, 0), Father:(0, 0, 0), Grandfather:(0, 0, 0), Grandmother:(0, 0, 0), Mother:(0, 0, 0)}STOP              STOP            STOP            STOP            ALL
  agreement vs DP: myopic=5/6=0.833  gnn=4/6=0.667  mlp=3/6=0.500  all4=2/6=0.333

==========================================================================================
ThreeGeneration_HighHigh_Aggressive_3gene
==========================================================================================
  step state                                             DP (truth)        MYOPIC          GNN             MLP             agree
  0    root                                              TEST Grandfather  TEST GrandfatherTEST GrandfatherTEST Child      partial
  1    {Grandfather:(0, 0, 0)}                           TEST Grandmother  TEST Father     TEST Mother     TEST Child      none
  2    {Father:(0, 0, 0), Grandfather:(0, 0, 0)}         TEST Grandmother  TEST GrandmotherTEST GrandmotherTEST Child      partial
  3    {Father:(0, 0, 0), Grandfather:(0, 0, 0), Grandmother:(0, 0, 0)}TEST Mother       TEST Child      TEST Mother     TEST Mother     partial
  4    {Child:(0, 0, 0), Father:(0, 0, 0), Grandfather:(0, 0, 0), Grandmother:(0, 0, 0)}TEST Mother       TEST Mother     TEST Mother     TEST Mother     ALL
  5    {Child:(0, 0, 0), Father:(0, 0, 0), Grandfather:(0, 0, 0), Grandmother:(0, 0, 0), Mother:(0, 0, 0)}STOP              STOP            STOP            STOP            ALL
  agreement vs DP: myopic=4/6=0.667  gnn=5/6=0.833  mlp=3/6=0.500  all4=2/6=0.333

==========================================================================================
ThreeGeneration_MixedA_Base_3gene
==========================================================================================
  step state                                             DP (truth)        MYOPIC          GNN             MLP             agree
  0    root                                              TEST Grandfather  TEST GrandfatherTEST GrandfatherTEST Child      partial
  1    {Grandfather:(0, 0, 0)}                           TEST Grandmother  TEST Father     TEST GrandmotherTEST Child      partial
  2    {Father:(0, 0, 0), Grandfather:(0, 0, 0)}         TEST Grandmother  TEST GrandmotherTEST Mother     TEST Mother     partial
  3    {Father:(0, 0, 0), Grandfather:(0, 0, 0), Grandmother:(0, 0, 0)}TEST Mother       TEST Child      TEST Mother     TEST Mother     partial
  4    {Child:(0, 0, 0), Father:(0, 0, 0), Grandfather:(0, 0, 0), Grandmother:(0, 0, 0)}TEST Mother       TEST Mother     STOP            TEST Mother     partial
  5    {Child:(0, 0, 0), Father:(0, 0, 0), Grandfather:(0, 0, 0), Grandmother:(0, 0, 0), Mother:(0, 0, 0)}STOP              STOP            STOP            STOP            ALL
  agreement vs DP: myopic=4/6=0.667  gnn=4/6=0.667  mlp=3/6=0.500  all4=1/6=0.167

==========================================================================================
ThreeGeneration_MixedA_Aggressive_3gene
==========================================================================================
  step state                                             DP (truth)        MYOPIC          GNN             MLP             agree
  0    root                                              TEST Grandfather  TEST GrandfatherTEST GrandfatherTEST Child      partial
  1    {Grandfather:(0, 0, 0)}                           TEST Grandmother  TEST Father     TEST GrandmotherTEST Child      partial
  2    {Father:(0, 0, 0), Grandfather:(0, 0, 0)}         TEST Grandmother  TEST GrandmotherTEST Mother     TEST Mother     partial
  3    {Father:(0, 0, 0), Grandfather:(0, 0, 0), Grandmother:(0, 0, 0)}TEST Mother       TEST Child      TEST Mother     TEST Mother     partial
  4    {Child:(0, 0, 0), Father:(0, 0, 0), Grandfather:(0, 0, 0), Grandmother:(0, 0, 0)}TEST Mother       TEST Mother     STOP            TEST Mother     partial
  5    {Child:(0, 0, 0), Father:(0, 0, 0), Grandfather:(0, 0, 0), Grandmother:(0, 0, 0), Mother:(0, 0, 0)}STOP              STOP            STOP            STOP            ALL
  agreement vs DP: myopic=4/6=0.667  gnn=4/6=0.667  mlp=3/6=0.500  all4=1/6=0.167

==========================================================================================
ThreeGeneration_MixedB_Base_3gene
==========================================================================================
  step state                                             DP (truth)        MYOPIC          GNN             MLP             agree
  0    root                                              TEST Grandfather  TEST GrandfatherTEST Mother     TEST Child      partial
  1    {Grandfather:(0, 0, 0)}                           TEST Grandmother  TEST Father     TEST GrandmotherTEST Child      partial
  2    {Father:(0, 0, 0), Grandfather:(0, 0, 0)}         TEST Mother       TEST GrandmotherTEST Mother     TEST Mother     partial
  3    {Father:(0, 0, 0), Grandfather:(0, 0, 0), Grandmother:(0, 0, 0)}TEST Mother       TEST Child      TEST Mother     TEST Mother     partial
  4    {Child:(0, 0, 0), Father:(0, 0, 0), Grandfather:(0, 0, 0), Grandmother:(0, 0, 0)}TEST Mother       TEST Mother     TEST Mother     TEST Mother     ALL
  5    {Child:(0, 0, 0), Father:(0, 0, 0), Grandfather:(0, 0, 0), Grandmother:(0, 0, 0), Mother:(0, 0, 0)}STOP              STOP            STOP            STOP            ALL
  agreement vs DP: myopic=3/6=0.500  gnn=5/6=0.833  mlp=4/6=0.667  all4=2/6=0.333

==========================================================================================
ThreeGeneration_MixedB_Aggressive_3gene
==========================================================================================
  step state                                             DP (truth)        MYOPIC          GNN             MLP             agree
  0    root                                              TEST Grandfather  TEST GrandfatherTEST Mother     TEST Child      partial
  1    {Grandfather:(0, 0, 0)}                           TEST Grandmother  TEST Father     TEST GrandmotherTEST Child      partial
  2    {Father:(0, 0, 0), Grandfather:(0, 0, 0)}         TEST Mother       TEST GrandmotherTEST Mother     TEST Mother     partial
  3    {Father:(0, 0, 0), Grandfather:(0, 0, 0), Grandmother:(0, 0, 0)}TEST Mother       TEST Child      TEST Mother     TEST Mother     partial
  4    {Child:(0, 0, 0), Father:(0, 0, 0), Grandfather:(0, 0, 0), Grandmother:(0, 0, 0)}TEST Mother       TEST Mother     TEST Mother     TEST Mother     ALL
  5    {Child:(0, 0, 0), Father:(0, 0, 0), Grandfather:(0, 0, 0), Grandmother:(0, 0, 0), Mother:(0, 0, 0)}STOP              STOP            STOP            STOP            ALL
  agreement vs DP: myopic=3/6=0.500  gnn=5/6=0.833  mlp=4/6=0.667  all4=2/6=0.333

==========================================================================================
OVERALL (whole trajectory)
  vs DP: myopic=39/70=0.557  gnn=54/70=0.771  mlp=40/70=0.571  all4=16/70=0.229
OVERALL (root / first action only)
  vs DP: myopic=11/12  gnn=7/12  mlp=0/12
saved -> /net/projects/ranalab/rajhansini/replication_16features/incremental_experiments/results/3gene/seed2/e5_fourway.json
saved -> /net/projects/ranalab/rajhansini/replication_16features/incremental_experiments/results/3gene/seed2/e5_fourway.log
