[model_vs_dp] 2026-07-22T22:24:16.212351  genes=2  seed=0  variant=ce_reweighted  model=gnn
output -> /net/projects/ranalab/rajhansini/replication_16features/fixing_gnn_q/results/2gene/ce_reweighted/gnn/seed0
loaded /net/projects/ranalab/rajhansini/replication_16features/fixing_gnn_q/results/gnn_q_ce_reweighted_2gene/seed_runs/seed0/gnn_q_ce_rw_2gene.pt  params=7393

================================================================================
ThreeGeneration_LowHigh_Base_2gene
================================================================================
  step state                                             GNN             DP (ground truth)   match
  0    root                                              TEST Child      TEST Grandfather    NO
  1    {Child:(0, 0)}                                    TEST Father     TEST Grandfather    NO
  2    {Child:(0, 0), Father:(0, 0)}                     STOP            STOP                YES
  agreement with DP (ground truth): 1/3 = 0.333

================================================================================
ThreeGeneration_LowHigh_Aggressive_2gene
================================================================================
  step state                                             GNN             DP (ground truth)   match
  0    root                                              TEST Child      TEST Grandfather    NO
  1    {Child:(0, 0)}                                    TEST Father     TEST Grandfather    NO
  2    {Child:(0, 0), Father:(0, 0)}                     TEST GrandfatherTEST Grandfather    YES
  3    {Child:(0, 0), Father:(0, 0), Grandfather:(0, 0)} STOP            TEST Grandmother    NO
  agreement with DP (ground truth): 1/4 = 0.250

================================================================================
ThreeGeneration_MediumEven_Base_2gene
================================================================================
  step state                                             GNN             DP (ground truth)   match
  0    root                                              TEST GrandfatherTEST Grandfather    YES
  1    {Grandfather:(0, 0)}                              TEST GrandmotherTEST Grandmother    YES
  2    {Grandfather:(0, 0), Grandmother:(0, 0)}          TEST Child      TEST Mother         NO
  3    {Child:(0, 0), Grandfather:(0, 0), Grandmother:(0, 0)}TEST Mother     STOP                NO
  4    {Child:(0, 0), Grandfather:(0, 0), Grandmother:(0, 0), Mother:(0, 0)}TEST Father     STOP                NO
  5    {Child:(0, 0), Father:(0, 0), Grandfather:(0, 0), Grandmother:(0, 0), Mother:(0, 0)}STOP            STOP                YES
  agreement with DP (ground truth): 3/6 = 0.500

================================================================================
ThreeGeneration_MediumEven_Aggressive_2gene
================================================================================
  step state                                             GNN             DP (ground truth)   match
  0    root                                              TEST GrandfatherTEST Grandfather    YES
  1    {Grandfather:(0, 0)}                              TEST GrandmotherTEST Grandmother    YES
  2    {Grandfather:(0, 0), Grandmother:(0, 0)}          TEST Mother     TEST Mother         YES
  3    {Grandfather:(0, 0), Grandmother:(0, 0), Mother:(0, 0)}TEST Father     STOP                NO
  4    {Father:(0, 0), Grandfather:(0, 0), Grandmother:(0, 0), Mother:(0, 0)}STOP            STOP                YES
  agreement with DP (ground truth): 4/5 = 0.800

================================================================================
ThreeGeneration_LowLow_Base_2gene
================================================================================
  step state                                             GNN             DP (ground truth)   match
  0    root                                              TEST Child      TEST Child          YES
  1    {Child:(0, 0)}                                    TEST Father     STOP                NO
  2    {Child:(0, 0), Father:(0, 0)}                     STOP            STOP                YES
  agreement with DP (ground truth): 2/3 = 0.667

================================================================================
ThreeGeneration_LowLow_Aggressive_2gene
================================================================================
  step state                                             GNN             DP (ground truth)   match
  0    root                                              TEST Child      TEST Father         NO
  1    {Child:(0, 0)}                                    TEST Father     TEST Father         YES
  2    {Child:(0, 0), Father:(0, 0)}                     STOP            STOP                YES
  agreement with DP (ground truth): 2/3 = 0.667

================================================================================
ThreeGeneration_HighHigh_Base_2gene
================================================================================
  step state                                             GNN             DP (ground truth)   match
  0    root                                              TEST GrandfatherTEST Grandfather    YES
  1    {Grandfather:(0, 0)}                              TEST GrandmotherTEST Child          NO
  2    {Grandfather:(0, 0), Grandmother:(0, 0)}          TEST Mother     TEST Mother         YES
  3    {Grandfather:(0, 0), Grandmother:(0, 0), Mother:(0, 0)}STOP            STOP                YES
  agreement with DP (ground truth): 3/4 = 0.750

================================================================================
ThreeGeneration_HighHigh_Aggressive_2gene
================================================================================
  step state                                             GNN             DP (ground truth)   match
  0    root                                              TEST GrandfatherTEST Grandfather    YES
  1    {Grandfather:(0, 0)}                              TEST GrandmotherTEST Grandmother    YES
  2    {Grandfather:(0, 0), Grandmother:(0, 0)}          TEST Mother     TEST Mother         YES
  3    {Grandfather:(0, 0), Grandmother:(0, 0), Mother:(0, 0)}TEST Father     STOP                NO
  4    {Father:(0, 0), Grandfather:(0, 0), Grandmother:(0, 0), Mother:(0, 0)}STOP            STOP                YES
  agreement with DP (ground truth): 4/5 = 0.800

================================================================================
ThreeGeneration_MixedA_Base_2gene
================================================================================
  step state                                             GNN             DP (ground truth)   match
  0    root                                              TEST Child      TEST Father         NO
  1    {Child:(0, 0)}                                    TEST Father     TEST Father         YES
  2    {Child:(0, 0), Father:(0, 0)}                     STOP            STOP                YES
  agreement with DP (ground truth): 2/3 = 0.667

================================================================================
ThreeGeneration_MixedA_Aggressive_2gene
================================================================================
  step state                                             GNN             DP (ground truth)   match
  0    root                                              TEST Child      TEST Grandfather    NO
  1    {Child:(0, 0)}                                    TEST Father     TEST Grandfather    NO
  2    {Child:(0, 0), Father:(0, 0)}                     STOP            TEST Grandfather    NO
  agreement with DP (ground truth): 0/3 = 0.000

================================================================================
ThreeGeneration_MixedB_Base_2gene
================================================================================
  step state                                             GNN             DP (ground truth)   match
  0    root                                              TEST Child      TEST Grandfather    NO
  1    {Child:(0, 0)}                                    TEST Mother     TEST Grandfather    NO
  2    {Child:(0, 0), Mother:(0, 0)}                     TEST GrandfatherTEST Grandfather    YES
  3    {Child:(0, 0), Grandfather:(0, 0), Mother:(0, 0)} TEST GrandmotherTEST Grandmother    YES
  4    {Child:(0, 0), Grandfather:(0, 0), Grandmother:(0, 0), Mother:(0, 0)}TEST Father     STOP                NO
  5    {Child:(0, 0), Father:(0, 0), Grandfather:(0, 0), Grandmother:(0, 0), Mother:(0, 0)}STOP            STOP                YES
  agreement with DP (ground truth): 3/6 = 0.500

================================================================================
ThreeGeneration_MixedB_Aggressive_2gene
================================================================================
  step state                                             GNN             DP (ground truth)   match
  0    root                                              TEST Child      TEST Grandfather    NO
  1    {Child:(0, 0)}                                    TEST Mother     TEST Grandfather    NO
  2    {Child:(0, 0), Mother:(0, 0)}                     TEST GrandfatherTEST Grandfather    YES
  3    {Child:(0, 0), Grandfather:(0, 0), Mother:(0, 0)} TEST GrandmotherTEST Grandmother    YES
  4    {Child:(0, 0), Grandfather:(0, 0), Grandmother:(0, 0), Mother:(0, 0)}STOP            STOP                YES
  agreement with DP (ground truth): 3/5 = 0.600

================================================================================
OVERALL
  agreement with DP (ground truth): 28/50 = 0.560
  root-state agreement:             5/12 = 0.417
saved -> /net/projects/ranalab/rajhansini/replication_16features/fixing_gnn_q/results/2gene/ce_reweighted/gnn/seed0/model_vs_dp.json
saved -> /net/projects/ranalab/rajhansini/replication_16features/fixing_gnn_q/results/2gene/ce_reweighted/gnn/seed0/model_vs_dp.log
