[e1_fourway] 2026-08-24T03:07:07.834532  genes=3  seed=1  variant=E1 (MSE + state-grouped batching)
loaded /net/projects/ranalab/rajhansini/replication_16features/incremental_experiments/results/e1_gnn_mse_grouped/seed_runs/seed1/gnn_q_e1.pt
loaded /net/projects/ranalab/rajhansini/replication_16features/incremental_experiments/results/e1_mlp_mse_grouped/seed_runs/seed1/mlp_q_e1.pt

==========================================================================================
ThreeGeneration_LowHigh_Base_3gene
==========================================================================================
  step state                                             DP (truth)        MYOPIC          GNN             MLP             agree
  0    root                                              TEST Grandfather  TEST GrandfatherTEST Child      TEST Grandfatherpartial
  1    {Grandfather:(0, 0, 0)}                           TEST Grandmother  TEST Father     TEST Father     TEST Father     none
  2    {Father:(0, 0, 0), Grandfather:(0, 0, 0)}         TEST Mother       TEST GrandmotherTEST GrandmotherTEST Child      none
  3    {Father:(0, 0, 0), Grandfather:(0, 0, 0), Grandmother:(0, 0, 0)}TEST Mother       TEST Child      TEST Mother     TEST Child      partial
  4    {Child:(0, 0, 0), Father:(0, 0, 0), Grandfather:(0, 0, 0), Grandmother:(0, 0, 0)}TEST Mother       TEST Mother     STOP            TEST Mother     partial
  5    {Child:(0, 0, 0), Father:(0, 0, 0), Grandfather:(0, 0, 0), Grandmother:(0, 0, 0), Mother:(0, 0, 0)}STOP              STOP            STOP            STOP            ALL
  agreement vs DP: myopic=3/6=0.500  gnn=2/6=0.333  mlp=3/6=0.500  all4=1/6=0.167

==========================================================================================
ThreeGeneration_LowHigh_Aggressive_3gene
==========================================================================================
  step state                                             DP (truth)        MYOPIC          GNN             MLP             agree
  0    root                                              TEST Grandfather  TEST GrandfatherTEST GrandfatherTEST GrandfatherALL
  1    {Grandfather:(0, 0, 0)}                           TEST Grandmother  TEST Father     TEST Father     TEST Father     none
  2    {Father:(0, 0, 0), Grandfather:(0, 0, 0)}         TEST Mother       TEST GrandmotherTEST GrandmotherTEST Mother     partial
  3    {Father:(0, 0, 0), Grandfather:(0, 0, 0), Grandmother:(0, 0, 0)}TEST Mother       TEST Child      TEST Mother     TEST Child      partial
  4    {Child:(0, 0, 0), Father:(0, 0, 0), Grandfather:(0, 0, 0), Grandmother:(0, 0, 0)}TEST Mother       TEST Mother     TEST Mother     TEST Mother     ALL
  5    {Child:(0, 0, 0), Father:(0, 0, 0), Grandfather:(0, 0, 0), Grandmother:(0, 0, 0), Mother:(0, 0, 0)}STOP              STOP            STOP            STOP            ALL
  agreement vs DP: myopic=3/6=0.500  gnn=4/6=0.667  mlp=4/6=0.667  all4=3/6=0.500

==========================================================================================
ThreeGeneration_MediumEven_Base_3gene
==========================================================================================
  step state                                             DP (truth)        MYOPIC          GNN             MLP             agree
  0    root                                              TEST Grandfather  TEST GrandfatherTEST Father     TEST Father     partial
  1    {Grandfather:(0, 0, 0)}                           TEST Grandmother  TEST Father     TEST Child      TEST Father     none
  2    {Father:(0, 0, 0), Grandfather:(0, 0, 0)}         TEST Mother       TEST GrandmotherTEST GrandmotherTEST Child      none
  3    {Father:(0, 0, 0), Grandfather:(0, 0, 0), Grandmother:(0, 0, 0)}TEST Mother       TEST Child      TEST Mother     TEST Child      partial
  4    {Child:(0, 0, 0), Father:(0, 0, 0), Grandfather:(0, 0, 0), Grandmother:(0, 0, 0)}TEST Mother       TEST Mother     STOP            TEST Mother     partial
  5    {Child:(0, 0, 0), Father:(0, 0, 0), Grandfather:(0, 0, 0), Grandmother:(0, 0, 0), Mother:(0, 0, 0)}STOP              STOP            STOP            STOP            ALL
  agreement vs DP: myopic=3/6=0.500  gnn=2/6=0.333  mlp=2/6=0.333  all4=1/6=0.167

==========================================================================================
ThreeGeneration_MediumEven_Aggressive_3gene
==========================================================================================
  step state                                             DP (truth)        MYOPIC          GNN             MLP             agree
  0    root                                              TEST Grandfather  TEST GrandfatherTEST Child      TEST Father     partial
  1    {Grandfather:(0, 0, 0)}                           TEST Grandmother  TEST Father     TEST Child      TEST Father     none
  2    {Father:(0, 0, 0), Grandfather:(0, 0, 0)}         TEST Grandmother  TEST GrandmotherTEST GrandmotherTEST GrandmotherALL
  3    {Father:(0, 0, 0), Grandfather:(0, 0, 0), Grandmother:(0, 0, 0)}TEST Mother       TEST Child      TEST Mother     TEST Child      partial
  4    {Child:(0, 0, 0), Father:(0, 0, 0), Grandfather:(0, 0, 0), Grandmother:(0, 0, 0)}TEST Mother       TEST Mother     TEST Mother     TEST Mother     ALL
  5    {Child:(0, 0, 0), Father:(0, 0, 0), Grandfather:(0, 0, 0), Grandmother:(0, 0, 0), Mother:(0, 0, 0)}STOP              STOP            STOP            STOP            ALL
  agreement vs DP: myopic=4/6=0.667  gnn=4/6=0.667  mlp=3/6=0.500  all4=3/6=0.500

==========================================================================================
ThreeGeneration_LowLow_Base_3gene
==========================================================================================
  step state                                             DP (truth)        MYOPIC          GNN             MLP             agree
  0    root                                              TEST Father       TEST GrandfatherTEST Child      TEST Father     partial
  1    {Grandfather:(0, 0, 0)}                           TEST Child        TEST Father     TEST Child      TEST Father     partial
  2    {Father:(0, 0, 0), Grandfather:(0, 0, 0)}         TEST Mother       TEST GrandmotherSTOP            STOP            none
  3    {Father:(0, 0, 0), Grandfather:(0, 0, 0), Grandmother:(0, 0, 0)}TEST Mother       TEST Child      STOP            TEST Child      none
  4    {Child:(0, 0, 0), Father:(0, 0, 0), Grandfather:(0, 0, 0), Grandmother:(0, 0, 0)}STOP              STOP            STOP            TEST Mother     partial
  agreement vs DP: myopic=1/5=0.200  gnn=2/5=0.400  mlp=1/5=0.200  all4=0/5=0.000

==========================================================================================
ThreeGeneration_LowLow_Aggressive_3gene
==========================================================================================
  step state                                             DP (truth)        MYOPIC          GNN             MLP             agree
  0    root                                              TEST Grandfather  TEST GrandfatherTEST Father     TEST Father     partial
  1    {Grandfather:(0, 0, 0)}                           TEST Grandmother  TEST Father     TEST Child      TEST Father     none
  2    {Father:(0, 0, 0), Grandfather:(0, 0, 0)}         TEST Mother       TEST GrandmotherTEST GrandmotherSTOP            none
  3    {Father:(0, 0, 0), Grandfather:(0, 0, 0), Grandmother:(0, 0, 0)}TEST Mother       TEST Child      STOP            TEST Child      none
  4    {Child:(0, 0, 0), Father:(0, 0, 0), Grandfather:(0, 0, 0), Grandmother:(0, 0, 0)}STOP              STOP            STOP            TEST Mother     partial
  agreement vs DP: myopic=2/5=0.400  gnn=1/5=0.200  mlp=0/5=0.000  all4=0/5=0.000

==========================================================================================
ThreeGeneration_HighHigh_Base_3gene
==========================================================================================
  step state                                             DP (truth)        MYOPIC          GNN             MLP             agree
  0    root                                              TEST Grandfather  TEST GrandfatherTEST GrandfatherTEST GrandfatherALL
  1    {Grandfather:(0, 0, 0)}                           TEST Child        TEST Father     TEST Child      TEST Father     partial
  2    {Father:(0, 0, 0), Grandfather:(0, 0, 0)}         TEST Grandmother  TEST GrandmotherTEST GrandmotherTEST GrandmotherALL
  3    {Father:(0, 0, 0), Grandfather:(0, 0, 0), Grandmother:(0, 0, 0)}TEST Child        TEST Child      TEST Child      TEST Child      ALL
  4    {Child:(0, 0, 0), Father:(0, 0, 0), Grandfather:(0, 0, 0), Grandmother:(0, 0, 0)}TEST Mother       TEST Mother     STOP            TEST Mother     partial
  5    {Child:(0, 0, 0), Father:(0, 0, 0), Grandfather:(0, 0, 0), Grandmother:(0, 0, 0), Mother:(0, 0, 0)}STOP              STOP            STOP            STOP            ALL
  agreement vs DP: myopic=5/6=0.833  gnn=5/6=0.833  mlp=5/6=0.833  all4=4/6=0.667

==========================================================================================
ThreeGeneration_HighHigh_Aggressive_3gene
==========================================================================================
  step state                                             DP (truth)        MYOPIC          GNN             MLP             agree
  0    root                                              TEST Grandfather  TEST GrandfatherTEST Child      TEST Grandfatherpartial
  1    {Grandfather:(0, 0, 0)}                           TEST Grandmother  TEST Father     TEST Child      TEST Father     none
  2    {Father:(0, 0, 0), Grandfather:(0, 0, 0)}         TEST Grandmother  TEST GrandmotherTEST GrandmotherTEST GrandmotherALL
  3    {Father:(0, 0, 0), Grandfather:(0, 0, 0), Grandmother:(0, 0, 0)}TEST Mother       TEST Child      TEST Child      TEST Child      none
  4    {Child:(0, 0, 0), Father:(0, 0, 0), Grandfather:(0, 0, 0), Grandmother:(0, 0, 0)}TEST Mother       TEST Mother     TEST Mother     TEST Mother     ALL
  5    {Child:(0, 0, 0), Father:(0, 0, 0), Grandfather:(0, 0, 0), Grandmother:(0, 0, 0), Mother:(0, 0, 0)}STOP              STOP            STOP            STOP            ALL
  agreement vs DP: myopic=4/6=0.667  gnn=3/6=0.500  mlp=4/6=0.667  all4=3/6=0.500

==========================================================================================
ThreeGeneration_MixedA_Base_3gene
==========================================================================================
  step state                                             DP (truth)        MYOPIC          GNN             MLP             agree
  0    root                                              TEST Grandfather  TEST GrandfatherTEST GrandfatherTEST GrandfatherALL
  1    {Grandfather:(0, 0, 0)}                           TEST Grandmother  TEST Father     TEST Father     TEST Father     none
  2    {Father:(0, 0, 0), Grandfather:(0, 0, 0)}         TEST Grandmother  TEST GrandmotherTEST GrandmotherTEST Child      partial
  3    {Father:(0, 0, 0), Grandfather:(0, 0, 0), Grandmother:(0, 0, 0)}TEST Mother       TEST Child      TEST Mother     TEST Child      partial
  4    {Child:(0, 0, 0), Father:(0, 0, 0), Grandfather:(0, 0, 0), Grandmother:(0, 0, 0)}TEST Mother       TEST Mother     STOP            TEST Mother     partial
  5    {Child:(0, 0, 0), Father:(0, 0, 0), Grandfather:(0, 0, 0), Grandmother:(0, 0, 0), Mother:(0, 0, 0)}STOP              STOP            STOP            STOP            ALL
  agreement vs DP: myopic=4/6=0.667  gnn=4/6=0.667  mlp=3/6=0.500  all4=2/6=0.333

==========================================================================================
ThreeGeneration_MixedA_Aggressive_3gene
==========================================================================================
  step state                                             DP (truth)        MYOPIC          GNN             MLP             agree
  0    root                                              TEST Grandfather  TEST GrandfatherTEST GrandfatherTEST GrandfatherALL
  1    {Grandfather:(0, 0, 0)}                           TEST Grandmother  TEST Father     TEST Father     TEST Father     none
  2    {Father:(0, 0, 0), Grandfather:(0, 0, 0)}         TEST Grandmother  TEST GrandmotherTEST GrandmotherTEST Mother     partial
  3    {Father:(0, 0, 0), Grandfather:(0, 0, 0), Grandmother:(0, 0, 0)}TEST Mother       TEST Child      TEST Mother     TEST Child      partial
  4    {Child:(0, 0, 0), Father:(0, 0, 0), Grandfather:(0, 0, 0), Grandmother:(0, 0, 0)}TEST Mother       TEST Mother     TEST Mother     TEST Mother     ALL
  5    {Child:(0, 0, 0), Father:(0, 0, 0), Grandfather:(0, 0, 0), Grandmother:(0, 0, 0), Mother:(0, 0, 0)}STOP              STOP            STOP            STOP            ALL
  agreement vs DP: myopic=4/6=0.667  gnn=5/6=0.833  mlp=3/6=0.500  all4=3/6=0.500

==========================================================================================
ThreeGeneration_MixedB_Base_3gene
==========================================================================================
  step state                                             DP (truth)        MYOPIC          GNN             MLP             agree
  0    root                                              TEST Grandfather  TEST GrandfatherTEST Child      TEST Grandfatherpartial
  1    {Grandfather:(0, 0, 0)}                           TEST Grandmother  TEST Father     TEST Child      TEST Father     none
  2    {Father:(0, 0, 0), Grandfather:(0, 0, 0)}         TEST Mother       TEST GrandmotherTEST GrandmotherTEST Child      none
  3    {Father:(0, 0, 0), Grandfather:(0, 0, 0), Grandmother:(0, 0, 0)}TEST Mother       TEST Child      TEST Mother     TEST Child      partial
  4    {Child:(0, 0, 0), Father:(0, 0, 0), Grandfather:(0, 0, 0), Grandmother:(0, 0, 0)}STOP              STOP            STOP            TEST Mother     partial
  agreement vs DP: myopic=2/5=0.400  gnn=2/5=0.400  mlp=1/5=0.200  all4=0/5=0.000

==========================================================================================
ThreeGeneration_MixedB_Aggressive_3gene
==========================================================================================
  step state                                             DP (truth)        MYOPIC          GNN             MLP             agree
  0    root                                              TEST Grandfather  TEST GrandfatherTEST Child      TEST Grandfatherpartial
  1    {Grandfather:(0, 0, 0)}                           TEST Grandmother  TEST Father     TEST Child      TEST Father     none
  2    {Father:(0, 0, 0), Grandfather:(0, 0, 0)}         TEST Grandmother  TEST GrandmotherTEST GrandmotherTEST Mother     partial
  3    {Father:(0, 0, 0), Grandfather:(0, 0, 0), Grandmother:(0, 0, 0)}TEST Mother       TEST Child      TEST Mother     TEST Child      partial
  4    {Child:(0, 0, 0), Father:(0, 0, 0), Grandfather:(0, 0, 0), Grandmother:(0, 0, 0)}TEST Mother       TEST Mother     STOP            TEST Mother     partial
  5    {Child:(0, 0, 0), Father:(0, 0, 0), Grandfather:(0, 0, 0), Grandmother:(0, 0, 0), Mother:(0, 0, 0)}STOP              STOP            STOP            STOP            ALL
  agreement vs DP: myopic=4/6=0.667  gnn=3/6=0.500  mlp=3/6=0.500  all4=1/6=0.167

==========================================================================================
OVERALL (whole trajectory)
  vs DP: myopic=39/69=0.565  gnn=37/69=0.536  mlp=32/69=0.464  all4=21/69=0.304
OVERALL (root / first action only)
  vs DP: myopic=11/12  gnn=4/12  mlp=9/12
saved -> /net/projects/ranalab/rajhansini/replication_16features/incremental_experiments/results/3gene/seed1/e1_fourway.json
saved -> /net/projects/ranalab/rajhansini/replication_16features/incremental_experiments/results/3gene/seed1/e1_fourway.log
