[model_vs_dp] 2026-07-22T22:24:13.722376  genes=3  seed=2  variant=ce  model=gnn
output -> /net/projects/ranalab/rajhansini/replication_16features/fixing_gnn_q/results/3gene/ce/gnn/seed2
loaded /net/projects/ranalab/rajhansini/replication_16features/fixing_gnn_q/results/gnn_q_ce/seed_runs/seed2/gnn_q_ce.pt  params=7729

================================================================================
ThreeGeneration_LowHigh_Base_3gene
================================================================================
  step state                                             GNN             DP (ground truth)   match
  0    root                                              TEST GrandfatherTEST Grandfather    YES
  1    {Grandfather:(0, 0, 0)}                           TEST GrandmotherTEST Grandmother    YES
  2    {Grandfather:(0, 0, 0), Grandmother:(0, 0, 0)}    TEST Mother     TEST Mother         YES
  3    {Grandfather:(0, 0, 0), Grandmother:(0, 0, 0), Mother:(0, 0, 0)}STOP            STOP                YES
  agreement with DP (ground truth): 4/4 = 1.000

================================================================================
ThreeGeneration_LowHigh_Aggressive_3gene
================================================================================
  step state                                             GNN             DP (ground truth)   match
  0    root                                              TEST GrandfatherTEST Grandfather    YES
  1    {Grandfather:(0, 0, 0)}                           TEST GrandmotherTEST Grandmother    YES
  2    {Grandfather:(0, 0, 0), Grandmother:(0, 0, 0)}    TEST Mother     TEST Mother         YES
  3    {Grandfather:(0, 0, 0), Grandmother:(0, 0, 0), Mother:(0, 0, 0)}STOP            STOP                YES
  agreement with DP (ground truth): 4/4 = 1.000

================================================================================
ThreeGeneration_MediumEven_Base_3gene
================================================================================
  step state                                             GNN             DP (ground truth)   match
  0    root                                              TEST GrandfatherTEST Grandfather    YES
  1    {Grandfather:(0, 0, 0)}                           TEST GrandmotherTEST Grandmother    YES
  2    {Grandfather:(0, 0, 0), Grandmother:(0, 0, 0)}    TEST Mother     TEST Mother         YES
  3    {Grandfather:(0, 0, 0), Grandmother:(0, 0, 0), Mother:(0, 0, 0)}STOP            STOP                YES
  agreement with DP (ground truth): 4/4 = 1.000

================================================================================
ThreeGeneration_MediumEven_Aggressive_3gene
================================================================================
  step state                                             GNN             DP (ground truth)   match
  0    root                                              TEST GrandfatherTEST Grandfather    YES
  1    {Grandfather:(0, 0, 0)}                           TEST GrandmotherTEST Grandmother    YES
  2    {Grandfather:(0, 0, 0), Grandmother:(0, 0, 0)}    TEST Mother     TEST Mother         YES
  3    {Grandfather:(0, 0, 0), Grandmother:(0, 0, 0), Mother:(0, 0, 0)}STOP            STOP                YES
  agreement with DP (ground truth): 4/4 = 1.000

================================================================================
ThreeGeneration_LowLow_Base_3gene
================================================================================
  step state                                             GNN             DP (ground truth)   match
  0    root                                              TEST Father     TEST Father         YES
  1    {Father:(0, 0, 0)}                                TEST GrandfatherTEST Mother         NO
  2    {Father:(0, 0, 0), Grandfather:(0, 0, 0)}         TEST GrandmotherTEST Mother         NO
  3    {Father:(0, 0, 0), Grandfather:(0, 0, 0), Grandmother:(0, 0, 0)}TEST Mother     TEST Mother         YES
  4    {Father:(0, 0, 0), Grandfather:(0, 0, 0), Grandmother:(0, 0, 0), Mother:(0, 0, 0)}STOP            STOP                YES
  agreement with DP (ground truth): 3/5 = 0.600

================================================================================
ThreeGeneration_LowLow_Aggressive_3gene
================================================================================
  step state                                             GNN             DP (ground truth)   match
  0    root                                              TEST Father     TEST Grandfather    NO
  1    {Father:(0, 0, 0)}                                TEST GrandfatherTEST Mother         NO
  2    {Father:(0, 0, 0), Grandfather:(0, 0, 0)}         TEST GrandmotherTEST Mother         NO
  3    {Father:(0, 0, 0), Grandfather:(0, 0, 0), Grandmother:(0, 0, 0)}TEST Mother     TEST Mother         YES
  4    {Father:(0, 0, 0), Grandfather:(0, 0, 0), Grandmother:(0, 0, 0), Mother:(0, 0, 0)}STOP            STOP                YES
  agreement with DP (ground truth): 2/5 = 0.400

================================================================================
ThreeGeneration_HighHigh_Base_3gene
================================================================================
  step state                                             GNN             DP (ground truth)   match
  0    root                                              TEST GrandfatherTEST Grandfather    YES
  1    {Grandfather:(0, 0, 0)}                           TEST Father     TEST Child          NO
  2    {Father:(0, 0, 0), Grandfather:(0, 0, 0)}         TEST Mother     TEST Grandmother    NO
  3    {Father:(0, 0, 0), Grandfather:(0, 0, 0), Mother:(0, 0, 0)}TEST Child      TEST Grandmother    NO
  4    {Child:(0, 0, 0), Father:(0, 0, 0), Grandfather:(0, 0, 0), Mother:(0, 0, 0)}TEST GrandmotherTEST Grandmother    YES
  5    {Child:(0, 0, 0), Father:(0, 0, 0), Grandfather:(0, 0, 0), Grandmother:(0, 0, 0), Mother:(0, 0, 0)}STOP            STOP                YES
  agreement with DP (ground truth): 3/6 = 0.500

================================================================================
ThreeGeneration_HighHigh_Aggressive_3gene
================================================================================
  step state                                             GNN             DP (ground truth)   match
  0    root                                              TEST GrandfatherTEST Grandfather    YES
  1    {Grandfather:(0, 0, 0)}                           TEST GrandmotherTEST Grandmother    YES
  2    {Grandfather:(0, 0, 0), Grandmother:(0, 0, 0)}    TEST Mother     TEST Mother         YES
  3    {Grandfather:(0, 0, 0), Grandmother:(0, 0, 0), Mother:(0, 0, 0)}STOP            STOP                YES
  agreement with DP (ground truth): 4/4 = 1.000

================================================================================
ThreeGeneration_MixedA_Base_3gene
================================================================================
  step state                                             GNN             DP (ground truth)   match
  0    root                                              TEST GrandfatherTEST Grandfather    YES
  1    {Grandfather:(0, 0, 0)}                           TEST GrandmotherTEST Grandmother    YES
  2    {Grandfather:(0, 0, 0), Grandmother:(0, 0, 0)}    TEST Mother     TEST Mother         YES
  3    {Grandfather:(0, 0, 0), Grandmother:(0, 0, 0), Mother:(0, 0, 0)}STOP            STOP                YES
  agreement with DP (ground truth): 4/4 = 1.000

================================================================================
ThreeGeneration_MixedA_Aggressive_3gene
================================================================================
  step state                                             GNN             DP (ground truth)   match
  0    root                                              TEST GrandfatherTEST Grandfather    YES
  1    {Grandfather:(0, 0, 0)}                           TEST GrandmotherTEST Grandmother    YES
  2    {Grandfather:(0, 0, 0), Grandmother:(0, 0, 0)}    TEST Mother     TEST Mother         YES
  3    {Grandfather:(0, 0, 0), Grandmother:(0, 0, 0), Mother:(0, 0, 0)}STOP            STOP                YES
  agreement with DP (ground truth): 4/4 = 1.000

================================================================================
ThreeGeneration_MixedB_Base_3gene
================================================================================
  step state                                             GNN             DP (ground truth)   match
  0    root                                              TEST GrandfatherTEST Grandfather    YES
  1    {Grandfather:(0, 0, 0)}                           TEST GrandmotherTEST Grandmother    YES
  2    {Grandfather:(0, 0, 0), Grandmother:(0, 0, 0)}    TEST Mother     TEST Mother         YES
  3    {Grandfather:(0, 0, 0), Grandmother:(0, 0, 0), Mother:(0, 0, 0)}STOP            STOP                YES
  agreement with DP (ground truth): 4/4 = 1.000

================================================================================
ThreeGeneration_MixedB_Aggressive_3gene
================================================================================
  step state                                             GNN             DP (ground truth)   match
  0    root                                              TEST GrandfatherTEST Grandfather    YES
  1    {Grandfather:(0, 0, 0)}                           TEST GrandmotherTEST Grandmother    YES
  2    {Grandfather:(0, 0, 0), Grandmother:(0, 0, 0)}    TEST Mother     TEST Mother         YES
  3    {Grandfather:(0, 0, 0), Grandmother:(0, 0, 0), Mother:(0, 0, 0)}STOP            STOP                YES
  agreement with DP (ground truth): 4/4 = 1.000

================================================================================
OVERALL
  agreement with DP (ground truth): 44/52 = 0.846
  root-state agreement:             11/12 = 0.917
saved -> /net/projects/ranalab/rajhansini/replication_16features/fixing_gnn_q/results/3gene/ce/gnn/seed2/model_vs_dp.json
saved -> /net/projects/ranalab/rajhansini/replication_16features/fixing_gnn_q/results/3gene/ce/gnn/seed2/model_vs_dp.log
