[model_vs_dp] 2026-07-22T22:24:12.988041  genes=3  seed=2  variant=ce  model=mlp
output -> /net/projects/ranalab/rajhansini/replication_16features/fixing_gnn_q/results/3gene/ce/mlp/seed2
loaded /net/projects/ranalab/rajhansini/replication_16features/fixing_gnn_q/results/mlp_q_ce/seed_runs/seed2/mlp_q_ce.pt  params=1249

================================================================================
ThreeGeneration_LowHigh_Base_3gene
================================================================================
  step state                                             MLP             DP (ground truth)   match
  0    root                                              TEST Child      TEST Grandfather    NO
  1    {Child:(0, 0, 0)}                                 STOP            TEST Grandfather    NO
  agreement with DP (ground truth): 0/2 = 0.000

================================================================================
ThreeGeneration_LowHigh_Aggressive_3gene
================================================================================
  step state                                             MLP             DP (ground truth)   match
  0    root                                              TEST Child      TEST Grandfather    NO
  1    {Child:(0, 0, 0)}                                 TEST GrandfatherTEST Grandfather    YES
  2    {Child:(0, 0, 0), Grandfather:(0, 0, 0)}          TEST GrandmotherTEST Mother         NO
  3    {Child:(0, 0, 0), Grandfather:(0, 0, 0), Grandmother:(0, 0, 0)}TEST Mother     TEST Mother         YES
  4    {Child:(0, 0, 0), Grandfather:(0, 0, 0), Grandmother:(0, 0, 0), Mother:(0, 0, 0)}STOP            STOP                YES
  agreement with DP (ground truth): 3/5 = 0.600

================================================================================
ThreeGeneration_MediumEven_Base_3gene
================================================================================
  step state                                             MLP             DP (ground truth)   match
  0    root                                              TEST Child      TEST Grandfather    NO
  1    {Child:(0, 0, 0)}                                 STOP            TEST Grandfather    NO
  agreement with DP (ground truth): 0/2 = 0.000

================================================================================
ThreeGeneration_MediumEven_Aggressive_3gene
================================================================================
  step state                                             MLP             DP (ground truth)   match
  0    root                                              TEST Child      TEST Grandfather    NO
  1    {Child:(0, 0, 0)}                                 TEST GrandfatherTEST Grandfather    YES
  2    {Child:(0, 0, 0), Grandfather:(0, 0, 0)}          TEST GrandmotherTEST Grandmother    YES
  3    {Child:(0, 0, 0), Grandfather:(0, 0, 0), Grandmother:(0, 0, 0)}TEST Mother     TEST Mother         YES
  4    {Child:(0, 0, 0), Grandfather:(0, 0, 0), Grandmother:(0, 0, 0), Mother:(0, 0, 0)}STOP            STOP                YES
  agreement with DP (ground truth): 4/5 = 0.800

================================================================================
ThreeGeneration_LowLow_Base_3gene
================================================================================
  step state                                             MLP             DP (ground truth)   match
  0    root                                              TEST Child      TEST Father         NO
  1    {Child:(0, 0, 0)}                                 STOP            TEST Father         NO
  agreement with DP (ground truth): 0/2 = 0.000

================================================================================
ThreeGeneration_LowLow_Aggressive_3gene
================================================================================
  step state                                             MLP             DP (ground truth)   match
  0    root                                              TEST Child      TEST Grandfather    NO
  1    {Child:(0, 0, 0)}                                 STOP            TEST Grandfather    NO
  agreement with DP (ground truth): 0/2 = 0.000

================================================================================
ThreeGeneration_HighHigh_Base_3gene
================================================================================
  step state                                             MLP             DP (ground truth)   match
  0    root                                              TEST Child      TEST Grandfather    NO
  1    {Child:(0, 0, 0)}                                 TEST GrandfatherTEST Mother         NO
  2    {Child:(0, 0, 0), Grandfather:(0, 0, 0)}          TEST GrandmotherTEST Mother         NO
  3    {Child:(0, 0, 0), Grandfather:(0, 0, 0), Grandmother:(0, 0, 0)}TEST Mother     TEST Mother         YES
  4    {Child:(0, 0, 0), Grandfather:(0, 0, 0), Grandmother:(0, 0, 0), Mother:(0, 0, 0)}STOP            STOP                YES
  agreement with DP (ground truth): 2/5 = 0.400

================================================================================
ThreeGeneration_HighHigh_Aggressive_3gene
================================================================================
  step state                                             MLP             DP (ground truth)   match
  0    root                                              TEST Child      TEST Grandfather    NO
  1    {Child:(0, 0, 0)}                                 TEST GrandfatherTEST Grandfather    YES
  2    {Child:(0, 0, 0), Grandfather:(0, 0, 0)}          TEST GrandmotherTEST Mother         NO
  3    {Child:(0, 0, 0), Grandfather:(0, 0, 0), Grandmother:(0, 0, 0)}TEST Mother     TEST Mother         YES
  4    {Child:(0, 0, 0), Grandfather:(0, 0, 0), Grandmother:(0, 0, 0), Mother:(0, 0, 0)}STOP            STOP                YES
  agreement with DP (ground truth): 3/5 = 0.600

================================================================================
ThreeGeneration_MixedA_Base_3gene
================================================================================
  step state                                             MLP             DP (ground truth)   match
  0    root                                              TEST Child      TEST Grandfather    NO
  1    {Child:(0, 0, 0)}                                 TEST GrandfatherTEST Grandfather    YES
  2    {Child:(0, 0, 0), Grandfather:(0, 0, 0)}          TEST GrandmotherTEST Grandmother    YES
  3    {Child:(0, 0, 0), Grandfather:(0, 0, 0), Grandmother:(0, 0, 0)}TEST Mother     TEST Mother         YES
  4    {Child:(0, 0, 0), Grandfather:(0, 0, 0), Grandmother:(0, 0, 0), Mother:(0, 0, 0)}STOP            STOP                YES
  agreement with DP (ground truth): 4/5 = 0.800

================================================================================
ThreeGeneration_MixedA_Aggressive_3gene
================================================================================
  step state                                             MLP             DP (ground truth)   match
  0    root                                              TEST Child      TEST Grandfather    NO
  1    {Child:(0, 0, 0)}                                 TEST GrandfatherTEST Grandfather    YES
  2    {Child:(0, 0, 0), Grandfather:(0, 0, 0)}          TEST GrandmotherTEST Mother         NO
  3    {Child:(0, 0, 0), Grandfather:(0, 0, 0), Grandmother:(0, 0, 0)}TEST Mother     TEST Mother         YES
  4    {Child:(0, 0, 0), Grandfather:(0, 0, 0), Grandmother:(0, 0, 0), Mother:(0, 0, 0)}STOP            STOP                YES
  agreement with DP (ground truth): 3/5 = 0.600

================================================================================
ThreeGeneration_MixedB_Base_3gene
================================================================================
  step state                                             MLP             DP (ground truth)   match
  0    root                                              TEST Child      TEST Grandfather    NO
  1    {Child:(0, 0, 0)}                                 STOP            TEST Grandfather    NO
  agreement with DP (ground truth): 0/2 = 0.000

================================================================================
ThreeGeneration_MixedB_Aggressive_3gene
================================================================================
  step state                                             MLP             DP (ground truth)   match
  0    root                                              TEST Child      TEST Grandfather    NO
  1    {Child:(0, 0, 0)}                                 TEST GrandfatherTEST Grandfather    YES
  2    {Child:(0, 0, 0), Grandfather:(0, 0, 0)}          TEST GrandmotherTEST Mother         NO
  3    {Child:(0, 0, 0), Grandfather:(0, 0, 0), Grandmother:(0, 0, 0)}TEST Mother     TEST Mother         YES
  4    {Child:(0, 0, 0), Grandfather:(0, 0, 0), Grandmother:(0, 0, 0), Mother:(0, 0, 0)}STOP            STOP                YES
  agreement with DP (ground truth): 3/5 = 0.600

================================================================================
OVERALL
  agreement with DP (ground truth): 22/45 = 0.489
  root-state agreement:             0/12 = 0.000
saved -> /net/projects/ranalab/rajhansini/replication_16features/fixing_gnn_q/results/3gene/ce/mlp/seed2/model_vs_dp.json
saved -> /net/projects/ranalab/rajhansini/replication_16features/fixing_gnn_q/results/3gene/ce/mlp/seed2/model_vs_dp.log
