[model_vs_dp] 2026-07-22T22:24:16.697453  genes=2  seed=1  variant=ce  model=mlp
output -> /net/projects/ranalab/rajhansini/replication_16features/fixing_gnn_q/results/2gene/ce/mlp/seed1
loaded /net/projects/ranalab/rajhansini/replication_16features/fixing_gnn_q/results/mlp_q_ce_2gene/seed_runs/seed1/mlp_q_ce_2gene.pt  params=961

================================================================================
ThreeGeneration_LowHigh_Base_2gene
================================================================================
  step state                                             MLP             DP (ground truth)   match
  0    root                                              TEST Child      TEST Grandfather    NO
  1    {Child:(0, 0)}                                    TEST Father     TEST Grandfather    NO
  2    {Child:(0, 0), Father:(0, 0)}                     TEST GrandfatherSTOP                NO
  3    {Child:(0, 0), Father:(0, 0), Grandfather:(0, 0)} TEST GrandmotherSTOP                NO
  4    {Child:(0, 0), Father:(0, 0), Grandfather:(0, 0), Grandmother:(0, 0)}STOP            STOP                YES
  agreement with DP (ground truth): 1/5 = 0.200

================================================================================
ThreeGeneration_LowHigh_Aggressive_2gene
================================================================================
  step state                                             MLP             DP (ground truth)   match
  0    root                                              TEST Child      TEST Grandfather    NO
  1    {Child:(0, 0)}                                    TEST Father     TEST Grandfather    NO
  2    {Child:(0, 0), Father:(0, 0)}                     TEST GrandfatherTEST Grandfather    YES
  3    {Child:(0, 0), Father:(0, 0), Grandfather:(0, 0)} TEST GrandmotherTEST Grandmother    YES
  4    {Child:(0, 0), Father:(0, 0), Grandfather:(0, 0), Grandmother:(0, 0)}STOP            TEST Mother         NO
  agreement with DP (ground truth): 2/5 = 0.400

================================================================================
ThreeGeneration_MediumEven_Base_2gene
================================================================================
  step state                                             MLP             DP (ground truth)   match
  0    root                                              TEST Child      TEST Grandfather    NO
  1    {Child:(0, 0)}                                    TEST Father     TEST Grandfather    NO
  2    {Child:(0, 0), Father:(0, 0)}                     TEST GrandfatherSTOP                NO
  3    {Child:(0, 0), Father:(0, 0), Grandfather:(0, 0)} TEST GrandmotherSTOP                NO
  4    {Child:(0, 0), Father:(0, 0), Grandfather:(0, 0), Grandmother:(0, 0)}STOP            STOP                YES
  agreement with DP (ground truth): 1/5 = 0.200

================================================================================
ThreeGeneration_MediumEven_Aggressive_2gene
================================================================================
  step state                                             MLP             DP (ground truth)   match
  0    root                                              TEST Child      TEST Grandfather    NO
  1    {Child:(0, 0)}                                    TEST Father     TEST Grandfather    NO
  2    {Child:(0, 0), Father:(0, 0)}                     TEST GrandfatherTEST Grandfather    YES
  3    {Child:(0, 0), Father:(0, 0), Grandfather:(0, 0)} TEST GrandmotherTEST Grandmother    YES
  4    {Child:(0, 0), Father:(0, 0), Grandfather:(0, 0), Grandmother:(0, 0)}TEST Mother     TEST Mother         YES
  5    {Child:(0, 0), Father:(0, 0), Grandfather:(0, 0), Grandmother:(0, 0), Mother:(0, 0)}STOP            STOP                YES
  agreement with DP (ground truth): 4/6 = 0.667

================================================================================
ThreeGeneration_LowLow_Base_2gene
================================================================================
  step state                                             MLP             DP (ground truth)   match
  0    root                                              TEST Child      TEST Child          YES
  1    {Child:(0, 0)}                                    TEST Father     STOP                NO
  2    {Child:(0, 0), Father:(0, 0)}                     TEST GrandfatherSTOP                NO
  3    {Child:(0, 0), Father:(0, 0), Grandfather:(0, 0)} STOP            STOP                YES
  agreement with DP (ground truth): 2/4 = 0.500

================================================================================
ThreeGeneration_LowLow_Aggressive_2gene
================================================================================
  step state                                             MLP             DP (ground truth)   match
  0    root                                              TEST Child      TEST Father         NO
  1    {Child:(0, 0)}                                    TEST Father     TEST Father         YES
  2    {Child:(0, 0), Father:(0, 0)}                     TEST GrandfatherSTOP                NO
  3    {Child:(0, 0), Father:(0, 0), Grandfather:(0, 0)} TEST GrandmotherSTOP                NO
  4    {Child:(0, 0), Father:(0, 0), Grandfather:(0, 0), Grandmother:(0, 0)}STOP            STOP                YES
  agreement with DP (ground truth): 2/5 = 0.400

================================================================================
ThreeGeneration_HighHigh_Base_2gene
================================================================================
  step state                                             MLP             DP (ground truth)   match
  0    root                                              TEST Child      TEST Grandfather    NO
  1    {Child:(0, 0)}                                    TEST Father     TEST Mother         NO
  2    {Child:(0, 0), Father:(0, 0)}                     TEST GrandfatherTEST Grandfather    YES
  3    {Child:(0, 0), Father:(0, 0), Grandfather:(0, 0)} TEST GrandmotherTEST Grandmother    YES
  4    {Child:(0, 0), Father:(0, 0), Grandfather:(0, 0), Grandmother:(0, 0)}TEST Mother     TEST Mother         YES
  5    {Child:(0, 0), Father:(0, 0), Grandfather:(0, 0), Grandmother:(0, 0), Mother:(0, 0)}STOP            STOP                YES
  agreement with DP (ground truth): 4/6 = 0.667

================================================================================
ThreeGeneration_HighHigh_Aggressive_2gene
================================================================================
  step state                                             MLP             DP (ground truth)   match
  0    root                                              TEST Child      TEST Grandfather    NO
  1    {Child:(0, 0)}                                    TEST Father     TEST Grandfather    NO
  2    {Child:(0, 0), Father:(0, 0)}                     TEST GrandfatherTEST Grandfather    YES
  3    {Child:(0, 0), Father:(0, 0), Grandfather:(0, 0)} TEST GrandmotherTEST Mother         NO
  4    {Child:(0, 0), Father:(0, 0), Grandfather:(0, 0), Grandmother:(0, 0)}TEST Mother     TEST Mother         YES
  5    {Child:(0, 0), Father:(0, 0), Grandfather:(0, 0), Grandmother:(0, 0), Mother:(0, 0)}STOP            STOP                YES
  agreement with DP (ground truth): 3/6 = 0.500

================================================================================
ThreeGeneration_MixedA_Base_2gene
================================================================================
  step state                                             MLP             DP (ground truth)   match
  0    root                                              TEST Child      TEST Father         NO
  1    {Child:(0, 0)}                                    TEST Father     TEST Father         YES
  2    {Child:(0, 0), Father:(0, 0)}                     TEST GrandfatherSTOP                NO
  3    {Child:(0, 0), Father:(0, 0), Grandfather:(0, 0)} TEST GrandmotherSTOP                NO
  4    {Child:(0, 0), Father:(0, 0), Grandfather:(0, 0), Grandmother:(0, 0)}STOP            STOP                YES
  agreement with DP (ground truth): 2/5 = 0.400

================================================================================
ThreeGeneration_MixedA_Aggressive_2gene
================================================================================
  step state                                             MLP             DP (ground truth)   match
  0    root                                              TEST Child      TEST Grandfather    NO
  1    {Child:(0, 0)}                                    TEST Father     TEST Grandfather    NO
  2    {Child:(0, 0), Father:(0, 0)}                     TEST GrandfatherTEST Grandfather    YES
  3    {Child:(0, 0), Father:(0, 0), Grandfather:(0, 0)} TEST GrandmotherTEST Grandmother    YES
  4    {Child:(0, 0), Father:(0, 0), Grandfather:(0, 0), Grandmother:(0, 0)}STOP            TEST Mother         NO
  agreement with DP (ground truth): 2/5 = 0.400

================================================================================
ThreeGeneration_MixedB_Base_2gene
================================================================================
  step state                                             MLP             DP (ground truth)   match
  0    root                                              TEST Child      TEST Grandfather    NO
  1    {Child:(0, 0)}                                    TEST Father     TEST Grandfather    NO
  2    {Child:(0, 0), Father:(0, 0)}                     TEST GrandfatherSTOP                NO
  3    {Child:(0, 0), Father:(0, 0), Grandfather:(0, 0)} TEST GrandmotherSTOP                NO
  4    {Child:(0, 0), Father:(0, 0), Grandfather:(0, 0), Grandmother:(0, 0)}STOP            STOP                YES
  agreement with DP (ground truth): 1/5 = 0.200

================================================================================
ThreeGeneration_MixedB_Aggressive_2gene
================================================================================
  step state                                             MLP             DP (ground truth)   match
  0    root                                              TEST Child      TEST Grandfather    NO
  1    {Child:(0, 0)}                                    TEST Father     TEST Grandfather    NO
  2    {Child:(0, 0), Father:(0, 0)}                     TEST GrandfatherTEST Grandfather    YES
  3    {Child:(0, 0), Father:(0, 0), Grandfather:(0, 0)} TEST GrandmotherTEST Grandmother    YES
  4    {Child:(0, 0), Father:(0, 0), Grandfather:(0, 0), Grandmother:(0, 0)}STOP            TEST Mother         NO
  agreement with DP (ground truth): 2/5 = 0.400

================================================================================
OVERALL
  agreement with DP (ground truth): 26/62 = 0.419
  root-state agreement:             1/12 = 0.083
saved -> /net/projects/ranalab/rajhansini/replication_16features/fixing_gnn_q/results/2gene/ce/mlp/seed1/model_vs_dp.json
saved -> /net/projects/ranalab/rajhansini/replication_16features/fixing_gnn_q/results/2gene/ce/mlp/seed1/model_vs_dp.log
