[extended_fourway] 2026-07-25T23:15:20.604040  genes=3  seed=1  family=Extended (OOD -- never trained on)  GNN=E4 bidir  MLP=E2 ce
loaded GNN /net/projects/ranalab/rajhansini/replication_16features/incremental_experiments/results/e4_gnn_bidir/seed_runs/seed1/gnn_q_e4.pt
loaded MLP /net/projects/ranalab/rajhansini/replication_16features/fixing_gnn_q/results/mlp_q_ce/seed_runs/seed1/mlp_q_ce.pt

==========================================================================================
Extended_LowHigh_Base_3gene
==========================================================================================
  states=9,190,992  V*(root)=-0.1712  V_stop(root)=-0.3243
  ratio2: myopic=0.0711  gnn=0.0503  mlp=0.1270
  step state                                                       DP (truth)        MYOPIC          GNN             MLP             agree
  0    root                                                        TEST Child        TEST GrandfatherTEST Uncle      TEST Grandfathernone
  1    {Grandfather:(0, 0, 0)}                                     TEST Child        TEST Father     TEST Mother     TEST Grandmothernone
  2    {Father:(0, 0, 0), Grandfather:(0, 0, 0)}                   TEST Mother       TEST Uncle      TEST GrandmotherTEST Grandmothernone
  3    {Father:(0, 0, 0), Grandfather:(0, 0, 0), Uncle:(0, 0, 0)}  TEST Mother       TEST GrandmotherTEST GrandmotherTEST Mother     partial
  4    {Father:(0, 0, 0), Grandfather:(0, 0, 0), Grandmother:(0, 0, 0), Uncle:(0, 0, 0)}TEST Mother       TEST Child      TEST Mother     TEST Mother     partial
  5    {Child:(0, 0, 0), Father:(0, 0, 0), Grandfather:(0, 0, 0), Grandmother:(0, 0, 0), Uncle:(0, 0, 0)}TEST Mother       TEST Mother     TEST Mother     TEST Mother     ALL
  6    {Child:(0, 0, 0), Father:(0, 0, 0), Grandfather:(0, 0, 0), Grandmother:(0, 0, 0), Mother:(0, 0, 0), Uncle:(0, 0, 0)}STOP              STOP            STOP            STOP            ALL
  agreement vs DP: myopic=2/7=0.286  gnn=3/7=0.429  mlp=4/7=0.571  all4=2/7=0.286

==========================================================================================
Extended_LowHigh_Aggressive_3gene
==========================================================================================
  states=9,190,992  V*(root)=-0.1787  V_stop(root)=-0.4789
  ratio2: myopic=0.0338  gnn=0.0324  mlp=0.1048
  step state                                                       DP (truth)        MYOPIC          GNN             MLP             agree
  0    root                                                        TEST Grandfather  TEST GrandfatherTEST Mother     TEST Grandfatherpartial
  1    {Grandfather:(0, 0, 0)}                                     TEST Grandmother  TEST Father     TEST Mother     TEST Grandmotherpartial
  2    {Father:(0, 0, 0), Grandfather:(0, 0, 0)}                   TEST Grandmother  TEST Uncle      TEST GrandmotherTEST Grandmotherpartial
  3    {Father:(0, 0, 0), Grandfather:(0, 0, 0), Uncle:(0, 0, 0)}  TEST Mother       TEST GrandmotherTEST GrandmotherTEST Mother     partial
  4    {Father:(0, 0, 0), Grandfather:(0, 0, 0), Grandmother:(0, 0, 0), Uncle:(0, 0, 0)}TEST Mother       TEST Child      TEST Mother     TEST Mother     partial
  5    {Child:(0, 0, 0), Father:(0, 0, 0), Grandfather:(0, 0, 0), Grandmother:(0, 0, 0), Uncle:(0, 0, 0)}TEST Mother       TEST Mother     TEST Mother     TEST Mother     ALL
  6    {Child:(0, 0, 0), Father:(0, 0, 0), Grandfather:(0, 0, 0), Grandmother:(0, 0, 0), Mother:(0, 0, 0), Uncle:(0, 0, 0)}STOP              STOP            STOP            STOP            ALL
  agreement vs DP: myopic=3/7=0.429  gnn=4/7=0.571  mlp=7/7=1.000  all4=2/7=0.286

==========================================================================================
Extended_MediumEven_Base_3gene
==========================================================================================
  states=9,190,992  V*(root)=-0.1753  V_stop(root)=-0.3467
  ratio2: myopic=0.0638  gnn=0.0506  mlp=0.1350
  step state                                                       DP (truth)        MYOPIC          GNN             MLP             agree
  0    root                                                        TEST Grandfather  TEST GrandfatherTEST GrandfatherTEST GrandfatherALL
  1    {Grandfather:(0, 0, 0)}                                     TEST Grandmother  TEST Father     TEST Father     TEST Grandmotherpartial
  2    {Father:(0, 0, 0), Grandfather:(0, 0, 0)}                   TEST Mother       TEST Uncle      TEST GrandmotherTEST Grandmothernone
  3    {Father:(0, 0, 0), Grandfather:(0, 0, 0), Uncle:(0, 0, 0)}  TEST Mother       TEST GrandmotherTEST GrandmotherTEST Mother     partial
  4    {Father:(0, 0, 0), Grandfather:(0, 0, 0), Grandmother:(0, 0, 0), Uncle:(0, 0, 0)}TEST Mother       TEST Child      TEST Mother     TEST Child      partial
  5    {Child:(0, 0, 0), Father:(0, 0, 0), Grandfather:(0, 0, 0), Grandmother:(0, 0, 0), Uncle:(0, 0, 0)}TEST Mother       TEST Mother     TEST Mother     TEST Mother     ALL
  6    {Child:(0, 0, 0), Father:(0, 0, 0), Grandfather:(0, 0, 0), Grandmother:(0, 0, 0), Mother:(0, 0, 0), Uncle:(0, 0, 0)}STOP              STOP            STOP            STOP            ALL
  agreement vs DP: myopic=3/7=0.429  gnn=4/7=0.571  mlp=5/7=0.714  all4=3/7=0.429

==========================================================================================
Extended_MediumEven_Aggressive_3gene
==========================================================================================
  states=9,190,992  V*(root)=-0.1858  V_stop(root)=-0.5149
  ratio2: myopic=0.0328  gnn=0.0159  mlp=0.1059
  step state                                                       DP (truth)        MYOPIC          GNN             MLP             agree
  0    root                                                        TEST Grandfather  TEST GrandfatherTEST Mother     TEST Grandfatherpartial
  1    {Grandfather:(0, 0, 0)}                                     TEST Grandmother  TEST Father     TEST Mother     TEST Grandmotherpartial
  2    {Father:(0, 0, 0), Grandfather:(0, 0, 0)}                   TEST Grandmother  TEST Uncle      TEST GrandmotherTEST Grandmotherpartial
  3    {Father:(0, 0, 0), Grandfather:(0, 0, 0), Uncle:(0, 0, 0)}  TEST Mother       TEST GrandmotherTEST GrandmotherTEST Mother     partial
  4    {Father:(0, 0, 0), Grandfather:(0, 0, 0), Grandmother:(0, 0, 0), Uncle:(0, 0, 0)}TEST Mother       TEST Child      TEST Mother     TEST Mother     partial
  5    {Child:(0, 0, 0), Father:(0, 0, 0), Grandfather:(0, 0, 0), Grandmother:(0, 0, 0), Uncle:(0, 0, 0)}TEST Mother       TEST Mother     TEST Mother     TEST Mother     ALL
  6    {Child:(0, 0, 0), Father:(0, 0, 0), Grandfather:(0, 0, 0), Grandmother:(0, 0, 0), Mother:(0, 0, 0), Uncle:(0, 0, 0)}STOP              STOP            STOP            STOP            ALL
  agreement vs DP: myopic=3/7=0.429  gnn=4/7=0.571  mlp=7/7=1.000  all4=2/7=0.286

==========================================================================================
Extended_LowLow_Base_3gene
==========================================================================================
  states=9,190,992  V*(root)=-0.0667  V_stop(root)=-0.0984
  ratio2: myopic=0.6292  gnn=0.3946  mlp=0.2247
  step state                                                       DP (truth)        MYOPIC          GNN             MLP             agree
  0    root                                                        TEST Uncle        TEST GrandfatherTEST Child      TEST Grandfathernone
  1    {Grandfather:(0, 0, 0)}                                     TEST Grandmother  TEST Father     TEST Child      TEST Grandmotherpartial
  2    {Father:(0, 0, 0), Grandfather:(0, 0, 0)}                   TEST Mother       TEST Uncle      TEST GrandmotherTEST Grandmothernone
  3    {Father:(0, 0, 0), Grandfather:(0, 0, 0), Uncle:(0, 0, 0)}  TEST Mother       TEST GrandmotherTEST GrandmotherTEST Grandmothernone
  4    {Father:(0, 0, 0), Grandfather:(0, 0, 0), Grandmother:(0, 0, 0), Uncle:(0, 0, 0)}TEST Mother       TEST Child      TEST Mother     TEST Child      partial
  5    {Child:(0, 0, 0), Father:(0, 0, 0), Grandfather:(0, 0, 0), Grandmother:(0, 0, 0), Uncle:(0, 0, 0)}STOP              STOP            TEST Mother     STOP            partial
  agreement vs DP: myopic=1/6=0.167  gnn=1/6=0.167  mlp=2/6=0.333  all4=0/6=0.000

==========================================================================================
Extended_LowLow_Aggressive_3gene
==========================================================================================
  states=9,190,992  V*(root)=-0.0725  V_stop(root)=-0.1473
  ratio2: myopic=0.2500  gnn=0.1487  mlp=0.1703
  step state                                                       DP (truth)        MYOPIC          GNN             MLP             agree
  0    root                                                        TEST Grandfather  TEST GrandfatherTEST Child      TEST Grandfatherpartial
  1    {Grandfather:(0, 0, 0)}                                     TEST Grandmother  TEST Father     TEST Child      TEST Grandmotherpartial
  2    {Father:(0, 0, 0), Grandfather:(0, 0, 0)}                   TEST Mother       TEST Uncle      TEST GrandmotherTEST Grandmothernone
  3    {Father:(0, 0, 0), Grandfather:(0, 0, 0), Uncle:(0, 0, 0)}  TEST Mother       TEST GrandmotherTEST GrandmotherTEST Grandmothernone
  4    {Father:(0, 0, 0), Grandfather:(0, 0, 0), Grandmother:(0, 0, 0), Uncle:(0, 0, 0)}TEST Mother       TEST Child      TEST Mother     TEST Child      partial
  5    {Child:(0, 0, 0), Father:(0, 0, 0), Grandfather:(0, 0, 0), Grandmother:(0, 0, 0), Uncle:(0, 0, 0)}STOP              STOP            TEST Mother     TEST Mother     partial
  agreement vs DP: myopic=2/6=0.333  gnn=1/6=0.167  mlp=2/6=0.333  all4=0/6=0.000

==========================================================================================
Extended_HighHigh_Base_3gene
==========================================================================================
  states=9,190,992  V*(root)=-0.3369  V_stop(root)=-0.6639
  ratio2: myopic=0.0292  gnn=0.0216  mlp=0.0858
  step state                                                       DP (truth)        MYOPIC          GNN             MLP             agree
  0    root                                                        TEST Uncle        TEST GrandfatherTEST Uncle      TEST Uncle      partial
  1    {Grandfather:(0, 0, 0)}                                     TEST Child        TEST Father     TEST GrandmotherTEST Grandmothernone
  2    {Father:(0, 0, 0), Grandfather:(0, 0, 0)}                   TEST Grandmother  TEST Uncle      TEST GrandmotherTEST Grandmotherpartial
  3    {Father:(0, 0, 0), Grandfather:(0, 0, 0), Uncle:(0, 0, 0)}  TEST Child        TEST GrandmotherTEST Mother     TEST Mother     none
  4    {Father:(0, 0, 0), Grandfather:(0, 0, 0), Grandmother:(0, 0, 0), Uncle:(0, 0, 0)}TEST Child        TEST Child      TEST Mother     TEST Mother     partial
  5    {Child:(0, 0, 0), Father:(0, 0, 0), Grandfather:(0, 0, 0), Grandmother:(0, 0, 0), Uncle:(0, 0, 0)}TEST Mother       TEST Mother     TEST Mother     TEST Mother     ALL
  6    {Child:(0, 0, 0), Father:(0, 0, 0), Grandfather:(0, 0, 0), Grandmother:(0, 0, 0), Mother:(0, 0, 0), Uncle:(0, 0, 0)}STOP              STOP            STOP            STOP            ALL
  agreement vs DP: myopic=3/7=0.429  gnn=4/7=0.571  mlp=4/7=0.571  all4=2/7=0.286

==========================================================================================
Extended_HighHigh_Aggressive_3gene
==========================================================================================
  states=9,190,992  V*(root)=-0.3622  V_stop(root)=-0.9669
  ratio2: myopic=0.0106  gnn=0.0101  mlp=0.0241
  step state                                                       DP (truth)        MYOPIC          GNN             MLP             agree
  0    root                                                        TEST Grandfather  TEST GrandfatherTEST Mother     TEST Uncle      partial
  1    {Grandfather:(0, 0, 0)}                                     TEST Mother       TEST Father     TEST Mother     TEST Grandmotherpartial
  2    {Father:(0, 0, 0), Grandfather:(0, 0, 0)}                   TEST Grandmother  TEST Uncle      TEST GrandmotherTEST Grandmotherpartial
  3    {Father:(0, 0, 0), Grandfather:(0, 0, 0), Uncle:(0, 0, 0)}  TEST Grandmother  TEST GrandmotherTEST Mother     TEST Mother     partial
  4    {Father:(0, 0, 0), Grandfather:(0, 0, 0), Grandmother:(0, 0, 0), Uncle:(0, 0, 0)}TEST Mother       TEST Child      TEST Mother     TEST Mother     partial
  5    {Child:(0, 0, 0), Father:(0, 0, 0), Grandfather:(0, 0, 0), Grandmother:(0, 0, 0), Uncle:(0, 0, 0)}TEST Mother       TEST Mother     TEST Mother     TEST Mother     ALL
  6    {Child:(0, 0, 0), Father:(0, 0, 0), Grandfather:(0, 0, 0), Grandmother:(0, 0, 0), Mother:(0, 0, 0), Uncle:(0, 0, 0)}STOP              STOP            STOP            STOP            ALL
  agreement vs DP: myopic=4/7=0.571  gnn=5/7=0.714  mlp=4/7=0.571  all4=2/7=0.286

==========================================================================================
Extended_MixedA_Base_3gene
==========================================================================================
  states=9,190,992  V*(root)=-0.1576  V_stop(root)=-0.2947
