[extended_fourway] 2026-08-23T19:25:50.997498  genes=2  seed=2  family=Extended (OOD -- never trained on)  GNN=E6 sumpool  MLP=E6 sumpool
loaded GNN (e6) /net/projects/ranalab/rajhansini/replication_16features/incremental_experiments/results/e6_gnn_sumpool_2gene/seed_runs/seed2/gnn_q_e6_2gene.pt
loaded MLP (e6) /net/projects/ranalab/rajhansini/replication_16features/incremental_experiments/results/e6_mlp_sumpool_2gene/seed_runs/seed2/mlp_q_e6_2gene.pt

==========================================================================================
Extended_LowHigh_Base_2gene
==========================================================================================
  states=107,728  V*(root)=-0.1306  V_stop(root)=-0.2164
  ratio2: myopic=0.1429  gnn=0.0969  mlp=0.2105
  step state                                                       DP (truth)        MYOPIC          GNN             MLP             agree
  0    root                                                        TEST Child        TEST GrandfatherTEST Child      TEST Father     partial
  1    {Grandfather:(0, 0)}                                        TEST Grandmother  TEST Father     TEST GrandmotherTEST Grandmotherpartial
  2    {Father:(0, 0), Grandfather:(0, 0)}                         TEST Grandmother  TEST Uncle      TEST GrandmotherTEST Mother     partial
  3    {Father:(0, 0), Grandfather:(0, 0), Uncle:(0, 0)}           TEST Mother       TEST GrandmotherTEST Mother     TEST Grandmotherpartial
  4    {Father:(0, 0), Grandfather:(0, 0), Grandmother:(0, 0), Uncle:(0, 0)}TEST Mother       TEST Child      TEST Mother     TEST Mother     partial
  5    {Child:(0, 0), Father:(0, 0), Grandfather:(0, 0), Grandmother:(0, 0), Uncle:(0, 0)}STOP              STOP            TEST Mother     STOP            partial
  agreement vs DP: myopic=1/6=0.167  gnn=5/6=0.833  mlp=3/6=0.500  all4=0/6=0.000

==========================================================================================
Extended_LowHigh_Aggressive_2gene
==========================================================================================
  states=107,728  V*(root)=-0.1337  V_stop(root)=-0.3182
  ratio2: myopic=0.0647  gnn=0.0718  mlp=0.1248
  step state                                                       DP (truth)        MYOPIC          GNN             MLP             agree
  0    root                                                        TEST Grandfather  TEST GrandfatherTEST Child      TEST Father     partial
  1    {Grandfather:(0, 0)}                                        TEST Grandmother  TEST Father     TEST GrandmotherTEST Grandmotherpartial
  2    {Father:(0, 0), Grandfather:(0, 0)}                         TEST Mother       TEST Uncle      TEST GrandmotherTEST Grandmothernone
  3    {Father:(0, 0), Grandfather:(0, 0), Uncle:(0, 0)}           TEST Mother       TEST GrandmotherTEST Mother     TEST Grandmotherpartial
  4    {Father:(0, 0), Grandfather:(0, 0), Grandmother:(0, 0), Uncle:(0, 0)}TEST Mother       TEST Child      TEST Mother     TEST Mother     partial
  5    {Child:(0, 0), Father:(0, 0), Grandfather:(0, 0), Grandmother:(0, 0), Uncle:(0, 0)}TEST Mother       TEST Mother     TEST Mother     STOP            partial
  6    {Child:(0, 0), Father:(0, 0), Grandfather:(0, 0), Grandmother:(0, 0), Mother:(0, 0), Uncle:(0, 0)}STOP              STOP            STOP            STOP            ALL
  agreement vs DP: myopic=3/7=0.429  gnn=5/7=0.714  mlp=3/7=0.429  all4=1/7=0.143

==========================================================================================
Extended_MediumEven_Base_2gene
==========================================================================================
  states=107,728  V*(root)=-0.1421  V_stop(root)=-0.2563
  ratio2: myopic=0.1145  gnn=0.1071  mlp=0.1781
  step state                                                       DP (truth)        MYOPIC          GNN             MLP             agree
  0    root                                                        TEST Grandfather  TEST GrandfatherTEST GrandfatherTEST Mother     partial
  1    {Grandfather:(0, 0)}                                        TEST Grandmother  TEST Father     TEST GrandmotherTEST Father     partial
  2    {Father:(0, 0), Grandfather:(0, 0)}                         TEST Grandmother  TEST Uncle      TEST GrandmotherTEST Grandmotherpartial
  3    {Father:(0, 0), Grandfather:(0, 0), Uncle:(0, 0)}           TEST Mother       TEST GrandmotherTEST Mother     TEST Grandmotherpartial
  4    {Father:(0, 0), Grandfather:(0, 0), Grandmother:(0, 0), Uncle:(0, 0)}TEST Mother       TEST Child      TEST Mother     TEST Mother     partial
  5    {Child:(0, 0), Father:(0, 0), Grandfather:(0, 0), Grandmother:(0, 0), Uncle:(0, 0)}STOP              STOP            TEST Mother     STOP            partial
  agreement vs DP: myopic=2/6=0.333  gnn=5/6=0.833  mlp=3/6=0.500  all4=0/6=0.000

==========================================================================================
Extended_MediumEven_Aggressive_2gene
==========================================================================================
  states=107,728  V*(root)=-0.1488  V_stop(root)=-0.3800
  ratio2: myopic=0.0570  gnn=0.0559  mlp=0.0945
  step state                                                       DP (truth)        MYOPIC          GNN             MLP             agree
  0    root                                                        TEST Grandfather  TEST GrandfatherTEST GrandfatherTEST Mother     partial
  1    {Grandfather:(0, 0)}                                        TEST Grandmother  TEST Father     TEST GrandmotherTEST Father     partial
  2    {Father:(0, 0), Grandfather:(0, 0)}                         TEST Mother       TEST Uncle      TEST GrandmotherTEST Grandmothernone
  3    {Father:(0, 0), Grandfather:(0, 0), Uncle:(0, 0)}           TEST Mother       TEST GrandmotherTEST Mother     TEST Grandmotherpartial
  4    {Father:(0, 0), Grandfather:(0, 0), Grandmother:(0, 0), Uncle:(0, 0)}TEST Mother       TEST Child      TEST Mother     TEST Mother     partial
  5    {Child:(0, 0), Father:(0, 0), Grandfather:(0, 0), Grandmother:(0, 0), Uncle:(0, 0)}TEST Mother       TEST Mother     TEST Mother     STOP            partial
  6    {Child:(0, 0), Father:(0, 0), Grandfather:(0, 0), Grandmother:(0, 0), Mother:(0, 0), Uncle:(0, 0)}STOP              STOP            STOP            STOP            ALL
  agreement vs DP: myopic=3/7=0.429  gnn=6/7=0.857  mlp=2/7=0.286  all4=1/7=0.143

==========================================================================================
Extended_LowLow_Base_2gene
==========================================================================================
  states=107,728  V*(root)=-0.0553  V_stop(root)=-0.0726
  ratio2: myopic=1.2966  gnn=0.8250  mlp=1.7795
  step state                                                       DP (truth)        MYOPIC          GNN             MLP             agree
  0    root                                                        TEST Uncle        TEST GrandfatherTEST Child      TEST Father     none
  1    {Grandfather:(0, 0)}                                        TEST Grandmother  TEST Father     TEST GrandmotherTEST Grandmotherpartial
  2    {Father:(0, 0), Grandfather:(0, 0)}                         STOP              TEST Uncle      TEST GrandmotherTEST Grandmothernone
  3    {Father:(0, 0), Grandfather:(0, 0), Uncle:(0, 0)}           STOP              TEST GrandmotherTEST Mother     TEST Grandmothernone
  4    {Father:(0, 0), Grandfather:(0, 0), Grandmother:(0, 0), Uncle:(0, 0)}STOP              TEST Child      TEST Mother     TEST Child      none
  5    {Child:(0, 0), Father:(0, 0), Grandfather:(0, 0), Grandmother:(0, 0), Uncle:(0, 0)}STOP              STOP            TEST Mother     STOP            partial
  agreement vs DP: myopic=1/6=0.167  gnn=1/6=0.167  mlp=2/6=0.333  all4=0/6=0.000

==========================================================================================
Extended_LowLow_Aggressive_2gene
==========================================================================================
  states=107,728  V*(root)=-0.0613  V_stop(root)=-0.1086
  ratio2: myopic=0.4130  gnn=0.2719  mlp=0.5773
  step state                                                       DP (truth)        MYOPIC          GNN             MLP             agree
  0    root                                                        TEST Grandfather  TEST GrandfatherTEST Father     TEST Father     partial
  1    {Grandfather:(0, 0)}                                        TEST Grandmother  TEST Father     TEST GrandmotherTEST Grandmotherpartial
  2    {Father:(0, 0), Grandfather:(0, 0)}                         TEST Mother       TEST Uncle      TEST GrandmotherTEST Grandmothernone
  3    {Father:(0, 0), Grandfather:(0, 0), Uncle:(0, 0)}           TEST Mother       TEST GrandmotherTEST Mother     TEST Grandmotherpartial
  4    {Father:(0, 0), Grandfather:(0, 0), Grandmother:(0, 0), Uncle:(0, 0)}TEST Mother       TEST Child      TEST Mother     TEST Child      partial
  5    {Child:(0, 0), Father:(0, 0), Grandfather:(0, 0), Grandmother:(0, 0), Uncle:(0, 0)}STOP              STOP            TEST Mother     STOP            partial
  agreement vs DP: myopic=2/6=0.333  gnn=3/6=0.500  mlp=2/6=0.333  all4=0/6=0.000

==========================================================================================
Extended_HighHigh_Base_2gene
==========================================================================================
  states=107,728  V*(root)=-0.2235  V_stop(root)=-0.4136
  ratio2: myopic=0.0567  gnn=0.0563  mlp=0.1060
  step state                                                       DP (truth)        MYOPIC          GNN             MLP             agree
  0    root                                                        TEST Child        TEST GrandfatherTEST GrandfatherTEST Child      partial
  1    {Grandfather:(0, 0)}                                        TEST Child        TEST Father     TEST GrandmotherTEST Mother     none
  2    {Father:(0, 0), Grandfather:(0, 0)}                         TEST Grandmother  TEST Uncle      TEST GrandmotherTEST Mother     partial
  3    {Father:(0, 0), Grandfather:(0, 0), Uncle:(0, 0)}           TEST Mother       TEST GrandmotherTEST Mother     TEST Mother     partial
  4    {Father:(0, 0), Grandfather:(0, 0), Grandmother:(0, 0), Uncle:(0, 0)}TEST Mother       TEST Child      TEST Mother     TEST Mother     partial
  5    {Child:(0, 0), Father:(0, 0), Grandfather:(0, 0), Grandmother:(0, 0), Uncle:(0, 0)}TEST Mother       TEST Mother     TEST Mother     STOP            partial
  6    {Child:(0, 0), Father:(0, 0), Grandfather:(0, 0), Grandmother:(0, 0), Mother:(0, 0), Uncle:(0, 0)}STOP              STOP            STOP            STOP            ALL
  agreement vs DP: myopic=2/7=0.286  gnn=5/7=0.714  mlp=4/7=0.571  all4=1/7=0.143

==========================================================================================
Extended_HighHigh_Aggressive_2gene
==========================================================================================
  states=107,728  V*(root)=-0.2354  V_stop(root)=-0.6058
  ratio2: myopic=0.0265  gnn=0.0301  mlp=0.0695
  step state                                                       DP (truth)        MYOPIC          GNN             MLP             agree
  0    root                                                        TEST Grandfather  TEST GrandfatherTEST GrandfatherTEST Child      partial
  1    {Grandfather:(0, 0)}                                        TEST Grandmother  TEST Father     TEST GrandmotherTEST Mother     partial
  2    {Father:(0, 0), Grandfather:(0, 0)}                         TEST Grandmother  TEST Uncle      TEST GrandmotherTEST Mother     partial
  3    {Father:(0, 0), Grandfather:(0, 0), Uncle:(0, 0)}           TEST Mother       TEST GrandmotherTEST Mother     TEST Mother     partial
  4    {Father:(0, 0), Grandfather:(0, 0), Grandmother:(0, 0), Uncle:(0, 0)}TEST Mother       TEST Child      TEST Mother     TEST Mother     partial
  5    {Child:(0, 0), Father:(0, 0), Grandfather:(0, 0), Grandmother:(0, 0), Uncle:(0, 0)}TEST Mother       TEST Mother     TEST Mother     STOP            partial
  6    {Child:(0, 0), Father:(0, 0), Grandfather:(0, 0), Grandmother:(0, 0), Mother:(0, 0), Uncle:(0, 0)}STOP              STOP            STOP            STOP            ALL
  agreement vs DP: myopic=3/7=0.429  gnn=7/7=1.000  mlp=3/7=0.429  all4=1/7=0.143

==========================================================================================
Extended_MixedA_Base_2gene
==========================================================================================
  states=107,728  V*(root)=-0.1052  V_stop(root)=-0.1720
  ratio2: myopic=0.2102  gnn=0.1319  mlp=0.3131
  step state                                                       DP (truth)        MYOPIC          GNN             MLP             agree
  0    root                                                        TEST Grandfather  TEST GrandfatherTEST Child      TEST Father     partial
  1    {Grandfather:(0, 0)}                                        TEST Grandmother  TEST Father     TEST GrandmotherTEST Grandmotherpartial
  2    {Father:(0, 0), Grandfather:(0, 0)}                         TEST Grandmother  TEST Uncle      TEST GrandmotherTEST Grandmotherpartial
  3    {Father:(0, 0), Grandfather:(0, 0), Uncle:(0, 0)}           TEST Mother       TEST GrandmotherTEST Mother     TEST Grandmotherpartial
  4    {Father:(0, 0), Grandfather:(0, 0), Grandmother:(0, 0), Uncle:(0, 0)}TEST Mother       TEST Child      TEST Mother     TEST Mother     partial
  5    {Child:(0, 0), Father:(0, 0), Grandfather:(0, 0), Grandmother:(0, 0), Uncle:(0, 0)}STOP              STOP            TEST Mother     STOP            partial
  agreement vs DP: myopic=2/6=0.333  gnn=4/6=0.667  mlp=4/6=0.667  all4=0/6=0.000

==========================================================================================
Extended_MixedA_Aggressive_2gene
==========================================================================================
  states=107,728  V*(root)=-0.1083  V_stop(root)=-0.2550
  ratio2: myopic=0.1020  gnn=0.0901  mlp=0.1588
  step state                                                       DP (truth)        MYOPIC          GNN             MLP             agree
  0    root                                                        TEST Grandfather  TEST GrandfatherTEST Child      TEST Father     partial
  1    {Grandfather:(0, 0)}                                        TEST Grandmother  TEST Father     TEST GrandmotherTEST Grandmotherpartial
  2    {Father:(0, 0), Grandfather:(0, 0)}                         TEST Grandmother  TEST Uncle      TEST GrandmotherTEST Grandmotherpartial
  3    {Father:(0, 0), Grandfather:(0, 0), Uncle:(0, 0)}           TEST Mother       TEST GrandmotherTEST Mother     TEST Grandmotherpartial
  4    {Father:(0, 0), Grandfather:(0, 0), Grandmother:(0, 0), Uncle:(0, 0)}TEST Mother       TEST Child      TEST Mother     TEST Mother     partial
  5    {Child:(0, 0), Father:(0, 0), Grandfather:(0, 0), Grandmother:(0, 0), Uncle:(0, 0)}TEST Mother       TEST Mother     TEST Mother     STOP            partial
  6    {Child:(0, 0), Father:(0, 0), Grandfather:(0, 0), Grandmother:(0, 0), Mother:(0, 0), Uncle:(0, 0)}STOP              STOP            STOP            STOP            ALL
  agreement vs DP: myopic=3/7=0.429  gnn=6/7=0.857  mlp=4/7=0.571  all4=1/7=0.143

==========================================================================================
Extended_MixedB_Base_2gene
==========================================================================================
  states=107,728  V*(root)=-0.1396  V_stop(root)=-0.2475
  ratio2: myopic=0.1157  gnn=0.1089  mlp=0.1774
  step state                                                       DP (truth)        MYOPIC          GNN             MLP             agree
  0    root                                                        TEST Grandfather  TEST GrandfatherTEST GrandfatherTEST Father     partial
  1    {Grandfather:(0, 0)}                                        TEST Grandmother  TEST Father     TEST GrandmotherTEST Father     partial
  2    {Father:(0, 0), Grandfather:(0, 0)}                         TEST Grandmother  TEST Uncle      TEST GrandmotherTEST Grandmotherpartial
  3    {Father:(0, 0), Grandfather:(0, 0), Uncle:(0, 0)}           TEST Mother       TEST GrandmotherTEST Mother     TEST Grandmotherpartial
  4    {Father:(0, 0), Grandfather:(0, 0), Grandmother:(0, 0), Uncle:(0, 0)}TEST Mother       TEST Child      TEST Mother     TEST Mother     partial
  5    {Child:(0, 0), Father:(0, 0), Grandfather:(0, 0), Grandmother:(0, 0), Uncle:(0, 0)}STOP              STOP            TEST Mother     STOP            partial
  agreement vs DP: myopic=2/6=0.333  gnn=5/6=0.833  mlp=3/6=0.500  all4=0/6=0.000

==========================================================================================
Extended_MixedB_Aggressive_2gene
==========================================================================================
  states=107,728  V*(root)=-0.1443  V_stop(root)=-0.3661
  ratio2: myopic=0.0565  gnn=0.0423  mlp=0.1017
  step state                                                       DP (truth)        MYOPIC          GNN             MLP             agree
  0    root                                                        TEST Grandfather  TEST GrandfatherTEST GrandfatherTEST Father     partial
  1    {Grandfather:(0, 0)}                                        TEST Grandmother  TEST Father     TEST GrandmotherTEST Father     partial
  2    {Father:(0, 0), Grandfather:(0, 0)}                         TEST Grandmother  TEST Uncle      TEST GrandmotherTEST Grandmotherpartial
  3    {Father:(0, 0), Grandfather:(0, 0), Uncle:(0, 0)}           TEST Mother       TEST GrandmotherTEST Mother     TEST Grandmotherpartial
  4    {Father:(0, 0), Grandfather:(0, 0), Grandmother:(0, 0), Uncle:(0, 0)}TEST Mother       TEST Child      TEST Mother     TEST Mother     partial
  5    {Child:(0, 0), Father:(0, 0), Grandfather:(0, 0), Grandmother:(0, 0), Uncle:(0, 0)}TEST Mother       TEST Mother     TEST Mother     STOP            partial
  6    {Child:(0, 0), Father:(0, 0), Grandfather:(0, 0), Grandmother:(0, 0), Mother:(0, 0), Uncle:(0, 0)}STOP              STOP            STOP            STOP            ALL
  agreement vs DP: myopic=3/7=0.429  gnn=7/7=1.000  mlp=3/7=0.429  all4=1/7=0.143

==========================================================================================
OVERALL (whole trajectory)
  vs DP: myopic=27/78=0.346  gnn=59/78=0.756  mlp=36/78=0.462  all4=6/78=0.077
OVERALL (root / first action only)
  vs DP: myopic=9/12  gnn=6/12  mlp=1/12
OVERALL avg ratio2: myopic=0.2214  gnn=0.1574  mlp=0.3243
saved -> /net/projects/ranalab/rajhansini/replication_16features/incremental_experiments/results/extended/2gene/seed2/extended_fourway_e6.json
saved -> /net/projects/ranalab/rajhansini/replication_16features/incremental_experiments/results/extended/2gene/seed2/extended_fourway_e6.log
