[model_vs_dp] 2026-07-22T22:24:13.374287  genes=2  seed=1  variant=ce  model=gnn
output -> /net/projects/ranalab/rajhansini/replication_16features/fixing_gnn_q/results/2gene/ce/gnn/seed1
loaded /net/projects/ranalab/rajhansini/replication_16features/fixing_gnn_q/results/gnn_q_ce_2gene/seed_runs/seed1/gnn_q_ce_2gene.pt  params=7393

================================================================================
ThreeGeneration_LowHigh_Base_2gene
================================================================================
  step state                                             GNN             DP (ground truth)   match
  0    root                                              TEST Father     TEST Grandfather    NO
  1    {Father:(0, 0)}                                   TEST GrandfatherTEST Mother         NO
  2    {Father:(0, 0), Grandfather:(0, 0)}               TEST GrandmotherTEST Mother         NO
  3    {Father:(0, 0), Grandfather:(0, 0), Grandmother:(0, 0)}TEST Mother     TEST Mother         YES
  4    {Father:(0, 0), Grandfather:(0, 0), Grandmother:(0, 0), Mother:(0, 0)}STOP            STOP                YES
  agreement with DP (ground truth): 2/5 = 0.400

================================================================================
ThreeGeneration_LowHigh_Aggressive_2gene
================================================================================
  step state                                             GNN             DP (ground truth)   match
  0    root                                              TEST GrandfatherTEST Grandfather    YES
  1    {Grandfather:(0, 0)}                              TEST Child      TEST Grandmother    NO
  2    {Child:(0, 0), Grandfather:(0, 0)}                TEST Mother     TEST Mother         YES
  3    {Child:(0, 0), Grandfather:(0, 0), Mother:(0, 0)} TEST GrandmotherTEST Grandmother    YES
  4    {Child:(0, 0), Grandfather:(0, 0), Grandmother:(0, 0), Mother:(0, 0)}STOP            STOP                YES
  agreement with DP (ground truth): 4/5 = 0.800

================================================================================
ThreeGeneration_MediumEven_Base_2gene
================================================================================
  step state                                             GNN             DP (ground truth)   match
  0    root                                              TEST Father     TEST Grandfather    NO
  1    {Father:(0, 0)}                                   TEST GrandfatherTEST Mother         NO
  2    {Father:(0, 0), Grandfather:(0, 0)}               TEST GrandmotherTEST Mother         NO
  3    {Father:(0, 0), Grandfather:(0, 0), Grandmother:(0, 0)}TEST Mother     TEST Mother         YES
  4    {Father:(0, 0), Grandfather:(0, 0), Grandmother:(0, 0), Mother:(0, 0)}STOP            STOP                YES
  agreement with DP (ground truth): 2/5 = 0.400

================================================================================
ThreeGeneration_MediumEven_Aggressive_2gene
================================================================================
  step state                                             GNN             DP (ground truth)   match
  0    root                                              TEST GrandfatherTEST Grandfather    YES
  1    {Grandfather:(0, 0)}                              TEST GrandmotherTEST Grandmother    YES
  2    {Grandfather:(0, 0), Grandmother:(0, 0)}          TEST Father     TEST Mother         NO
  3    {Father:(0, 0), Grandfather:(0, 0), Grandmother:(0, 0)}TEST Mother     TEST Mother         YES
  4    {Father:(0, 0), Grandfather:(0, 0), Grandmother:(0, 0), Mother:(0, 0)}STOP            STOP                YES
  agreement with DP (ground truth): 4/5 = 0.800

================================================================================
ThreeGeneration_LowLow_Base_2gene
================================================================================
  step state                                             GNN             DP (ground truth)   match
  0    root                                              TEST Father     TEST Child          NO
  1    {Father:(0, 0)}                                   TEST Mother     STOP                NO
  2    {Father:(0, 0), Mother:(0, 0)}                    TEST GrandfatherSTOP                NO
  3    {Father:(0, 0), Grandfather:(0, 0), Mother:(0, 0)}TEST GrandmotherSTOP                NO
  4    {Father:(0, 0), Grandfather:(0, 0), Grandmother:(0, 0), Mother:(0, 0)}STOP            STOP                YES
  agreement with DP (ground truth): 1/5 = 0.200

================================================================================
ThreeGeneration_LowLow_Aggressive_2gene
================================================================================
  step state                                             GNN             DP (ground truth)   match
  0    root                                              TEST Father     TEST Father         YES
  1    {Father:(0, 0)}                                   TEST Mother     TEST Mother         YES
  2    {Father:(0, 0), Mother:(0, 0)}                    TEST GrandfatherSTOP                NO
  3    {Father:(0, 0), Grandfather:(0, 0), Mother:(0, 0)}TEST GrandmotherSTOP                NO
  4    {Father:(0, 0), Grandfather:(0, 0), Grandmother:(0, 0), Mother:(0, 0)}STOP            STOP                YES
  agreement with DP (ground truth): 3/5 = 0.600

================================================================================
ThreeGeneration_HighHigh_Base_2gene
================================================================================
  step state                                             GNN             DP (ground truth)   match
  0    root                                              TEST GrandfatherTEST Grandfather    YES
  1    {Grandfather:(0, 0)}                              TEST GrandmotherTEST Child          NO
  2    {Grandfather:(0, 0), Grandmother:(0, 0)}          TEST Child      TEST Mother         NO
  3    {Child:(0, 0), Grandfather:(0, 0), Grandmother:(0, 0)}STOP            TEST Mother         NO
  agreement with DP (ground truth): 1/4 = 0.250

================================================================================
ThreeGeneration_HighHigh_Aggressive_2gene
================================================================================
  step state                                             GNN             DP (ground truth)   match
  0    root                                              TEST GrandfatherTEST Grandfather    YES
  1    {Grandfather:(0, 0)}                              TEST GrandmotherTEST Grandmother    YES
  2    {Grandfather:(0, 0), Grandmother:(0, 0)}          TEST Father     TEST Mother         NO
  3    {Father:(0, 0), Grandfather:(0, 0), Grandmother:(0, 0)}TEST Mother     TEST Mother         YES
  4    {Father:(0, 0), Grandfather:(0, 0), Grandmother:(0, 0), Mother:(0, 0)}STOP            STOP                YES
  agreement with DP (ground truth): 4/5 = 0.800

================================================================================
ThreeGeneration_MixedA_Base_2gene
================================================================================
  step state                                             GNN             DP (ground truth)   match
  0    root                                              TEST Father     TEST Father         YES
  1    {Father:(0, 0)}                                   TEST Mother     TEST Mother         YES
  2    {Father:(0, 0), Mother:(0, 0)}                    TEST GrandfatherSTOP                NO
  3    {Father:(0, 0), Grandfather:(0, 0), Mother:(0, 0)}TEST GrandmotherSTOP                NO
  4    {Father:(0, 0), Grandfather:(0, 0), Grandmother:(0, 0), Mother:(0, 0)}STOP            STOP                YES
  agreement with DP (ground truth): 3/5 = 0.600

================================================================================
ThreeGeneration_MixedA_Aggressive_2gene
================================================================================
  step state                                             GNN             DP (ground truth)   match
  0    root                                              TEST Father     TEST Grandfather    NO
  1    {Father:(0, 0)}                                   TEST Mother     TEST Grandfather    NO
  2    {Father:(0, 0), Mother:(0, 0)}                    TEST GrandfatherTEST Grandfather    YES
  3    {Father:(0, 0), Grandfather:(0, 0), Mother:(0, 0)}TEST GrandmotherTEST Grandmother    YES
  4    {Father:(0, 0), Grandfather:(0, 0), Grandmother:(0, 0), Mother:(0, 0)}STOP            STOP                YES
  agreement with DP (ground truth): 3/5 = 0.600

================================================================================
ThreeGeneration_MixedB_Base_2gene
================================================================================
  step state                                             GNN             DP (ground truth)   match
  0    root                                              TEST Father     TEST Grandfather    NO
  1    {Father:(0, 0)}                                   TEST GrandfatherTEST Mother         NO
  2    {Father:(0, 0), Grandfather:(0, 0)}               TEST GrandmotherTEST Mother         NO
  3    {Father:(0, 0), Grandfather:(0, 0), Grandmother:(0, 0)}TEST Mother     TEST Mother         YES
  4    {Father:(0, 0), Grandfather:(0, 0), Grandmother:(0, 0), Mother:(0, 0)}STOP            STOP                YES
  agreement with DP (ground truth): 2/5 = 0.400

================================================================================
ThreeGeneration_MixedB_Aggressive_2gene
================================================================================
  step state                                             GNN             DP (ground truth)   match
  0    root                                              TEST GrandfatherTEST Grandfather    YES
  1    {Grandfather:(0, 0)}                              TEST Child      TEST Grandmother    NO
  2    {Child:(0, 0), Grandfather:(0, 0)}                TEST Mother     TEST Grandmother    NO
  3    {Child:(0, 0), Grandfather:(0, 0), Mother:(0, 0)} TEST GrandmotherTEST Grandmother    YES
  4    {Child:(0, 0), Grandfather:(0, 0), Grandmother:(0, 0), Mother:(0, 0)}STOP            STOP                YES
  agreement with DP (ground truth): 3/5 = 0.600

================================================================================
OVERALL
  agreement with DP (ground truth): 32/59 = 0.542
  root-state agreement:             7/12 = 0.583
saved -> /net/projects/ranalab/rajhansini/replication_16features/fixing_gnn_q/results/2gene/ce/gnn/seed1/model_vs_dp.json
saved -> /net/projects/ranalab/rajhansini/replication_16features/fixing_gnn_q/results/2gene/ce/gnn/seed1/model_vs_dp.log
