
============================================================
[TRAIN] 2026-07-01T11:02:40.147896
============================================================
node_feat_dim=10  device=cuda  target_epochs=500

[1] Cache check:
    ThreeGeneration_LowHigh_Base_3gene  [OK]
    ThreeGeneration_LowHigh_Aggressive_3gene  [OK]
    ThreeGeneration_MediumEven_Base_3gene  [OK]

[2] Loading training data (fast path):
    edge_index: (2, 4)  (built from ThreeGeneration pedigree)
    ThreeGeneration_LowHigh_Base_3gene: 1,054,528 states  (40.8s)
    ThreeGeneration_LowHigh_Aggressive_3gene: 1,054,528 states  (36.3s)
    ThreeGeneration_MediumEven_Base_3gene: 1,054,528 states  (37.5s)
    Total: 3,163,584 samples  nf=(3163584, 5, 10)

[3] Training GNN (node_feat_dim=10):
    Starting fresh (0/500)

============================================================
[TRAIN] 2026-07-01T15:16:15.179081
============================================================
node_feat_dim=10  device=cuda  epochs=500
train configs: 30  test configs: 6

[1] Cache check (train configs):
    Trio_LowHigh_Base_3gene  [OK]
    Trio_LowHigh_Aggressive_3gene  [OK]
    Trio_MediumEven_Base_3gene  [OK]
    Trio_LowLow_Base_3gene  [OK]
    Trio_LowLow_Aggressive_3gene  [OK]
    Trio_HighHigh_Base_3gene  [OK]
    Trio_MixedA_Base_3gene  [OK]
    Trio_MixedA_Aggressive_3gene  [OK]
    Trio_MixedB_Base_3gene  [OK]
    Trio_MixedB_Aggressive_3gene  [OK]
    Nuclear_LowHigh_Base_3gene  [OK]
    Nuclear_LowHigh_Aggressive_3gene  [OK]
    Nuclear_MediumEven_Base_3gene  [OK]
    Nuclear_LowLow_Base_3gene  [OK]
    Nuclear_LowLow_Aggressive_3gene  [OK]
    Nuclear_HighHigh_Base_3gene  [OK]
    Nuclear_MixedA_Base_3gene  [OK]
    Nuclear_MixedA_Aggressive_3gene  [OK]
    Nuclear_MixedB_Base_3gene  [OK]
    Nuclear_MixedB_Aggressive_3gene  [OK]
    ThreeGeneration_LowHigh_Base_3gene  [OK]
    ThreeGeneration_LowHigh_Aggressive_3gene  [OK]
    ThreeGeneration_MediumEven_Base_3gene  [OK]
    ThreeGeneration_LowLow_Base_3gene  [OK]
    ThreeGeneration_LowLow_Aggressive_3gene  [OK]
    ThreeGeneration_HighHigh_Base_3gene  [OK]
    ThreeGeneration_MixedA_Base_3gene  [OK]
    ThreeGeneration_MixedA_Aggressive_3gene  [OK]
    ThreeGeneration_MixedB_Base_3gene  [OK]
    ThreeGeneration_MixedB_Aggressive_3gene  [OK]

[2] Loading training data:
    Trio_LowHigh_Base_3gene: 4,872 states  (0.1s)
    Trio_LowHigh_Aggressive_3gene: 4,872 states  (0.1s)
    Trio_MediumEven_Base_3gene: 4,872 states  (0.1s)
    Trio_LowLow_Base_3gene: 4,872 states  (0.1s)
    Trio_LowLow_Aggressive_3gene: 4,872 states  (0.2s)
    Trio_HighHigh_Base_3gene: 4,872 states  (0.1s)
    Trio_MixedA_Base_3gene: 4,872 states  (0.1s)
    Trio_MixedA_Aggressive_3gene: 4,872 states  (0.1s)
    Trio_MixedB_Base_3gene: 4,872 states  (0.1s)
    Trio_MixedB_Aggressive_3gene: 4,872 states  (0.1s)
    Nuclear_LowHigh_Base_3gene: 43,904 states  (1.4s)
    Nuclear_LowHigh_Aggressive_3gene: 43,904 states  (1.2s)
    Nuclear_MediumEven_Base_3gene: 43,904 states  (1.4s)
    Nuclear_LowLow_Base_3gene: 43,904 states  (1.4s)
    Nuclear_LowLow_Aggressive_3gene: 43,904 states  (1.2s)
    Nuclear_HighHigh_Base_3gene: 43,904 states  (1.3s)
    Nuclear_MixedA_Base_3gene: 43,904 states  (1.2s)
    Nuclear_MixedA_Aggressive_3gene: 43,904 states  (1.4s)
    Nuclear_MixedB_Base_3gene: 43,904 states  (1.3s)
    Nuclear_MixedB_Aggressive_3gene: 43,904 states  (1.4s)
    ThreeGeneration_LowHigh_Base_3gene: 1,054,528 states  (38.8s)
    ThreeGeneration_LowHigh_Aggressive_3gene: 1,054,528 states  (41.9s)
    ThreeGeneration_MediumEven_Base_3gene: 1,054,528 states  (36.3s)
    ThreeGeneration_LowLow_Base_3gene: 1,054,528 states  (36.8s)
    ThreeGeneration_LowLow_Aggressive_3gene: 1,054,528 states  (38.8s)
    ThreeGeneration_HighHigh_Base_3gene: 1,054,528 states  (38.1s)
    ThreeGeneration_MixedA_Base_3gene: 1,054,528 states  (35.5s)
    ThreeGeneration_MixedA_Aggressive_3gene: 1,054,528 states  (39.8s)
    ThreeGeneration_MixedB_Base_3gene: 1,054,528 states  (38.0s)
    ThreeGeneration_MixedB_Aggressive_3gene: 1,054,528 states  (36.5s)
    [Trio] total: 48,720 samples  nf=(48720, 3, 10)
    [Nuclear] total: 439,040 samples  nf=(439040, 4, 10)
    [ThreeGeneration] total: 10,545,280 samples  nf=(10545280, 5, 10)
    Grand total: 11,033,040 training samples across 3 topologies

[3] Training GNN:
    Starting fresh (0/500)

============================================================
[TRAIN] 2026-07-01T15:39:42.920210
============================================================
node_feat_dim=10  device=cuda  epochs=500
train configs: 30  test configs: 6

[1] Cache check (train configs):
    Trio_LowHigh_Base_3gene  [OK]
    Trio_LowHigh_Aggressive_3gene  [OK]
    Trio_MediumEven_Base_3gene  [OK]
    Trio_LowLow_Base_3gene  [OK]
    Trio_LowLow_Aggressive_3gene  [OK]
    Trio_HighHigh_Base_3gene  [OK]
    Trio_MixedA_Base_3gene  [OK]
    Trio_MixedA_Aggressive_3gene  [OK]
    Trio_MixedB_Base_3gene  [OK]
    Trio_MixedB_Aggressive_3gene  [OK]
    Nuclear_LowHigh_Base_3gene  [OK]
    Nuclear_LowHigh_Aggressive_3gene  [OK]
    Nuclear_MediumEven_Base_3gene  [OK]
    Nuclear_LowLow_Base_3gene  [OK]
    Nuclear_LowLow_Aggressive_3gene  [OK]
    Nuclear_HighHigh_Base_3gene  [OK]
    Nuclear_MixedA_Base_3gene  [OK]
    Nuclear_MixedA_Aggressive_3gene  [OK]
    Nuclear_MixedB_Base_3gene  [OK]
    Nuclear_MixedB_Aggressive_3gene  [OK]
    ThreeGeneration_LowHigh_Base_3gene  [OK]
    ThreeGeneration_LowHigh_Aggressive_3gene  [OK]
    ThreeGeneration_MediumEven_Base_3gene  [OK]
    ThreeGeneration_LowLow_Base_3gene  [OK]
    ThreeGeneration_LowLow_Aggressive_3gene  [OK]
    ThreeGeneration_HighHigh_Base_3gene  [OK]
    ThreeGeneration_MixedA_Base_3gene  [OK]
    ThreeGeneration_MixedA_Aggressive_3gene  [OK]
    ThreeGeneration_MixedB_Base_3gene  [OK]
    ThreeGeneration_MixedB_Aggressive_3gene  [OK]

[2] Loading training data:
    Trio_LowHigh_Base_3gene: 4,872 states  (0.2s)
    Trio_LowHigh_Aggressive_3gene: 4,872 states  (0.1s)
    Trio_MediumEven_Base_3gene: 4,872 states  (0.1s)
    Trio_LowLow_Base_3gene: 4,872 states  (0.1s)
    Trio_LowLow_Aggressive_3gene: 4,872 states  (0.1s)
    Trio_HighHigh_Base_3gene: 4,872 states  (0.1s)
    Trio_MixedA_Base_3gene: 4,872 states  (0.1s)
    Trio_MixedA_Aggressive_3gene: 4,872 states  (0.1s)
    Trio_MixedB_Base_3gene: 4,872 states  (0.1s)
    Trio_MixedB_Aggressive_3gene: 4,872 states  (0.0s)
    Nuclear_LowHigh_Base_3gene: 43,904 states  (1.4s)
    Nuclear_LowHigh_Aggressive_3gene: 43,904 states  (1.1s)
    Nuclear_MediumEven_Base_3gene: 43,904 states  (1.4s)
    Nuclear_LowLow_Base_3gene: 43,904 states  (1.3s)
    Nuclear_LowLow_Aggressive_3gene: 43,904 states  (1.2s)
    Nuclear_HighHigh_Base_3gene: 43,904 states  (1.3s)
    Nuclear_MixedA_Base_3gene: 43,904 states  (1.2s)
    Nuclear_MixedA_Aggressive_3gene: 43,904 states  (1.3s)
    Nuclear_MixedB_Base_3gene: 43,904 states  (1.2s)
    Nuclear_MixedB_Aggressive_3gene: 43,904 states  (1.3s)
    ThreeGeneration_LowHigh_Base_3gene: 1,054,528 states  (37.4s)
    ThreeGeneration_LowHigh_Aggressive_3gene: 1,054,528 states  (39.7s)
    ThreeGeneration_MediumEven_Base_3gene: 1,054,528 states  (36.1s)
    ThreeGeneration_LowLow_Base_3gene: 1,054,528 states  (36.6s)
    ThreeGeneration_LowLow_Aggressive_3gene: 1,054,528 states  (37.8s)
    ThreeGeneration_HighHigh_Base_3gene: 1,054,528 states  (37.7s)
    ThreeGeneration_MixedA_Base_3gene: 1,054,528 states  (35.2s)
    ThreeGeneration_MixedA_Aggressive_3gene: 1,054,528 states  (39.2s)
    ThreeGeneration_MixedB_Base_3gene: 1,054,528 states  (36.7s)
    ThreeGeneration_MixedB_Aggressive_3gene: 1,054,528 states  (35.8s)
    [Trio] total: 48,720 samples  nf=(48720, 3, 10)
    [Nuclear] total: 439,040 samples  nf=(439040, 4, 10)
    [ThreeGeneration] total: 10,545,280 samples  nf=(10545280, 5, 10)
    Grand total: 11,033,040 training samples across 3 topologies

[3] Training GNN:
    Starting fresh (0/500)

============================================================
[TRAIN] 2026-07-03T09:50:36.529620
============================================================
node_feat_dim=10  device=cuda  epochs=500
train configs: 30  test configs: 6

[1] Cache check (train configs):
    Trio_LowHigh_Base_3gene  [OK]
    Trio_LowHigh_Aggressive_3gene  [OK]
    Trio_MediumEven_Base_3gene  [OK]
    Trio_LowLow_Base_3gene  [OK]
    Trio_LowLow_Aggressive_3gene  [OK]
    Trio_HighHigh_Base_3gene  [OK]
    Trio_MixedA_Base_3gene  [OK]
    Trio_MixedA_Aggressive_3gene  [OK]
    Trio_MixedB_Base_3gene  [OK]
    Trio_MixedB_Aggressive_3gene  [OK]
    Nuclear_LowHigh_Base_3gene  [OK]
    Nuclear_LowHigh_Aggressive_3gene  [OK]
    Nuclear_MediumEven_Base_3gene  [OK]
    Nuclear_LowLow_Base_3gene  [OK]
    Nuclear_LowLow_Aggressive_3gene  [OK]
    Nuclear_HighHigh_Base_3gene  [OK]
    Nuclear_MixedA_Base_3gene  [OK]
    Nuclear_MixedA_Aggressive_3gene  [OK]
    Nuclear_MixedB_Base_3gene  [OK]
    Nuclear_MixedB_Aggressive_3gene  [OK]
    ThreeGeneration_LowHigh_Base_3gene  [OK]
    ThreeGeneration_LowHigh_Aggressive_3gene  [OK]
    ThreeGeneration_MediumEven_Base_3gene  [OK]
    ThreeGeneration_LowLow_Base_3gene  [OK]
    ThreeGeneration_LowLow_Aggressive_3gene  [OK]
    ThreeGeneration_HighHigh_Base_3gene  [OK]
    ThreeGeneration_MixedA_Base_3gene  [OK]
    ThreeGeneration_MixedA_Aggressive_3gene  [OK]
    ThreeGeneration_MixedB_Base_3gene  [OK]
    ThreeGeneration_MixedB_Aggressive_3gene  [OK]

[2] Loading training data:
    Trio_LowHigh_Base_3gene: 4,872 states  cost=[-0.08  -0.04   0.6   -0.06  -0.03   0.7   -0.05  -0.025  0.75   0.01
  0.02 ]  (0.2s)
    Trio_LowHigh_Aggressive_3gene: 4,872 states  cost=[-0.12   -0.06    0.7    -0.09   -0.045   0.8    -0.075  -0.0375  0.8
  0.01    0.02  ]  (0.1s)
    Trio_MediumEven_Base_3gene: 4,872 states  cost=[-0.08  -0.04   0.6   -0.06  -0.03   0.7   -0.05  -0.025  0.75   0.01
  0.02 ]  (0.1s)
    Trio_LowLow_Base_3gene: 4,872 states  cost=[-0.08  -0.04   0.6   -0.06  -0.03   0.7   -0.05  -0.025  0.75   0.01
  0.02 ]  (0.2s)
    Trio_LowLow_Aggressive_3gene: 4,872 states  cost=[-0.12   -0.06    0.7    -0.09   -0.045   0.8    -0.075  -0.0375  0.8
  0.01    0.02  ]  (0.1s)
    Trio_HighHigh_Base_3gene: 4,872 states  cost=[-0.08  -0.04   0.6   -0.06  -0.03   0.7   -0.05  -0.025  0.75   0.01
  0.02 ]  (0.1s)
    Trio_MixedA_Base_3gene: 4,872 states  cost=[-0.08  -0.04   0.6   -0.06  -0.03   0.7   -0.05  -0.025  0.75   0.01
  0.02 ]  (0.1s)
    Trio_MixedA_Aggressive_3gene: 4,872 states  cost=[-0.12   -0.06    0.7    -0.09   -0.045   0.8    -0.075  -0.0375  0.8
  0.01    0.02  ]  (0.1s)
    Trio_MixedB_Base_3gene: 4,872 states  cost=[-0.08  -0.04   0.6   -0.06  -0.03   0.7   -0.05  -0.025  0.75   0.01
  0.02 ]  (0.1s)
    Trio_MixedB_Aggressive_3gene: 4,872 states  cost=[-0.12   -0.06    0.7    -0.09   -0.045   0.8    -0.075  -0.0375  0.8
  0.01    0.02  ]  (0.1s)
    Nuclear_LowHigh_Base_3gene: 43,904 states  cost=[-0.08  -0.04   0.6   -0.06  -0.03   0.7   -0.05  -0.025  0.75   0.01
  0.02 ]  (1.4s)
    Nuclear_LowHigh_Aggressive_3gene: 43,904 states  cost=[-0.12   -0.06    0.7    -0.09   -0.045   0.8    -0.075  -0.0375  0.8
  0.01    0.02  ]  (1.1s)
    Nuclear_MediumEven_Base_3gene: 43,904 states  cost=[-0.08  -0.04   0.6   -0.06  -0.03   0.7   -0.05  -0.025  0.75   0.01
  0.02 ]  (1.3s)
    Nuclear_LowLow_Base_3gene: 43,904 states  cost=[-0.08  -0.04   0.6   -0.06  -0.03   0.7   -0.05  -0.025  0.75   0.01
  0.02 ]  (1.3s)
    Nuclear_LowLow_Aggressive_3gene: 43,904 states  cost=[-0.12   -0.06    0.7    -0.09   -0.045   0.8    -0.075  -0.0375  0.8
  0.01    0.02  ]  (1.2s)
    Nuclear_HighHigh_Base_3gene: 43,904 states  cost=[-0.08  -0.04   0.6   -0.06  -0.03   0.7   -0.05  -0.025  0.75   0.01
  0.02 ]  (1.3s)
    Nuclear_MixedA_Base_3gene: 43,904 states  cost=[-0.08  -0.04   0.6   -0.06  -0.03   0.7   -0.05  -0.025  0.75   0.01
  0.02 ]  (1.1s)
    Nuclear_MixedA_Aggressive_3gene: 43,904 states  cost=[-0.12   -0.06    0.7    -0.09   -0.045   0.8    -0.075  -0.0375  0.8
  0.01    0.02  ]  (1.4s)
    Nuclear_MixedB_Base_3gene: 43,904 states  cost=[-0.08  -0.04   0.6   -0.06  -0.03   0.7   -0.05  -0.025  0.75   0.01
  0.02 ]  (1.1s)
    Nuclear_MixedB_Aggressive_3gene: 43,904 states  cost=[-0.12   -0.06    0.7    -0.09   -0.045   0.8    -0.075  -0.0375  0.8
  0.01    0.02  ]  (1.3s)
    ThreeGeneration_LowHigh_Base_3gene: 1,054,528 states  cost=[-0.08  -0.04   0.6   -0.06  -0.03   0.7   -0.05  -0.025  0.75   0.01
  0.02 ]  (37.7s)
    ThreeGeneration_LowHigh_Aggressive_3gene: 1,054,528 states  cost=[-0.12   -0.06    0.7    -0.09   -0.045   0.8    -0.075  -0.0375  0.8
  0.01    0.02  ]  (40.1s)
    ThreeGeneration_MediumEven_Base_3gene: 1,054,528 states  cost=[-0.08  -0.04   0.6   -0.06  -0.03   0.7   -0.05  -0.025  0.75   0.01
  0.02 ]  (36.1s)
    ThreeGeneration_LowLow_Base_3gene: 1,054,528 states  cost=[-0.08  -0.04   0.6   -0.06  -0.03   0.7   -0.05  -0.025  0.75   0.01
  0.02 ]  (36.2s)
    ThreeGeneration_LowLow_Aggressive_3gene: 1,054,528 states  cost=[-0.12   -0.06    0.7    -0.09   -0.045   0.8    -0.075  -0.0375  0.8
  0.01    0.02  ]  (37.7s)
    ThreeGeneration_HighHigh_Base_3gene: 1,054,528 states  cost=[-0.08  -0.04   0.6   -0.06  -0.03   0.7   -0.05  -0.025  0.75   0.01
  0.02 ]  (37.4s)
    ThreeGeneration_MixedA_Base_3gene: 1,054,528 states  cost=[-0.08  -0.04   0.6   -0.06  -0.03   0.7   -0.05  -0.025  0.75   0.01
  0.02 ]  (35.1s)
    ThreeGeneration_MixedA_Aggressive_3gene: 1,054,528 states  cost=[-0.12   -0.06    0.7    -0.09   -0.045   0.8    -0.075  -0.0375  0.8
  0.01    0.02  ]  (39.0s)
    ThreeGeneration_MixedB_Base_3gene: 1,054,528 states  cost=[-0.08  -0.04   0.6   -0.06  -0.03   0.7   -0.05  -0.025  0.75   0.01
  0.02 ]  (36.5s)
    ThreeGeneration_MixedB_Aggressive_3gene: 1,054,528 states  cost=[-0.12   -0.06    0.7    -0.09   -0.045   0.8    -0.075  -0.0375  0.8
  0.01    0.02  ]  (35.5s)
    [Trio] total: 48,720 samples  nf=(48720, 3, 10)  gf=(48720, 11)
    [Nuclear] total: 439,040 samples  nf=(439040, 4, 10)  gf=(439040, 11)
    [ThreeGeneration] total: 10,545,280 samples  nf=(10545280, 5, 10)  gf=(10545280, 11)
    Grand total: 11,033,040 training samples across 3 topologies

[3] Training GNN:
    Starting fresh (0/500)

============================================================
[TRAIN] 2026-07-09T12:57:31.139980
============================================================
node_feat_dim=10  cost_dim=11  device=cuda  epochs=500
train configs: 30  test configs: 6
Output: Q*(s, i) per person per state (action-conditioned)

[1] Cache check (train configs):
    Trio_LowHigh_Base_3gene  [OK]
    Trio_LowHigh_Aggressive_3gene  [OK]
    Trio_MediumEven_Base_3gene  [OK]
    Trio_LowLow_Base_3gene  [OK]
    Trio_LowLow_Aggressive_3gene  [OK]
    Trio_HighHigh_Base_3gene  [OK]
    Trio_MixedA_Base_3gene  [OK]
    Trio_MixedA_Aggressive_3gene  [OK]
    Trio_MixedB_Base_3gene  [OK]
    Trio_MixedB_Aggressive_3gene  [OK]
    Nuclear_LowHigh_Base_3gene  [OK]
    Nuclear_LowHigh_Aggressive_3gene  [OK]
    Nuclear_MediumEven_Base_3gene  [OK]
    Nuclear_LowLow_Base_3gene  [OK]
    Nuclear_LowLow_Aggressive_3gene  [OK]
    Nuclear_HighHigh_Base_3gene  [OK]
    Nuclear_MixedA_Base_3gene  [OK]
    Nuclear_MixedA_Aggressive_3gene  [OK]
    Nuclear_MixedB_Base_3gene  [OK]
    Nuclear_MixedB_Aggressive_3gene  [OK]
    ThreeGeneration_LowHigh_Base_3gene  [OK]
    ThreeGeneration_LowHigh_Aggressive_3gene  [OK]
    ThreeGeneration_MediumEven_Base_3gene  [OK]
    ThreeGeneration_LowLow_Base_3gene  [OK]
    ThreeGeneration_LowLow_Aggressive_3gene  [OK]
    ThreeGeneration_HighHigh_Base_3gene  [OK]
    ThreeGeneration_MixedA_Base_3gene  [OK]
    ThreeGeneration_MixedA_Aggressive_3gene  [OK]
    ThreeGeneration_MixedB_Base_3gene  [OK]
    ThreeGeneration_MixedB_Aggressive_3gene  [OK]

[2] Loading training data and computing Q* labels:
    Trio_LowHigh_Base_3gene: 4,872 states — computing Q* labels...
      done in 0.1s
    Trio_LowHigh_Aggressive_3gene: 4,872 states — computing Q* labels...
      done in 0.1s
    Trio_MediumEven_Base_3gene: 4,872 states — computing Q* labels...
      done in 0.1s
    Trio_LowLow_Base_3gene: 4,872 states — computing Q* labels...
      done in 0.1s
    Trio_LowLow_Aggressive_3gene: 4,872 states — computing Q* labels...
      done in 0.1s
    Trio_HighHigh_Base_3gene: 4,872 states — computing Q* labels...
      done in 0.1s
    Trio_MixedA_Base_3gene: 4,872 states — computing Q* labels...
      done in 0.1s
    Trio_MixedA_Aggressive_3gene: 4,872 states — computing Q* labels...
      done in 0.2s
    Trio_MixedB_Base_3gene: 4,872 states — computing Q* labels...
      done in 0.1s
    Trio_MixedB_Aggressive_3gene: 4,872 states — computing Q* labels...
      done in 0.1s
    Nuclear_LowHigh_Base_3gene: 43,904 states — computing Q* labels...
      done in 1.6s
    Nuclear_LowHigh_Aggressive_3gene: 43,904 states — computing Q* labels...
      done in 1.3s
    Nuclear_MediumEven_Base_3gene: 43,904 states — computing Q* labels...
      done in 1.5s
    Nuclear_LowLow_Base_3gene: 43,904 states — computing Q* labels...
      done in 1.6s
    Nuclear_LowLow_Aggressive_3gene: 43,904 states — computing Q* labels...
      done in 1.5s
    Nuclear_HighHigh_Base_3gene: 43,904 states — computing Q* labels...
      done in 1.5s
    Nuclear_MixedA_Base_3gene: 43,904 states — computing Q* labels...
      done in 1.4s
    Nuclear_MixedA_Aggressive_3gene: 43,904 states — computing Q* labels...
      done in 1.6s
    Nuclear_MixedB_Base_3gene: 43,904 states — computing Q* labels...
      done in 1.4s
    Nuclear_MixedB_Aggressive_3gene: 43,904 states — computing Q* labels...
      done in 1.4s
    ThreeGeneration_LowHigh_Base_3gene: 1,054,528 states — computing Q* labels...
      done in 41.8s
    ThreeGeneration_LowHigh_Aggressive_3gene: 1,054,528 states — computing Q* labels...
      done in 43.3s
    ThreeGeneration_MediumEven_Base_3gene: 1,054,528 states — computing Q* labels...
      done in 40.0s
    ThreeGeneration_LowLow_Base_3gene: 1,054,528 states — computing Q* labels...
      done in 41.2s
    ThreeGeneration_LowLow_Aggressive_3gene: 1,054,528 states — computing Q* labels...
      done in 43.1s
    ThreeGeneration_HighHigh_Base_3gene: 1,054,528 states — computing Q* labels...
      done in 42.3s
    ThreeGeneration_MixedA_Base_3gene: 1,054,528 states — computing Q* labels...
      done in 40.6s
    ThreeGeneration_MixedA_Aggressive_3gene: 1,054,528 states — computing Q* labels...
      done in 43.5s
    ThreeGeneration_MixedB_Base_3gene: 1,054,528 states — computing Q* labels...
      done in 41.4s
    ThreeGeneration_MixedB_Aggressive_3gene: 1,054,528 states — computing Q* labels...
      done in 40.6s
    [Trio] 48,720 states  15,800 valid Q* entries

============================================================
[TRAIN] 2026-07-09T13:28:38.474937
============================================================
node_feat_dim=10  cost_dim=11  device=cpu  epochs=500
train configs: 30  test configs: 6
Output: Q*(s, i) per person per state (action-conditioned)

[1] Cache check (train configs):
    Trio_LowHigh_Base_3gene  [OK]
    Trio_LowHigh_Aggressive_3gene  [OK]
    Trio_MediumEven_Base_3gene  [OK]
    Trio_LowLow_Base_3gene  [OK]
    Trio_LowLow_Aggressive_3gene  [OK]
    Trio_HighHigh_Base_3gene  [OK]
    Trio_MixedA_Base_3gene  [OK]
    Trio_MixedA_Aggressive_3gene  [OK]
    Trio_MixedB_Base_3gene  [OK]
    Trio_MixedB_Aggressive_3gene  [OK]
    Nuclear_LowHigh_Base_3gene  [OK]
    Nuclear_LowHigh_Aggressive_3gene  [OK]
    Nuclear_MediumEven_Base_3gene  [OK]
    Nuclear_LowLow_Base_3gene  [OK]
    Nuclear_LowLow_Aggressive_3gene  [OK]
    Nuclear_HighHigh_Base_3gene  [OK]
    Nuclear_MixedA_Base_3gene  [OK]
    Nuclear_MixedA_Aggressive_3gene  [OK]
    Nuclear_MixedB_Base_3gene  [OK]
    Nuclear_MixedB_Aggressive_3gene  [OK]
    ThreeGeneration_LowHigh_Base_3gene  [OK]
    ThreeGeneration_LowHigh_Aggressive_3gene  [OK]
    ThreeGeneration_MediumEven_Base_3gene  [OK]
    ThreeGeneration_LowLow_Base_3gene  [OK]
    ThreeGeneration_LowLow_Aggressive_3gene  [OK]
    ThreeGeneration_HighHigh_Base_3gene  [OK]
    ThreeGeneration_MixedA_Base_3gene  [OK]
    ThreeGeneration_MixedA_Aggressive_3gene  [OK]
    ThreeGeneration_MixedB_Base_3gene  [OK]
    ThreeGeneration_MixedB_Aggressive_3gene  [OK]

[2] Loading training data and computing Q* labels:
    Trio_LowHigh_Base_3gene: 4,872 states — computing Q* labels...
      done in 0.2s
    Trio_LowHigh_Aggressive_3gene: 4,872 states — computing Q* labels...
      done in 0.1s
    Trio_MediumEven_Base_3gene: 4,872 states — computing Q* labels...
      done in 0.1s
    Trio_LowLow_Base_3gene: 4,872 states — computing Q* labels...
      done in 0.1s
    Trio_LowLow_Aggressive_3gene: 4,872 states — computing Q* labels...
      done in 0.1s
    Trio_HighHigh_Base_3gene: 4,872 states — computing Q* labels...
      done in 0.1s
    Trio_MixedA_Base_3gene: 4,872 states — computing Q* labels...
      done in 0.1s
    Trio_MixedA_Aggressive_3gene: 4,872 states — computing Q* labels...
      done in 0.2s
    Trio_MixedB_Base_3gene: 4,872 states — computing Q* labels...
      done in 0.1s
    Trio_MixedB_Aggressive_3gene: 4,872 states — computing Q* labels...
      done in 0.1s
    Nuclear_LowHigh_Base_3gene: 43,904 states — computing Q* labels...
      done in 1.5s
    Nuclear_LowHigh_Aggressive_3gene: 43,904 states — computing Q* labels...
      done in 1.3s
    Nuclear_MediumEven_Base_3gene: 43,904 states — computing Q* labels...
      done in 1.5s
    Nuclear_LowLow_Base_3gene: 43,904 states — computing Q* labels...
      done in 1.5s
    Nuclear_LowLow_Aggressive_3gene: 43,904 states — computing Q* labels...
      done in 1.4s
    Nuclear_HighHigh_Base_3gene: 43,904 states — computing Q* labels...
      done in 1.5s
    Nuclear_MixedA_Base_3gene: 43,904 states — computing Q* labels...
      done in 1.3s
    Nuclear_MixedA_Aggressive_3gene: 43,904 states — computing Q* labels...
      done in 1.5s
    Nuclear_MixedB_Base_3gene: 43,904 states — computing Q* labels...
      done in 1.3s
    Nuclear_MixedB_Aggressive_3gene: 43,904 states — computing Q* labels...
      done in 1.4s
    ThreeGeneration_LowHigh_Base_3gene: 1,054,528 states — computing Q* labels...
      done in 45.4s
    ThreeGeneration_LowHigh_Aggressive_3gene: 1,054,528 states — computing Q* labels...
      done in 40.2s
    ThreeGeneration_MediumEven_Base_3gene: 1,054,528 states — computing Q* labels...
      done in 37.7s
    ThreeGeneration_LowLow_Base_3gene: 1,054,528 states — computing Q* labels...
      done in 38.0s
    ThreeGeneration_LowLow_Aggressive_3gene: 1,054,528 states — computing Q* labels...
      done in 39.8s
    ThreeGeneration_HighHigh_Base_3gene: 1,054,528 states — computing Q* labels...
      done in 117.6s
    ThreeGeneration_MixedA_Base_3gene: 1,054,528 states — computing Q* labels...
      done in 58.7s
    ThreeGeneration_MixedA_Aggressive_3gene: 1,054,528 states — computing Q* labels...
      done in 41.4s
    ThreeGeneration_MixedB_Base_3gene: 1,054,528 states — computing Q* labels...
      done in 39.2s
    ThreeGeneration_MixedB_Aggressive_3gene: 1,054,528 states — computing Q* labels...
      done in 37.7s
    [Trio] 48,720 states  15,800 valid Q* entries
    [Nuclear] 439,040 states  225,640 valid Q* entries
    [ThreeGeneration] 10,545,280 states  6,239,160 valid Q* entries
    Total training states: 11,033,040

[3] Training GNN:
    Starting fresh (0/500)

============================================================
[TRAIN] 2026-07-10T01:29:48.213673
============================================================
node_feat_dim=10  cost_dim=11  device=cpu  epochs=500
train configs: 30  test configs: 6
Output: Q*(s, i) per person per state (action-conditioned)

[1] Cache check (train configs):
    Trio_LowHigh_Base_3gene  [OK]
    Trio_LowHigh_Aggressive_3gene  [OK]
    Trio_MediumEven_Base_3gene  [OK]
    Trio_LowLow_Base_3gene  [OK]
    Trio_LowLow_Aggressive_3gene  [OK]
    Trio_HighHigh_Base_3gene  [OK]
    Trio_MixedA_Base_3gene  [OK]
    Trio_MixedA_Aggressive_3gene  [OK]
    Trio_MixedB_Base_3gene  [OK]
    Trio_MixedB_Aggressive_3gene  [OK]
    Nuclear_LowHigh_Base_3gene  [OK]
    Nuclear_LowHigh_Aggressive_3gene  [OK]
    Nuclear_MediumEven_Base_3gene  [OK]
    Nuclear_LowLow_Base_3gene  [OK]
    Nuclear_LowLow_Aggressive_3gene  [OK]
    Nuclear_HighHigh_Base_3gene  [OK]
    Nuclear_MixedA_Base_3gene  [OK]
    Nuclear_MixedA_Aggressive_3gene  [OK]
    Nuclear_MixedB_Base_3gene  [OK]
    Nuclear_MixedB_Aggressive_3gene  [OK]
    ThreeGeneration_LowHigh_Base_3gene  [OK]
    ThreeGeneration_LowHigh_Aggressive_3gene  [OK]
    ThreeGeneration_MediumEven_Base_3gene  [OK]
    ThreeGeneration_LowLow_Base_3gene  [OK]
    ThreeGeneration_LowLow_Aggressive_3gene  [OK]
    ThreeGeneration_HighHigh_Base_3gene  [OK]
    ThreeGeneration_MixedA_Base_3gene  [OK]
    ThreeGeneration_MixedA_Aggressive_3gene  [OK]
    ThreeGeneration_MixedB_Base_3gene  [OK]
    ThreeGeneration_MixedB_Aggressive_3gene  [OK]

[2] Loading training data and computing Q* labels:
    Trio_LowHigh_Base_3gene: 4,872 states — computing Q* labels...
      done in 0.1s
    Trio_LowHigh_Aggressive_3gene: 4,872 states — computing Q* labels...
      done in 0.2s
    Trio_MediumEven_Base_3gene: 4,872 states — computing Q* labels...
      done in 0.1s
    Trio_LowLow_Base_3gene: 4,872 states — computing Q* labels...
      done in 0.1s
    Trio_LowLow_Aggressive_3gene: 4,872 states — computing Q* labels...
      done in 0.1s
    Trio_HighHigh_Base_3gene: 4,872 states — computing Q* labels...
      done in 0.1s
    Trio_MixedA_Base_3gene: 4,872 states — computing Q* labels...
      done in 0.1s
    Trio_MixedA_Aggressive_3gene: 4,872 states — computing Q* labels...
      done in 0.1s
    Trio_MixedB_Base_3gene: 4,872 states — computing Q* labels...
      done in 0.1s
    Trio_MixedB_Aggressive_3gene: 4,872 states — computing Q* labels...
      done in 0.1s
    Nuclear_LowHigh_Base_3gene: 43,904 states — computing Q* labels...
      done in 1.4s
    Nuclear_LowHigh_Aggressive_3gene: 43,904 states — computing Q* labels...
      done in 1.3s
    Nuclear_MediumEven_Base_3gene: 43,904 states — computing Q* labels...
      done in 1.4s
    Nuclear_LowLow_Base_3gene: 43,904 states — computing Q* labels...
      done in 1.4s
    Nuclear_LowLow_Aggressive_3gene: 43,904 states — computing Q* labels...
      done in 1.3s
    Nuclear_HighHigh_Base_3gene: 43,904 states — computing Q* labels...
      done in 1.4s
    Nuclear_MixedA_Base_3gene: 43,904 states — computing Q* labels...
      done in 1.2s
    Nuclear_MixedA_Aggressive_3gene: 43,904 states — computing Q* labels...
      done in 1.4s
    Nuclear_MixedB_Base_3gene: 43,904 states — computing Q* labels...
      done in 1.3s
    Nuclear_MixedB_Aggressive_3gene: 43,904 states — computing Q* labels...
      done in 1.4s
    ThreeGeneration_LowHigh_Base_3gene: 1,054,528 states — computing Q* labels...
      done in 40.2s
    ThreeGeneration_LowHigh_Aggressive_3gene: 1,054,528 states — computing Q* labels...
      done in 42.2s
    ThreeGeneration_MediumEven_Base_3gene: 1,054,528 states — computing Q* labels...
      done in 39.9s
    ThreeGeneration_LowLow_Base_3gene: 1,054,528 states — computing Q* labels...
      done in 39.8s
    ThreeGeneration_LowLow_Aggressive_3gene: 1,054,528 states — computing Q* labels...
      done in 40.7s
    ThreeGeneration_HighHigh_Base_3gene: 1,054,528 states — computing Q* labels...
      done in 40.5s
    ThreeGeneration_MixedA_Base_3gene: 1,054,528 states — computing Q* labels...
      done in 38.8s
    ThreeGeneration_MixedA_Aggressive_3gene: 1,054,528 states — computing Q* labels...
      done in 41.8s
    ThreeGeneration_MixedB_Base_3gene: 1,054,528 states — computing Q* labels...
      done in 39.7s
    ThreeGeneration_MixedB_Aggressive_3gene: 1,054,528 states — computing Q* labels...
      done in 38.7s
    [Trio] 48,720 states  15,800 valid Q* entries
    [Nuclear] 439,040 states  225,640 valid Q* entries
    [ThreeGeneration] 10,545,280 states  6,239,160 valid Q* entries
    Total training states: 11,033,040
    Verification written → /net/projects/ranalab/rajhansini/replication_16features/ground-up-experiments/step9_gnn_3gene/results/verify.log

[3] Training GNN:
    Starting fresh (0/500)

============================================================
[TRAIN] 2026-07-10T10:45:24.218931
============================================================
node_feat_dim=10  cost_dim=11  device=cpu  epochs=500
train configs: 30  test configs: 6
Output: Q*(s, i) per person per state (action-conditioned)

[1] Cache check (train configs):
    Trio_LowHigh_Base_3gene  [OK]
    Trio_LowHigh_Aggressive_3gene  [OK]
    Trio_MediumEven_Base_3gene  [OK]
    Trio_LowLow_Base_3gene  [OK]
    Trio_LowLow_Aggressive_3gene  [OK]
    Trio_HighHigh_Base_3gene  [OK]
    Trio_MixedA_Base_3gene  [OK]
    Trio_MixedA_Aggressive_3gene  [OK]
    Trio_MixedB_Base_3gene  [OK]
    Trio_MixedB_Aggressive_3gene  [OK]
    Nuclear_LowHigh_Base_3gene  [OK]
    Nuclear_LowHigh_Aggressive_3gene  [OK]
    Nuclear_MediumEven_Base_3gene  [OK]
    Nuclear_LowLow_Base_3gene  [OK]
    Nuclear_LowLow_Aggressive_3gene  [OK]
    Nuclear_HighHigh_Base_3gene  [OK]
    Nuclear_MixedA_Base_3gene  [OK]
    Nuclear_MixedA_Aggressive_3gene  [OK]
    Nuclear_MixedB_Base_3gene  [OK]
    Nuclear_MixedB_Aggressive_3gene  [OK]
    ThreeGeneration_LowHigh_Base_3gene  [OK]
    ThreeGeneration_LowHigh_Aggressive_3gene  [OK]
    ThreeGeneration_MediumEven_Base_3gene  [OK]
    ThreeGeneration_LowLow_Base_3gene  [OK]
    ThreeGeneration_LowLow_Aggressive_3gene  [OK]
    ThreeGeneration_HighHigh_Base_3gene  [OK]
    ThreeGeneration_MixedA_Base_3gene  [OK]
    ThreeGeneration_MixedA_Aggressive_3gene  [OK]
    ThreeGeneration_MixedB_Base_3gene  [OK]
    ThreeGeneration_MixedB_Aggressive_3gene  [OK]

[2] Loading training data and computing Q* labels:
    Trio_LowHigh_Base_3gene: 4,872 states — computing Q* labels...
      done in 0.2s
    Trio_LowHigh_Aggressive_3gene: 4,872 states — computing Q* labels...
      done in 0.2s
    Trio_MediumEven_Base_3gene: 4,872 states — computing Q* labels...
      done in 0.1s
    Trio_LowLow_Base_3gene: 4,872 states — computing Q* labels...
      done in 0.2s
    Trio_LowLow_Aggressive_3gene: 4,872 states — computing Q* labels...
      done in 0.2s
    Trio_HighHigh_Base_3gene: 4,872 states — computing Q* labels...
      done in 0.2s
    Trio_MixedA_Base_3gene: 4,872 states — computing Q* labels...
      done in 0.2s
    Trio_MixedA_Aggressive_3gene: 4,872 states — computing Q* labels...
      done in 0.2s
    Trio_MixedB_Base_3gene: 4,872 states — computing Q* labels...
      done in 0.2s
    Trio_MixedB_Aggressive_3gene: 4,872 states — computing Q* labels...
      done in 0.1s
    Nuclear_LowHigh_Base_3gene: 43,904 states — computing Q* labels...
      done in 1.8s
    Nuclear_LowHigh_Aggressive_3gene: 43,904 states — computing Q* labels...
      done in 1.4s
    Nuclear_MediumEven_Base_3gene: 43,904 states — computing Q* labels...
      done in 1.7s
    Nuclear_LowLow_Base_3gene: 43,904 states — computing Q* labels...
      done in 1.7s
    Nuclear_LowLow_Aggressive_3gene: 43,904 states — computing Q* labels...
      done in 1.5s
    Nuclear_HighHigh_Base_3gene: 43,904 states — computing Q* labels...
      done in 1.6s
    Nuclear_MixedA_Base_3gene: 43,904 states — computing Q* labels...
      done in 1.5s
    Nuclear_MixedA_Aggressive_3gene: 43,904 states — computing Q* labels...
      done in 1.6s
    Nuclear_MixedB_Base_3gene: 43,904 states — computing Q* labels...
      done in 1.5s
    Nuclear_MixedB_Aggressive_3gene: 43,904 states — computing Q* labels...
      done in 1.6s
    ThreeGeneration_LowHigh_Base_3gene: 1,054,528 states — computing Q* labels...
      done in 50.8s
    ThreeGeneration_LowHigh_Aggressive_3gene: 1,054,528 states — computing Q* labels...
      done in 51.5s
    ThreeGeneration_MediumEven_Base_3gene: 1,054,528 states — computing Q* labels...
      done in 47.1s
    ThreeGeneration_LowLow_Base_3gene: 1,054,528 states — computing Q* labels...
      done in 46.6s
    ThreeGeneration_LowLow_Aggressive_3gene: 1,054,528 states — computing Q* labels...
      done in 48.4s
    ThreeGeneration_HighHigh_Base_3gene: 1,054,528 states — computing Q* labels...
      done in 48.3s
    ThreeGeneration_MixedA_Base_3gene: 1,054,528 states — computing Q* labels...
      done in 46.8s
    ThreeGeneration_MixedA_Aggressive_3gene: 1,054,528 states — computing Q* labels...
      done in 50.7s
    ThreeGeneration_MixedB_Base_3gene: 1,054,528 states — computing Q* labels...
      done in 48.8s
    ThreeGeneration_MixedB_Aggressive_3gene: 1,054,528 states — computing Q* labels...
      done in 48.3s
    [Trio] 48,720 states  15,800 valid Q* entries
    [Nuclear] 439,040 states  225,640 valid Q* entries
    [ThreeGeneration] 10,545,280 states  6,239,160 valid Q* entries
    Total training states: 11,033,040
    Verification written → /net/projects/ranalab/rajhansini/replication_16features/ground-up-experiments/step9_gnn_3gene/results/verify.log

[3] Training GNN:
    Starting fresh (0/500)

============================================================
[TRAIN] 2026-07-10T14:45:44.056021
============================================================
node_feat_dim=10  cost_dim=11  device=cpu  epochs=500
train configs: 30  test configs: 6
Output: Q*(s, i) per person per state (action-conditioned)

[1] Cache check (train configs):
    Trio_LowHigh_Base_3gene  [OK]
    Trio_LowHigh_Aggressive_3gene  [OK]
    Trio_MediumEven_Base_3gene  [OK]
    Trio_LowLow_Base_3gene  [OK]
    Trio_LowLow_Aggressive_3gene  [OK]
    Trio_HighHigh_Base_3gene  [OK]
    Trio_MixedA_Base_3gene  [OK]
    Trio_MixedA_Aggressive_3gene  [OK]
    Trio_MixedB_Base_3gene  [OK]
    Trio_MixedB_Aggressive_3gene  [OK]
    Nuclear_LowHigh_Base_3gene  [OK]
    Nuclear_LowHigh_Aggressive_3gene  [OK]
    Nuclear_MediumEven_Base_3gene  [OK]
    Nuclear_LowLow_Base_3gene  [OK]
    Nuclear_LowLow_Aggressive_3gene  [OK]
    Nuclear_HighHigh_Base_3gene  [OK]
    Nuclear_MixedA_Base_3gene  [OK]
    Nuclear_MixedA_Aggressive_3gene  [OK]
    Nuclear_MixedB_Base_3gene  [OK]
    Nuclear_MixedB_Aggressive_3gene  [OK]
    ThreeGeneration_LowHigh_Base_3gene  [OK]
    ThreeGeneration_LowHigh_Aggressive_3gene  [OK]
    ThreeGeneration_MediumEven_Base_3gene  [OK]
    ThreeGeneration_LowLow_Base_3gene  [OK]
    ThreeGeneration_LowLow_Aggressive_3gene  [OK]
    ThreeGeneration_HighHigh_Base_3gene  [OK]
    ThreeGeneration_MixedA_Base_3gene  [OK]
    ThreeGeneration_MixedA_Aggressive_3gene  [OK]
    ThreeGeneration_MixedB_Base_3gene  [OK]
    ThreeGeneration_MixedB_Aggressive_3gene  [OK]

[2] Loading training data and computing Q* labels:
    Trio_LowHigh_Base_3gene: 4,872 states — computing Q* labels...
      done in 0.2s
    Trio_LowHigh_Aggressive_3gene: 4,872 states — computing Q* labels...
      done in 0.2s
    Trio_MediumEven_Base_3gene: 4,872 states — computing Q* labels...
      done in 0.1s
    Trio_LowLow_Base_3gene: 4,872 states — computing Q* labels...
      done in 0.2s
    Trio_LowLow_Aggressive_3gene: 4,872 states — computing Q* labels...
      done in 0.2s
    Trio_HighHigh_Base_3gene: 4,872 states — computing Q* labels...
      done in 0.1s
    Trio_MixedA_Base_3gene: 4,872 states — computing Q* labels...
      done in 0.1s
    Trio_MixedA_Aggressive_3gene: 4,872 states — computing Q* labels...
      done in 0.2s
    Trio_MixedB_Base_3gene: 4,872 states — computing Q* labels...
      done in 0.2s
    Trio_MixedB_Aggressive_3gene: 4,872 states — computing Q* labels...
      done in 0.1s
    Nuclear_LowHigh_Base_3gene: 43,904 states — computing Q* labels...
      done in 1.7s
    Nuclear_LowHigh_Aggressive_3gene: 43,904 states — computing Q* labels...
      done in 1.4s
    Nuclear_MediumEven_Base_3gene: 43,904 states — computing Q* labels...
      done in 1.7s
    Nuclear_LowLow_Base_3gene: 43,904 states — computing Q* labels...
      done in 1.6s
    Nuclear_LowLow_Aggressive_3gene: 43,904 states — computing Q* labels...
      done in 1.5s
    Nuclear_HighHigh_Base_3gene: 43,904 states — computing Q* labels...
      done in 1.7s
    Nuclear_MixedA_Base_3gene: 43,904 states — computing Q* labels...
      done in 1.5s
    Nuclear_MixedA_Aggressive_3gene: 43,904 states — computing Q* labels...
      done in 1.6s
    Nuclear_MixedB_Base_3gene: 43,904 states — computing Q* labels...
      done in 1.5s
    Nuclear_MixedB_Aggressive_3gene: 43,904 states — computing Q* labels...
      done in 1.6s
    ThreeGeneration_LowHigh_Base_3gene: 1,054,528 states — computing Q* labels...
      done in 47.9s
    ThreeGeneration_LowHigh_Aggressive_3gene: 1,054,528 states — computing Q* labels...
      done in 50.2s
    ThreeGeneration_MediumEven_Base_3gene: 1,054,528 states — computing Q* labels...
      done in 46.2s
    ThreeGeneration_LowLow_Base_3gene: 1,054,528 states — computing Q* labels...
      done in 47.0s
    ThreeGeneration_LowLow_Aggressive_3gene: 1,054,528 states — computing Q* labels...
      done in 48.3s
    ThreeGeneration_HighHigh_Base_3gene: 1,054,528 states — computing Q* labels...
      done in 47.9s
    ThreeGeneration_MixedA_Base_3gene: 1,054,528 states — computing Q* labels...
      done in 45.4s
    ThreeGeneration_MixedA_Aggressive_3gene: 1,054,528 states — computing Q* labels...
      done in 49.4s
    ThreeGeneration_MixedB_Base_3gene: 1,054,528 states — computing Q* labels...
      done in 47.2s
    ThreeGeneration_MixedB_Aggressive_3gene: 1,054,528 states — computing Q* labels...
      done in 45.6s
    [Trio] 48,720 states  15,800 valid Q* entries
    [Nuclear] 439,040 states  225,640 valid Q* entries
    [ThreeGeneration] 10,545,280 states  6,239,160 valid Q* entries
    Total training states: 11,033,040
    Verification written → /net/projects/ranalab/rajhansini/replication_16features/ground-up-experiments/step9_gnn_3gene/results/verify.log

[3] Training GNN:
    Resumed from checkpoint epoch 50/500
