[model_vs_dp] 2026-07-22T22:24:13.869243  genes=3  seed=2  variant=ce_reweighted  model=mlp
output -> /net/projects/ranalab/rajhansini/replication_16features/fixing_gnn_q/results/3gene/ce_reweighted/mlp/seed2
loaded /net/projects/ranalab/rajhansini/replication_16features/fixing_gnn_q/results/mlp_q_ce_reweighted/seed_runs/seed2/mlp_q_ce_rw.pt  params=1249

================================================================================
ThreeGeneration_LowHigh_Base_3gene
================================================================================
  step state                                             MLP             DP (ground truth)   match
  0    root                                              TEST Father     TEST Grandfather    NO
  1    {Father:(0, 0, 0)}                                TEST Mother     TEST Grandfather    NO
  2    {Father:(0, 0, 0), Mother:(0, 0, 0)}              TEST GrandfatherTEST Grandfather    YES
  3    {Father:(0, 0, 0), Grandfather:(0, 0, 0), Mother:(0, 0, 0)}STOP            TEST Grandmother    NO
  agreement with DP (ground truth): 1/4 = 0.250

================================================================================
ThreeGeneration_LowHigh_Aggressive_3gene
================================================================================
  step state                                             MLP             DP (ground truth)   match
  0    root                                              TEST Father     TEST Grandfather    NO
  1    {Father:(0, 0, 0)}                                TEST Mother     TEST Grandfather    NO
  2    {Father:(0, 0, 0), Mother:(0, 0, 0)}              TEST GrandfatherTEST Grandfather    YES
  3    {Father:(0, 0, 0), Grandfather:(0, 0, 0), Mother:(0, 0, 0)}TEST Child      TEST Grandmother    NO
  4    {Child:(0, 0, 0), Father:(0, 0, 0), Grandfather:(0, 0, 0), Mother:(0, 0, 0)}TEST GrandmotherTEST Grandmother    YES
  5    {Child:(0, 0, 0), Father:(0, 0, 0), Grandfather:(0, 0, 0), Grandmother:(0, 0, 0), Mother:(0, 0, 0)}STOP            STOP                YES
  agreement with DP (ground truth): 3/6 = 0.500

================================================================================
ThreeGeneration_MediumEven_Base_3gene
================================================================================
  step state                                             MLP             DP (ground truth)   match
  0    root                                              TEST Father     TEST Grandfather    NO
  1    {Father:(0, 0, 0)}                                TEST Mother     TEST Mother         YES
  2    {Father:(0, 0, 0), Mother:(0, 0, 0)}              TEST GrandfatherTEST Grandfather    YES
  3    {Father:(0, 0, 0), Grandfather:(0, 0, 0), Mother:(0, 0, 0)}STOP            TEST Grandmother    NO
  agreement with DP (ground truth): 2/4 = 0.500

================================================================================
ThreeGeneration_MediumEven_Aggressive_3gene
================================================================================
  step state                                             MLP             DP (ground truth)   match
  0    root                                              TEST Father     TEST Grandfather    NO
  1    {Father:(0, 0, 0)}                                TEST Mother     TEST Mother         YES
  2    {Father:(0, 0, 0), Mother:(0, 0, 0)}              TEST GrandfatherTEST Grandfather    YES
  3    {Father:(0, 0, 0), Grandfather:(0, 0, 0), Mother:(0, 0, 0)}TEST Child      TEST Grandmother    NO
  4    {Child:(0, 0, 0), Father:(0, 0, 0), Grandfather:(0, 0, 0), Mother:(0, 0, 0)}TEST GrandmotherTEST Grandmother    YES
  5    {Child:(0, 0, 0), Father:(0, 0, 0), Grandfather:(0, 0, 0), Grandmother:(0, 0, 0), Mother:(0, 0, 0)}STOP            STOP                YES
  agreement with DP (ground truth): 4/6 = 0.667

================================================================================
ThreeGeneration_LowLow_Base_3gene
================================================================================
  step state                                             MLP             DP (ground truth)   match
  0    root                                              TEST Father     TEST Father         YES
  1    {Father:(0, 0, 0)}                                TEST Child      TEST Mother         NO
  2    {Child:(0, 0, 0), Father:(0, 0, 0)}               TEST GrandfatherSTOP                NO
  3    {Child:(0, 0, 0), Father:(0, 0, 0), Grandfather:(0, 0, 0)}STOP            STOP                YES
  agreement with DP (ground truth): 2/4 = 0.500

================================================================================
ThreeGeneration_LowLow_Aggressive_3gene
================================================================================
  step state                                             MLP             DP (ground truth)   match
  0    root                                              TEST Father     TEST Grandfather    NO
  1    {Father:(0, 0, 0)}                                TEST Child      TEST Mother         NO
  2    {Child:(0, 0, 0), Father:(0, 0, 0)}               TEST GrandfatherSTOP                NO
  3    {Child:(0, 0, 0), Father:(0, 0, 0), Grandfather:(0, 0, 0)}STOP            STOP                YES
  agreement with DP (ground truth): 1/4 = 0.250

================================================================================
ThreeGeneration_HighHigh_Base_3gene
================================================================================
  step state                                             MLP             DP (ground truth)   match
  0    root                                              TEST GrandfatherTEST Grandfather    YES
  1    {Grandfather:(0, 0, 0)}                           TEST GrandmotherTEST Child          NO
  2    {Grandfather:(0, 0, 0), Grandmother:(0, 0, 0)}    TEST Father     TEST Child          NO
  3    {Father:(0, 0, 0), Grandfather:(0, 0, 0), Grandmother:(0, 0, 0)}TEST Mother     TEST Child          NO
  4    {Father:(0, 0, 0), Grandfather:(0, 0, 0), Grandmother:(0, 0, 0), Mother:(0, 0, 0)}STOP            STOP                YES
  agreement with DP (ground truth): 2/5 = 0.400

================================================================================
ThreeGeneration_HighHigh_Aggressive_3gene
================================================================================
  step state                                             MLP             DP (ground truth)   match
  0    root                                              TEST GrandfatherTEST Grandfather    YES
  1    {Grandfather:(0, 0, 0)}                           TEST GrandmotherTEST Grandmother    YES
  2    {Grandfather:(0, 0, 0), Grandmother:(0, 0, 0)}    TEST Father     TEST Mother         NO
  3    {Father:(0, 0, 0), Grandfather:(0, 0, 0), Grandmother:(0, 0, 0)}TEST Mother     TEST Mother         YES
  4    {Father:(0, 0, 0), Grandfather:(0, 0, 0), Grandmother:(0, 0, 0), Mother:(0, 0, 0)}STOP            STOP                YES
  agreement with DP (ground truth): 4/5 = 0.800

================================================================================
ThreeGeneration_MixedA_Base_3gene
================================================================================
  step state                                             MLP             DP (ground truth)   match
  0    root                                              TEST Father     TEST Grandfather    NO
  1    {Father:(0, 0, 0)}                                TEST Mother     TEST Mother         YES
  2    {Father:(0, 0, 0), Mother:(0, 0, 0)}              TEST GrandfatherTEST Grandfather    YES
  3    {Father:(0, 0, 0), Grandfather:(0, 0, 0), Mother:(0, 0, 0)}STOP            TEST Grandmother    NO
  agreement with DP (ground truth): 2/4 = 0.500

================================================================================
ThreeGeneration_MixedA_Aggressive_3gene
================================================================================
  step state                                             MLP             DP (ground truth)   match
  0    root                                              TEST Father     TEST Grandfather    NO
  1    {Father:(0, 0, 0)}                                TEST Mother     TEST Mother         YES
  2    {Father:(0, 0, 0), Mother:(0, 0, 0)}              TEST GrandfatherTEST Grandfather    YES
  3    {Father:(0, 0, 0), Grandfather:(0, 0, 0), Mother:(0, 0, 0)}TEST Child      TEST Grandmother    NO
  4    {Child:(0, 0, 0), Father:(0, 0, 0), Grandfather:(0, 0, 0), Mother:(0, 0, 0)}TEST GrandmotherTEST Grandmother    YES
  5    {Child:(0, 0, 0), Father:(0, 0, 0), Grandfather:(0, 0, 0), Grandmother:(0, 0, 0), Mother:(0, 0, 0)}STOP            STOP                YES
  agreement with DP (ground truth): 4/6 = 0.667

================================================================================
ThreeGeneration_MixedB_Base_3gene
================================================================================
  step state                                             MLP             DP (ground truth)   match
  0    root                                              TEST Father     TEST Grandfather    NO
  1    {Father:(0, 0, 0)}                                TEST Mother     TEST Grandfather    NO
  2    {Father:(0, 0, 0), Mother:(0, 0, 0)}              TEST GrandfatherTEST Grandfather    YES
  3    {Father:(0, 0, 0), Grandfather:(0, 0, 0), Mother:(0, 0, 0)}STOP            TEST Grandmother    NO
  agreement with DP (ground truth): 1/4 = 0.250

================================================================================
ThreeGeneration_MixedB_Aggressive_3gene
================================================================================
  step state                                             MLP             DP (ground truth)   match
  0    root                                              TEST Father     TEST Grandfather    NO
  1    {Father:(0, 0, 0)}                                TEST Mother     TEST Grandfather    NO
  2    {Father:(0, 0, 0), Mother:(0, 0, 0)}              TEST GrandfatherTEST Grandfather    YES
  3    {Father:(0, 0, 0), Grandfather:(0, 0, 0), Mother:(0, 0, 0)}TEST Child      TEST Grandmother    NO
  4    {Child:(0, 0, 0), Father:(0, 0, 0), Grandfather:(0, 0, 0), Mother:(0, 0, 0)}TEST GrandmotherTEST Grandmother    YES
  5    {Child:(0, 0, 0), Father:(0, 0, 0), Grandfather:(0, 0, 0), Grandmother:(0, 0, 0), Mother:(0, 0, 0)}STOP            STOP                YES
  agreement with DP (ground truth): 3/6 = 0.500

================================================================================
OVERALL
  agreement with DP (ground truth): 29/58 = 0.500
  root-state agreement:             3/12 = 0.250
saved -> /net/projects/ranalab/rajhansini/replication_16features/fixing_gnn_q/results/3gene/ce_reweighted/mlp/seed2/model_vs_dp.json
saved -> /net/projects/ranalab/rajhansini/replication_16features/fixing_gnn_q/results/3gene/ce_reweighted/mlp/seed2/model_vs_dp.log
